<?xml version="1.0" encoding="ISO-8859-1" ?>
<link_info>
   <banner>TI ARM Linker PC v20.2.5.LTS</banner>
   <copyright>Copyright (c) 1996-2018 Texas Instruments Incorporated</copyright>
   <link_time>0x61afb63b</link_time>
   <link_errors>0x0</link_errors>
   <output_file>FINAL.out</output_file>
   <entry_point>
      <name>_c_int00_noargs</name>
      <address>0x17b41</address>
   </entry_point>
   <input_file_list>
      <input_file id="fl-2">
         <path>.\</path>
         <kind>object</kind>
         <file>Bump.obj</file>
         <name>Bump.obj</name>
      </input_file>
      <input_file id="fl-3">
         <path>.\</path>
         <kind>object</kind>
         <file>Clock.obj</file>
         <name>Clock.obj</name>
      </input_file>
      <input_file id="fl-4">
         <path>.\</path>
         <kind>object</kind>
         <file>FSM.obj</file>
         <name>FSM.obj</name>
      </input_file>
      <input_file id="fl-5">
         <path>.\</path>
         <kind>object</kind>
         <file>FSM2.obj</file>
         <name>FSM2.obj</name>
      </input_file>
      <input_file id="fl-6">
         <path>.\</path>
         <kind>object</kind>
         <file>LED.obj</file>
         <name>LED.obj</name>
      </input_file>
      <input_file id="fl-7">
         <path>.\</path>
         <kind>object</kind>
         <file>Motor.obj</file>
         <name>Motor.obj</name>
      </input_file>
      <input_file id="fl-8">
         <path>.\</path>
         <kind>object</kind>
         <file>Nokia5110.obj</file>
         <name>Nokia5110.obj</name>
      </input_file>
      <input_file id="fl-9">
         <path>.\</path>
         <kind>object</kind>
         <file>PWM.obj</file>
         <name>PWM.obj</name>
      </input_file>
      <input_file id="fl-a">
         <path>.\</path>
         <kind>object</kind>
         <file>Reflectance.obj</file>
         <name>Reflectance.obj</name>
      </input_file>
      <input_file id="fl-b">
         <path>.\</path>
         <kind>object</kind>
         <file>TimerA1.obj</file>
         <name>TimerA1.obj</name>
      </input_file>
      <input_file id="fl-c">
         <path>.\</path>
         <kind>object</kind>
         <file>adc14.obj</file>
         <name>adc14.obj</name>
      </input_file>
      <input_file id="fl-d">
         <path>.\</path>
         <kind>object</kind>
         <file>aes256.obj</file>
         <name>aes256.obj</name>
      </input_file>
      <input_file id="fl-e">
         <path>.\</path>
         <kind>object</kind>
         <file>bmi160.obj</file>
         <name>bmi160.obj</name>
      </input_file>
      <input_file id="fl-f">
         <path>.\</path>
         <kind>object</kind>
         <file>bmi160_support.obj</file>
         <name>bmi160_support.obj</name>
      </input_file>
      <input_file id="fl-10">
         <path>.\</path>
         <kind>object</kind>
         <file>comp_e.obj</file>
         <name>comp_e.obj</name>
      </input_file>
      <input_file id="fl-11">
         <path>.\</path>
         <kind>object</kind>
         <file>cpu.obj</file>
         <name>cpu.obj</name>
      </input_file>
      <input_file id="fl-12">
         <path>.\</path>
         <kind>object</kind>
         <file>crc32.obj</file>
         <name>crc32.obj</name>
      </input_file>
      <input_file id="fl-13">
         <path>.\</path>
         <kind>object</kind>
         <file>cs.obj</file>
         <name>cs.obj</name>
      </input_file>
      <input_file id="fl-14">
         <path>.\</path>
         <kind>object</kind>
         <file>demo_sysctl.obj</file>
         <name>demo_sysctl.obj</name>
      </input_file>
      <input_file id="fl-15">
         <path>.\</path>
         <kind>object</kind>
         <file>dma.obj</file>
         <name>dma.obj</name>
      </input_file>
      <input_file id="fl-16">
         <path>.\</path>
         <kind>object</kind>
         <file>flash.obj</file>
         <name>flash.obj</name>
      </input_file>
      <input_file id="fl-17">
         <path>.\</path>
         <kind>object</kind>
         <file>fpu.obj</file>
         <name>fpu.obj</name>
      </input_file>
      <input_file id="fl-18">
         <path>.\</path>
         <kind>object</kind>
         <file>gpio.obj</file>
         <name>gpio.obj</name>
      </input_file>
      <input_file id="fl-19">
         <path>.\</path>
         <kind>object</kind>
         <file>i2c.obj</file>
         <name>i2c.obj</name>
      </input_file>
      <input_file id="fl-1a">
         <path>.\</path>
         <kind>object</kind>
         <file>i2c_driver.obj</file>
         <name>i2c_driver.obj</name>
      </input_file>
      <input_file id="fl-1b">
         <path>.\</path>
         <kind>object</kind>
         <file>interrupt.obj</file>
         <name>interrupt.obj</name>
      </input_file>
      <input_file id="fl-1c">
         <path>.\</path>
         <kind>object</kind>
         <file>main.obj</file>
         <name>main.obj</name>
      </input_file>
      <input_file id="fl-1d">
         <path>.\</path>
         <kind>object</kind>
         <file>mpu.obj</file>
         <name>mpu.obj</name>
      </input_file>
      <input_file id="fl-1e">
         <path>.\</path>
         <kind>object</kind>
         <file>opt3001.obj</file>
         <name>opt3001.obj</name>
      </input_file>
      <input_file id="fl-1f">
         <path>.\</path>
         <kind>object</kind>
         <file>pcm.obj</file>
         <name>pcm.obj</name>
      </input_file>
      <input_file id="fl-20">
         <path>.\</path>
         <kind>object</kind>
         <file>pmap.obj</file>
         <name>pmap.obj</name>
      </input_file>
      <input_file id="fl-21">
         <path>.\</path>
         <kind>object</kind>
         <file>pss.obj</file>
         <name>pss.obj</name>
      </input_file>
      <input_file id="fl-22">
         <path>.\</path>
         <kind>object</kind>
         <file>ref_a.obj</file>
         <name>ref_a.obj</name>
      </input_file>
      <input_file id="fl-23">
         <path>.\</path>
         <kind>object</kind>
         <file>reset.obj</file>
         <name>reset.obj</name>
      </input_file>
      <input_file id="fl-24">
         <path>.\</path>
         <kind>object</kind>
         <file>rtc_c.obj</file>
         <name>rtc_c.obj</name>
      </input_file>
      <input_file id="fl-25">
         <path>.\</path>
         <kind>object</kind>
         <file>spi.obj</file>
         <name>spi.obj</name>
      </input_file>
      <input_file id="fl-26">
         <path>.\</path>
         <kind>object</kind>
         <file>startup_msp432p401r_ccs.obj</file>
         <name>startup_msp432p401r_ccs.obj</name>
      </input_file>
      <input_file id="fl-27">
         <path>.\</path>
         <kind>object</kind>
         <file>sysctl.obj</file>
         <name>sysctl.obj</name>
      </input_file>
      <input_file id="fl-28">
         <path>.\</path>
         <kind>object</kind>
         <file>system_msp432p401r.obj</file>
         <name>system_msp432p401r.obj</name>
      </input_file>
      <input_file id="fl-29">
         <path>.\</path>
         <kind>object</kind>
         <file>systick.obj</file>
         <name>systick.obj</name>
      </input_file>
      <input_file id="fl-2a">
         <path>.\</path>
         <kind>object</kind>
         <file>timer32.obj</file>
         <name>timer32.obj</name>
      </input_file>
      <input_file id="fl-2b">
         <path>.\</path>
         <kind>object</kind>
         <file>timer_a.obj</file>
         <name>timer_a.obj</name>
      </input_file>
      <input_file id="fl-2c">
         <path>.\</path>
         <kind>object</kind>
         <file>uart.obj</file>
         <name>uart.obj</name>
      </input_file>
      <input_file id="fl-2d">
         <path>.\</path>
         <kind>object</kind>
         <file>uart_driver.obj</file>
         <name>uart_driver.obj</name>
      </input_file>
      <input_file id="fl-2e">
         <path>.\</path>
         <kind>object</kind>
         <file>wdt_a.obj</file>
         <name>wdt_a.obj</name>
      </input_file>
      <input_file id="fl-32">
         <kind>object</kind>
         <file>&lt;internal&gt;</file>
         <name>&lt;internal&gt;</name>
      </input_file>
      <input_file id="fl-e8">
         <path>C:\ti\ccs1040\ccs\tools\compiler\ti-cgt-arm_20.2.5.LTS\lib\</path>
         <kind>archive</kind>
         <file>rtsv7M4_T_le_v4SPD16_eabi.lib</file>
         <name>sprintf.c.obj</name>
      </input_file>
      <input_file id="fl-e9">
         <path>C:\ti\ccs1040\ccs\tools\compiler\ti-cgt-arm_20.2.5.LTS\lib\</path>
         <kind>archive</kind>
         <file>rtsv7M4_T_le_v4SPD16_eabi.lib</file>
         <name>s_exp2.c.obj</name>
      </input_file>
      <input_file id="fl-ea">
         <path>C:\ti\ccs1040\ccs\tools\compiler\ti-cgt-arm_20.2.5.LTS\lib\</path>
         <kind>archive</kind>
         <file>rtsv7M4_T_le_v4SPD16_eabi.lib</file>
         <name>fd_add_t2.asm.obj</name>
      </input_file>
      <input_file id="fl-eb">
         <path>C:\ti\ccs1040\ccs\tools\compiler\ti-cgt-arm_20.2.5.LTS\lib\</path>
         <kind>archive</kind>
         <file>rtsv7M4_T_le_v4SPD16_eabi.lib</file>
         <name>fd_cmp_t2.asm.obj</name>
      </input_file>
      <input_file id="fl-ec">
         <path>C:\ti\ccs1040\ccs\tools\compiler\ti-cgt-arm_20.2.5.LTS\lib\</path>
         <kind>archive</kind>
         <file>rtsv7M4_T_le_v4SPD16_eabi.lib</file>
         <name>fd_div_t2.asm.obj</name>
      </input_file>
      <input_file id="fl-ed">
         <path>C:\ti\ccs1040\ccs\tools\compiler\ti-cgt-arm_20.2.5.LTS\lib\</path>
         <kind>archive</kind>
         <file>rtsv7M4_T_le_v4SPD16_eabi.lib</file>
         <name>fd_mul_t2.asm.obj</name>
      </input_file>
      <input_file id="fl-ee">
         <path>C:\ti\ccs1040\ccs\tools\compiler\ti-cgt-arm_20.2.5.LTS\lib\</path>
         <kind>archive</kind>
         <file>rtsv7M4_T_le_v4SPD16_eabi.lib</file>
         <name>fd_tos_t2.asm.obj</name>
      </input_file>
      <input_file id="fl-ef">
         <path>C:\ti\ccs1040\ccs\tools\compiler\ti-cgt-arm_20.2.5.LTS\lib\</path>
         <kind>archive</kind>
         <file>rtsv7M4_T_le_v4SPD16_eabi.lib</file>
         <name>fd_tou_t2.asm.obj</name>
      </input_file>
      <input_file id="fl-f0">
         <path>C:\ti\ccs1040\ccs\tools\compiler\ti-cgt-arm_20.2.5.LTS\lib\</path>
         <kind>archive</kind>
         <file>rtsv7M4_T_le_v4SPD16_eabi.lib</file>
         <name>memcpy_t2.asm.obj</name>
      </input_file>
      <input_file id="fl-f1">
         <path>C:\ti\ccs1040\ccs\tools\compiler\ti-cgt-arm_20.2.5.LTS\lib\</path>
         <kind>archive</kind>
         <file>rtsv7M4_T_le_v4SPD16_eabi.lib</file>
         <name>u_tofd_t2.asm.obj</name>
      </input_file>
      <input_file id="fl-f2">
         <path>C:\ti\ccs1040\ccs\tools\compiler\ti-cgt-arm_20.2.5.LTS\lib\</path>
         <kind>archive</kind>
         <file>rtsv7M4_T_le_v4SPD16_eabi.lib</file>
         <name>memset_t2.asm.obj</name>
      </input_file>
      <input_file id="fl-f3">
         <path>C:\ti\ccs1040\ccs\tools\compiler\ti-cgt-arm_20.2.5.LTS\lib\</path>
         <kind>archive</kind>
         <file>rtsv7M4_T_le_v4SPD16_eabi.lib</file>
         <name>copy_zero_init.c.obj</name>
      </input_file>
      <input_file id="fl-f4">
         <path>C:\ti\ccs1040\ccs\tools\compiler\ti-cgt-arm_20.2.5.LTS\lib\</path>
         <kind>archive</kind>
         <file>rtsv7M4_T_le_v4SPD16_eabi.lib</file>
         <name>copy_decompress_none.c.obj</name>
      </input_file>
      <input_file id="fl-f5">
         <path>C:\ti\ccs1040\ccs\tools\compiler\ti-cgt-arm_20.2.5.LTS\lib\</path>
         <kind>archive</kind>
         <file>rtsv7M4_T_le_v4SPD16_eabi.lib</file>
         <name>copy_decompress_lzss.c.obj</name>
      </input_file>
      <input_file id="fl-f6">
         <path>C:\ti\ccs1040\ccs\tools\compiler\ti-cgt-arm_20.2.5.LTS\lib\</path>
         <kind>archive</kind>
         <file>rtsv7M4_T_le_v4SPD16_eabi.lib</file>
         <name>strncpy.c.obj</name>
      </input_file>
      <input_file id="fl-f7">
         <path>C:\ti\ccs1040\ccs\tools\compiler\ti-cgt-arm_20.2.5.LTS\lib\</path>
         <kind>archive</kind>
         <file>rtsv7M4_T_le_v4SPD16_eabi.lib</file>
         <name>errno.c.obj</name>
      </input_file>
      <input_file id="fl-f8">
         <path>C:\ti\ccs1040\ccs\tools\compiler\ti-cgt-arm_20.2.5.LTS\lib\</path>
         <kind>archive</kind>
         <file>rtsv7M4_T_le_v4SPD16_eabi.lib</file>
         <name>boot_cortex_m.c.obj</name>
      </input_file>
      <input_file id="fl-f9">
         <path>C:\ti\ccs1040\ccs\tools\compiler\ti-cgt-arm_20.2.5.LTS\lib\</path>
         <kind>archive</kind>
         <file>rtsv7M4_T_le_v4SPD16_eabi.lib</file>
         <name>_printfi.c.obj</name>
      </input_file>
      <input_file id="fl-fa">
         <path>C:\ti\ccs1040\ccs\tools\compiler\ti-cgt-arm_20.2.5.LTS\lib\</path>
         <kind>archive</kind>
         <file>rtsv7M4_T_le_v4SPD16_eabi.lib</file>
         <name>s_frexp.c.obj</name>
      </input_file>
      <input_file id="fl-fb">
         <path>C:\ti\ccs1040\ccs\tools\compiler\ti-cgt-arm_20.2.5.LTS\lib\</path>
         <kind>archive</kind>
         <file>rtsv7M4_T_le_v4SPD16_eabi.lib</file>
         <name>s_scalbn.c.obj</name>
      </input_file>
      <input_file id="fl-fc">
         <path>C:\ti\ccs1040\ccs\tools\compiler\ti-cgt-arm_20.2.5.LTS\lib\</path>
         <kind>archive</kind>
         <file>rtsv7M4_T_le_v4SPD16_eabi.lib</file>
         <name>wcslen.c.obj</name>
      </input_file>
      <input_file id="fl-fd">
         <path>C:\ti\ccs1040\ccs\tools\compiler\ti-cgt-arm_20.2.5.LTS\lib\</path>
         <kind>archive</kind>
         <file>rtsv7M4_T_le_v4SPD16_eabi.lib</file>
         <name>fd_toi_t2.asm.obj</name>
      </input_file>
      <input_file id="fl-fe">
         <path>C:\ti\ccs1040\ccs\tools\compiler\ti-cgt-arm_20.2.5.LTS\lib\</path>
         <kind>archive</kind>
         <file>rtsv7M4_T_le_v4SPD16_eabi.lib</file>
         <name>i_tofd_t2.asm.obj</name>
      </input_file>
      <input_file id="fl-ff">
         <path>C:\ti\ccs1040\ccs\tools\compiler\ti-cgt-arm_20.2.5.LTS\lib\</path>
         <kind>archive</kind>
         <file>rtsv7M4_T_le_v4SPD16_eabi.lib</file>
         <name>ull_div_t2.asm.obj</name>
      </input_file>
      <input_file id="fl-100">
         <path>C:\ti\ccs1040\ccs\tools\compiler\ti-cgt-arm_20.2.5.LTS\lib\</path>
         <kind>archive</kind>
         <file>rtsv7M4_T_le_v4SPD16_eabi.lib</file>
         <name>autoinit.c.obj</name>
      </input_file>
      <input_file id="fl-101">
         <path>C:\ti\ccs1040\ccs\tools\compiler\ti-cgt-arm_20.2.5.LTS\lib\</path>
         <kind>archive</kind>
         <file>rtsv7M4_T_le_v4SPD16_eabi.lib</file>
         <name>pre_init.c.obj</name>
      </input_file>
      <input_file id="fl-102">
         <path>C:\ti\ccs1040\ccs\tools\compiler\ti-cgt-arm_20.2.5.LTS\lib\</path>
         <kind>archive</kind>
         <file>rtsv7M4_T_le_v4SPD16_eabi.lib</file>
         <name>cpy_tbl.c.obj</name>
      </input_file>
      <input_file id="fl-103">
         <path>C:\ti\ccs1040\ccs\tools\compiler\ti-cgt-arm_20.2.5.LTS\lib\</path>
         <kind>archive</kind>
         <file>rtsv7M4_T_le_v4SPD16_eabi.lib</file>
         <name>exit.c.obj</name>
      </input_file>
      <input_file id="fl-104">
         <path>C:\ti\ccs1040\ccs\tools\compiler\ti-cgt-arm_20.2.5.LTS\lib\</path>
         <kind>archive</kind>
         <file>rtsv7M4_T_le_v4SPD16_eabi.lib</file>
         <name>_lock.c.obj</name>
      </input_file>
      <input_file id="fl-105">
         <path>C:\ti\ccs1040\ccs\tools\compiler\ti-cgt-arm_20.2.5.LTS\lib\</path>
         <kind>archive</kind>
         <file>rtsv7M4_T_le_v4SPD16_eabi.lib</file>
         <name>_ltoa.c.obj</name>
      </input_file>
      <input_file id="fl-106">
         <path>C:\ti\ccs1040\ccs\tools\compiler\ti-cgt-arm_20.2.5.LTS\lib\</path>
         <kind>archive</kind>
         <file>rtsv7M4_T_le_v4SPD16_eabi.lib</file>
         <name>args_main.c.obj</name>
      </input_file>
      <input_file id="fl-107">
         <path>C:\ti\ccs1040\ccs\tools\compiler\ti-cgt-arm_20.2.5.LTS\lib\</path>
         <kind>archive</kind>
         <file>rtsv7M4_T_le_v4SPD16_eabi.lib</file>
         <name>atoi.c.obj</name>
      </input_file>
      <input_file id="fl-108">
         <path>C:\ti\ccs1040\ccs\tools\compiler\ti-cgt-arm_20.2.5.LTS\lib\</path>
         <kind>archive</kind>
         <file>rtsv7M4_T_le_v4SPD16_eabi.lib</file>
         <name>ctype.c.obj</name>
      </input_file>
      <input_file id="fl-109">
         <path>C:\ti\ccs1040\ccs\tools\compiler\ti-cgt-arm_20.2.5.LTS\lib\</path>
         <kind>archive</kind>
         <file>rtsv7M4_T_le_v4SPD16_eabi.lib</file>
         <name>memccpy.c.obj</name>
      </input_file>
      <input_file id="fl-10a">
         <path>C:\ti\ccs1040\ccs\tools\compiler\ti-cgt-arm_20.2.5.LTS\lib\</path>
         <kind>archive</kind>
         <file>rtsv7M4_T_le_v4SPD16_eabi.lib</file>
         <name>strchr.c.obj</name>
      </input_file>
      <input_file id="fl-10b">
         <path>C:\ti\ccs1040\ccs\tools\compiler\ti-cgt-arm_20.2.5.LTS\lib\</path>
         <kind>archive</kind>
         <file>rtsv7M4_T_le_v4SPD16_eabi.lib</file>
         <name>strlen.c.obj</name>
      </input_file>
      <input_file id="fl-10c">
         <path>C:\ti\ccs1040\ccs\tools\compiler\ti-cgt-arm_20.2.5.LTS\lib\</path>
         <kind>archive</kind>
         <file>rtsv7M4_T_le_v4SPD16_eabi.lib</file>
         <name>s_copysign.c.obj</name>
      </input_file>
      <input_file id="fl-10d">
         <path>C:\ti\ccs1040\ccs\tools\compiler\ti-cgt-arm_20.2.5.LTS\lib\</path>
         <kind>archive</kind>
         <file>rtsv7M4_T_le_v4SPD16_eabi.lib</file>
         <name>div0.asm.obj</name>
      </input_file>
   </input_file_list>
   <object_component_list>
      <object_component id="oc-26">
         <name>.intvecs:retain</name>
         <load_address>0x0</load_address>
         <run_address>0x0</run_address>
         <size>0xe4</size>
         <input_file_ref idref="fl-26"/>
      </object_component>
      <object_component id="oc-187">
         <name>.text</name>
         <load_address>0xe4</load_address>
         <run_address>0xe4</run_address>
         <size>0xd5e0</size>
         <input_file_ref idref="fl-e"/>
      </object_component>
      <object_component id="oc-283">
         <name>.text</name>
         <load_address>0xd6c4</load_address>
         <run_address>0xd6c4</run_address>
         <size>0x15a8</size>
         <input_file_ref idref="fl-16"/>
      </object_component>
      <object_component id="oc-181">
         <name>.text</name>
         <load_address>0xec6c</load_address>
         <run_address>0xec6c</run_address>
         <size>0xd1c</size>
         <input_file_ref idref="fl-f"/>
      </object_component>
      <object_component id="oc-112">
         <name>.text</name>
         <load_address>0xf988</load_address>
         <run_address>0xf988</run_address>
         <size>0xc5c</size>
         <input_file_ref idref="fl-13"/>
      </object_component>
      <object_component id="oc-36e">
         <name>.text:__TI_printfi</name>
         <load_address>0x105e4</load_address>
         <run_address>0x105e4</run_address>
         <size>0xa4e</size>
         <input_file_ref idref="fl-f9"/>
      </object_component>
      <object_component id="oc-4d1">
         <name>.text</name>
         <load_address>0x11032</load_address>
         <run_address>0x11032</run_address>
         <size>0x2</size>
         <input_file_ref idref="fl-10d"/>
      </object_component>
      <object_component id="oc-157">
         <name>.text</name>
         <load_address>0x11034</load_address>
         <run_address>0x11034</run_address>
         <size>0x908</size>
         <input_file_ref idref="fl-4"/>
      </object_component>
      <object_component id="oc-11e">
         <name>.text</name>
         <load_address>0x1193c</load_address>
         <run_address>0x1193c</run_address>
         <size>0x878</size>
         <input_file_ref idref="fl-19"/>
      </object_component>
      <object_component id="oc-27d">
         <name>.text</name>
         <load_address>0x121b4</load_address>
         <run_address>0x121b4</run_address>
         <size>0x834</size>
         <input_file_ref idref="fl-1f"/>
      </object_component>
      <object_component id="oc-c4">
         <name>.text</name>
         <load_address>0x129e8</load_address>
         <run_address>0x129e8</run_address>
         <size>0x798</size>
         <input_file_ref idref="fl-2b"/>
      </object_component>
      <object_component id="oc-175">
         <name>.text</name>
         <load_address>0x13180</load_address>
         <run_address>0x13180</run_address>
         <size>0x574</size>
         <input_file_ref idref="fl-8"/>
      </object_component>
      <object_component id="oc-354">
         <name>.text</name>
         <load_address>0x136f4</load_address>
         <run_address>0x136f4</run_address>
         <size>0x554</size>
         <input_file_ref idref="fl-24"/>
      </object_component>
      <object_component id="oc-118">
         <name>.text</name>
         <load_address>0x13c48</load_address>
         <run_address>0x13c48</run_address>
         <size>0x480</size>
         <input_file_ref idref="fl-18"/>
      </object_component>
      <object_component id="oc-100">
         <name>.text</name>
         <load_address>0x140c8</load_address>
         <run_address>0x140c8</run_address>
         <size>0x448</size>
         <input_file_ref idref="fl-2c"/>
      </object_component>
      <object_component id="oc-79">
         <name>.text</name>
         <load_address>0x14510</load_address>
         <run_address>0x14510</run_address>
         <size>0x424</size>
         <input_file_ref idref="fl-1a"/>
      </object_component>
      <object_component id="oc-ca">
         <name>.text</name>
         <load_address>0x14934</load_address>
         <run_address>0x14934</run_address>
         <size>0x40c</size>
         <input_file_ref idref="fl-1b"/>
      </object_component>
      <object_component id="oc-ab">
         <name>.text</name>
         <load_address>0x14d40</load_address>
         <run_address>0x14d40</run_address>
         <size>0x36c</size>
         <input_file_ref idref="fl-1c"/>
      </object_component>
      <object_component id="oc-263">
         <name>.text</name>
         <load_address>0x150ac</load_address>
         <run_address>0x150ac</run_address>
         <size>0x33c</size>
         <input_file_ref idref="fl-a"/>
      </object_component>
      <object_component id="oc-bd">
         <name>.text</name>
         <load_address>0x153e8</load_address>
         <run_address>0x153e8</run_address>
         <size>0x334</size>
         <input_file_ref idref="fl-28"/>
      </object_component>
      <object_component id="oc-15d">
         <name>.text</name>
         <load_address>0x1571c</load_address>
         <run_address>0x1571c</run_address>
         <size>0x2b0</size>
         <input_file_ref idref="fl-5"/>
      </object_component>
      <object_component id="oc-73">
         <name>.text</name>
         <load_address>0x159cc</load_address>
         <run_address>0x159cc</run_address>
         <size>0x29c</size>
         <input_file_ref idref="fl-2d"/>
      </object_component>
      <object_component id="oc-41f">
         <name>.text:_pconv_a</name>
         <load_address>0x15c68</load_address>
         <run_address>0x15c68</run_address>
         <size>0x270</size>
         <input_file_ref idref="fl-f9"/>
      </object_component>
      <object_component id="oc-23e">
         <name>.text</name>
         <load_address>0x15ed8</load_address>
         <run_address>0x15ed8</run_address>
         <size>0x248</size>
         <input_file_ref idref="fl-27"/>
      </object_component>
      <object_component id="oc-2a1">
         <name>.text:exp2</name>
         <load_address>0x16120</load_address>
         <run_address>0x16120</run_address>
         <size>0x200</size>
         <input_file_ref idref="fl-e9"/>
      </object_component>
      <object_component id="oc-40d">
         <name>.text:_pconv_g</name>
         <load_address>0x16320</load_address>
         <run_address>0x16320</run_address>
         <size>0x1d0</size>
         <input_file_ref idref="fl-f9"/>
      </object_component>
      <object_component id="oc-f6">
         <name>.text</name>
         <load_address>0x164f0</load_address>
         <run_address>0x164f0</run_address>
         <size>0x1b6</size>
         <input_file_ref idref="fl-ea"/>
      </object_component>
      <object_component id="oc-17b">
         <name>.text</name>
         <load_address>0x166a8</load_address>
         <run_address>0x166a8</run_address>
         <size>0x16c</size>
         <input_file_ref idref="fl-1e"/>
      </object_component>
      <object_component id="oc-419">
         <name>.text:_pconv_e</name>
         <load_address>0x16814</load_address>
         <run_address>0x16814</run_address>
         <size>0x13c</size>
         <input_file_ref idref="fl-f9"/>
      </object_component>
      <object_component id="oc-e7">
         <name>.text</name>
         <load_address>0x16950</load_address>
         <run_address>0x16950</run_address>
         <size>0x136</size>
         <input_file_ref idref="fl-ec"/>
      </object_component>
      <object_component id="oc-48b">
         <name>.text:fcvt</name>
         <load_address>0x16a88</load_address>
         <run_address>0x16a88</run_address>
         <size>0x124</size>
         <input_file_ref idref="fl-f9"/>
      </object_component>
      <object_component id="oc-49f">
         <name>.text:scalbn</name>
         <load_address>0x16bac</load_address>
         <run_address>0x16bac</run_address>
         <size>0x110</size>
         <input_file_ref idref="fl-fb"/>
      </object_component>
      <object_component id="oc-16f">
         <name>.text</name>
         <load_address>0x16cbc</load_address>
         <run_address>0x16cbc</run_address>
         <size>0x102</size>
         <input_file_ref idref="fl-7"/>
      </object_component>
      <object_component id="oc-fb">
         <name>.text</name>
         <load_address>0x16dbe</load_address>
         <run_address>0x16dbe</run_address>
         <size>0xfc</size>
         <input_file_ref idref="fl-ed"/>
      </object_component>
      <object_component id="oc-7f">
         <name>.text</name>
         <load_address>0x16ebc</load_address>
         <run_address>0x16ebc</run_address>
         <size>0xe8</size>
         <input_file_ref idref="fl-2"/>
      </object_component>
      <object_component id="oc-28a">
         <name>.text</name>
         <load_address>0x16fa4</load_address>
         <run_address>0x16fa4</run_address>
         <size>0xe4</size>
         <input_file_ref idref="fl-9"/>
      </object_component>
      <object_component id="oc-163">
         <name>.text</name>
         <load_address>0x17088</load_address>
         <run_address>0x17088</run_address>
         <size>0xd8</size>
         <input_file_ref idref="fl-2e"/>
      </object_component>
      <object_component id="oc-169">
         <name>.text</name>
         <load_address>0x17160</load_address>
         <run_address>0x17160</run_address>
         <size>0xc0</size>
         <input_file_ref idref="fl-3"/>
      </object_component>
      <object_component id="oc-407">
         <name>.text:_ltostr</name>
         <load_address>0x17220</load_address>
         <run_address>0x17220</run_address>
         <size>0xb1</size>
         <input_file_ref idref="fl-f9"/>
      </object_component>
      <object_component id="oc-151">
         <name>.text</name>
         <load_address>0x172d4</load_address>
         <run_address>0x172d4</run_address>
         <size>0xa0</size>
         <input_file_ref idref="fl-6"/>
      </object_component>
      <object_component id="oc-37">
         <name>.text</name>
         <load_address>0x17374</load_address>
         <run_address>0x17374</run_address>
         <size>0x9c</size>
         <input_file_ref idref="fl-f0"/>
      </object_component>
      <object_component id="oc-468">
         <name>.text</name>
         <load_address>0x17410</load_address>
         <run_address>0x17410</run_address>
         <size>0x96</size>
         <input_file_ref idref="fl-ff"/>
      </object_component>
      <object_component id="oc-38d">
         <name>.text:__aeabi_cdcmple</name>
         <load_address>0x174a6</load_address>
         <run_address>0x174a6</run_address>
         <size>0x86</size>
         <input_file_ref idref="fl-eb"/>
      </object_component>
      <object_component id="oc-e2">
         <name>.text:__aeabi_cdrcmple</name>
         <load_address>0x1752c</load_address>
         <run_address>0x1752c</run_address>
         <size>0x86</size>
         <input_file_ref idref="fl-eb"/>
      </object_component>
      <object_component id="oc-9f">
         <name>.text</name>
         <load_address>0x175b2</load_address>
         <run_address>0x175b2</run_address>
         <size>0x7a</size>
         <input_file_ref idref="fl-f2"/>
      </object_component>
      <object_component id="oc-484">
         <name>.text:_mcpy</name>
         <load_address>0x1762c</load_address>
         <run_address>0x1762c</run_address>
         <size>0x6e</size>
         <input_file_ref idref="fl-f9"/>
      </object_component>
      <object_component id="oc-2a7">
         <name>.text</name>
         <load_address>0x1769a</load_address>
         <run_address>0x1769a</run_address>
         <size>0x6e</size>
         <input_file_ref idref="fl-ee"/>
      </object_component>
      <object_component id="oc-17">
         <name>.text:decompress:lzss:__TI_decompress_lzss</name>
         <load_address>0x17708</load_address>
         <run_address>0x17708</run_address>
         <size>0x68</size>
         <input_file_ref idref="fl-f5"/>
      </object_component>
      <object_component id="oc-499">
         <name>.text:frexp</name>
         <load_address>0x17770</load_address>
         <run_address>0x17770</run_address>
         <size>0x64</size>
         <input_file_ref idref="fl-fa"/>
      </object_component>
      <object_component id="oc-6d">
         <name>.text</name>
         <load_address>0x177d4</load_address>
         <run_address>0x177d4</run_address>
         <size>0x60</size>
         <input_file_ref idref="fl-b"/>
      </object_component>
      <object_component id="oc-413">
         <name>.text:_pconv_f</name>
         <load_address>0x17834</load_address>
         <run_address>0x17834</run_address>
         <size>0x56</size>
         <input_file_ref idref="fl-f9"/>
      </object_component>
      <object_component id="oc-473">
         <name>.text:__TI_ltoa</name>
         <load_address>0x1788a</load_address>
         <run_address>0x1788a</run_address>
         <size>0x54</size>
         <input_file_ref idref="fl-105"/>
      </object_component>
      <object_component id="oc-47e">
         <name>.text:_ecpy</name>
         <load_address>0x178de</load_address>
         <run_address>0x178de</run_address>
         <size>0x52</size>
         <input_file_ref idref="fl-f9"/>
      </object_component>
      <object_component id="oc-401">
         <name>.text:atoi</name>
         <load_address>0x17930</load_address>
         <run_address>0x17930</run_address>
         <size>0x4c</size>
         <input_file_ref idref="fl-107"/>
      </object_component>
      <object_component id="oc-46e">
         <name>.text</name>
         <load_address>0x1797c</load_address>
         <run_address>0x1797c</run_address>
         <size>0x48</size>
         <input_file_ref idref="fl-fd"/>
      </object_component>
      <object_component id="oc-1b6">
         <name>.text:__TI_auto_init_nobinit_nopinit:__TI_auto_init_nobinit_nopinit</name>
         <load_address>0x179c4</load_address>
         <run_address>0x179c4</run_address>
         <size>0x44</size>
         <input_file_ref idref="fl-100"/>
      </object_component>
      <object_component id="oc-ec">
         <name>.text</name>
         <load_address>0x17a08</load_address>
         <run_address>0x17a08</run_address>
         <size>0x44</size>
         <input_file_ref idref="fl-ef"/>
      </object_component>
      <object_component id="oc-291">
         <name>.text:sprintf</name>
         <load_address>0x17a4c</load_address>
         <run_address>0x17a4c</run_address>
         <size>0x40</size>
         <input_file_ref idref="fl-e8"/>
      </object_component>
      <object_component id="oc-491">
         <name>.text:_fcpy</name>
         <load_address>0x17a8c</load_address>
         <run_address>0x17a8c</run_address>
         <size>0x3e</size>
         <input_file_ref idref="fl-f9"/>
      </object_component>
      <object_component id="oc-1ee">
         <name>.text</name>
         <load_address>0x17aca</load_address>
         <run_address>0x17aca</run_address>
         <size>0x3e</size>
         <input_file_ref idref="fl-11"/>
      </object_component>
      <object_component id="oc-dc">
         <name>.text:strncpy</name>
         <load_address>0x17b08</load_address>
         <run_address>0x17b08</run_address>
         <size>0x36</size>
         <input_file_ref idref="fl-f6"/>
      </object_component>
      <object_component id="oc-55">
         <name>.text:_c_int00_noargs:_c_int00_noargs</name>
         <load_address>0x17b40</load_address>
         <run_address>0x17b40</run_address>
         <size>0x34</size>
         <input_file_ref idref="fl-f8"/>
      </object_component>
      <object_component id="oc-479">
         <name>.text</name>
         <load_address>0x17b74</load_address>
         <run_address>0x17b74</run_address>
         <size>0x2e</size>
         <input_file_ref idref="fl-fe"/>
      </object_component>
      <object_component id="oc-2b3">
         <name>.text</name>
         <load_address>0x17ba2</load_address>
         <run_address>0x17ba2</run_address>
         <size>0x26</size>
         <input_file_ref idref="fl-14"/>
      </object_component>
      <object_component id="oc-f1">
         <name>.text</name>
         <load_address>0x17bc8</load_address>
         <run_address>0x17bc8</run_address>
         <size>0x20</size>
         <input_file_ref idref="fl-f1"/>
      </object_component>
      <object_component id="oc-425">
         <name>.text:memccpy</name>
         <load_address>0x17be8</load_address>
         <run_address>0x17be8</run_address>
         <size>0x1c</size>
         <input_file_ref idref="fl-109"/>
      </object_component>
      <object_component id="oc-4e6">
         <name>.text:copysign</name>
         <load_address>0x17c04</load_address>
         <run_address>0x17c04</run_address>
         <size>0x1a</size>
         <input_file_ref idref="fl-10c"/>
      </object_component>
      <object_component id="oc-374">
         <name>.text:_outs</name>
         <load_address>0x17c1e</load_address>
         <run_address>0x17c1e</run_address>
         <size>0x18</size>
         <input_file_ref idref="fl-e8"/>
      </object_component>
      <object_component id="oc-4a5">
         <name>.text:strchr</name>
         <load_address>0x17c36</load_address>
         <run_address>0x17c36</run_address>
         <size>0x16</size>
         <input_file_ref idref="fl-10a"/>
      </object_component>
      <object_component id="oc-3fb">
         <name>.text:strlen</name>
         <load_address>0x17c4c</load_address>
         <run_address>0x17c4c</run_address>
         <size>0x14</size>
         <input_file_ref idref="fl-10b"/>
      </object_component>
      <object_component id="oc-42b">
         <name>.text:wcslen</name>
         <load_address>0x17c60</load_address>
         <run_address>0x17c60</run_address>
         <size>0x12</size>
         <input_file_ref idref="fl-fc"/>
      </object_component>
      <object_component id="oc-1d">
         <name>.text:decompress:none:__TI_decompress_none</name>
         <load_address>0x17c72</load_address>
         <run_address>0x17c72</run_address>
         <size>0xe</size>
         <input_file_ref idref="fl-f4"/>
      </object_component>
      <object_component id="oc-67">
         <name>.text</name>
         <load_address>0x17c80</load_address>
         <run_address>0x17c80</run_address>
         <size>0xe</size>
         <input_file_ref idref="fl-26"/>
      </object_component>
      <object_component id="oc-49">
         <name>.text:decompress:ZI:__TI_zero_init</name>
         <load_address>0x17c8e</load_address>
         <run_address>0x17c8e</run_address>
         <size>0xc</size>
         <input_file_ref idref="fl-f3"/>
      </object_component>
      <object_component id="oc-37a">
         <name>.text:_outc</name>
         <load_address>0x17c9a</load_address>
         <run_address>0x17c9a</run_address>
         <size>0xa</size>
         <input_file_ref idref="fl-e8"/>
      </object_component>
      <object_component id="oc-392">
         <name>.text:__aeabi_errno_addr</name>
         <load_address>0x17ca4</load_address>
         <run_address>0x17ca4</run_address>
         <size>0x8</size>
         <input_file_ref idref="fl-f7"/>
      </object_component>
      <object_component id="oc-3ab">
         <name>.text:SysCtlDelay</name>
         <load_address>0x17cac</load_address>
         <run_address>0x17cac</run_address>
         <size>0x6</size>
         <input_file_ref idref="fl-14"/>
      </object_component>
      <object_component id="oc-a5">
         <name>.text:_system_pre_init</name>
         <load_address>0x17cb2</load_address>
         <run_address>0x17cb2</run_address>
         <size>0x4</size>
         <input_file_ref idref="fl-101"/>
      </object_component>
      <object_component id="oc-1aa">
         <name>.text:abort:abort</name>
         <load_address>0x17cb6</load_address>
         <run_address>0x17cb6</run_address>
         <size>0x4</size>
         <input_file_ref idref="fl-103"/>
      </object_component>
      <object_component id="oc-398">
         <name>.const:tbl</name>
         <load_address>0x17cc0</load_address>
         <run_address>0x17cc0</run_address>
         <size>0x1000</size>
         <input_file_ref idref="fl-e9"/>
      </object_component>
      <object_component id="oc-297">
         <name>.const:ASCII</name>
         <load_address>0x18cc0</load_address>
         <run_address>0x18cc0</run_address>
         <size>0x1e0</size>
         <input_file_ref idref="fl-8"/>
      </object_component>
      <object_component id="oc-463">
         <name>.const:.string:_ctypes_</name>
         <load_address>0x18ea0</load_address>
         <run_address>0x18ea0</run_address>
         <size>0x101</size>
         <input_file_ref idref="fl-108"/>
      </object_component>
      <object_component id="oc-2e0">
         <name>.const:.string:INVALID_OFFSET</name>
         <load_address>0x18fa1</load_address>
         <run_address>0x18fa1</run_address>
         <size>0x3</size>
         <input_file_ref idref="fl-e"/>
      </object_component>
      <object_component id="oc-1fa">
         <name>.const:g_pulRegs</name>
         <load_address>0x18fa4</load_address>
         <run_address>0x18fa4</run_address>
         <size>0x50</size>
         <input_file_ref idref="fl-1b"/>
      </object_component>
      <object_component id="oc-246">
         <name>.const:GPIO_PORT_TO_BASE</name>
         <load_address>0x18ff4</load_address>
         <run_address>0x18ff4</run_address>
         <size>0x30</size>
         <input_file_ref idref="fl-18"/>
      </object_component>
      <object_component id="oc-349">
         <name>.const:$P$T0$1</name>
         <load_address>0x19024</load_address>
         <run_address>0x19024</run_address>
         <size>0x20</size>
         <input_file_ref idref="fl-a"/>
      </object_component>
      <object_component id="oc-1f7">
         <name>.const:g_pulPriority</name>
         <load_address>0x19044</load_address>
         <run_address>0x19044</run_address>
         <size>0x20</size>
         <input_file_ref idref="fl-1b"/>
      </object_component>
      <object_component id="oc-249">
         <name>.const:GPIO_PORT_TO_INT</name>
         <load_address>0x19064</load_address>
         <run_address>0x19064</run_address>
         <size>0x1c</size>
         <input_file_ref idref="fl-18"/>
      </object_component>
      <object_component id="oc-1a1">
         <name>.const:$P$T0$1</name>
         <load_address>0x19080</load_address>
         <run_address>0x19080</run_address>
         <size>0x18</size>
         <input_file_ref idref="fl-1c"/>
      </object_component>
      <object_component id="oc-2e3">
         <name>.const:yas532_version_ac_coef</name>
         <load_address>0x19098</load_address>
         <run_address>0x19098</run_address>
         <size>0xc</size>
         <input_file_ref idref="fl-e"/>
      </object_component>
      <object_component id="oc-29d">
         <name>.const:.string:Masks</name>
         <load_address>0x190a4</load_address>
         <run_address>0x190a4</run_address>
         <size>0x8</size>
         <input_file_ref idref="fl-8"/>
      </object_component>
      <object_component id="oc-200">
         <name>.const:g_pulDisRegs</name>
         <load_address>0x190ac</load_address>
         <run_address>0x190ac</run_address>
         <size>0x8</size>
         <input_file_ref idref="fl-1b"/>
      </object_component>
      <object_component id="oc-1fd">
         <name>.const:g_pulEnRegs</name>
         <load_address>0x190b4</load_address>
         <run_address>0x190b4</run_address>
         <size>0x8</size>
         <input_file_ref idref="fl-1b"/>
      </object_component>
      <object_component id="oc-203">
         <name>.const:g_pulPendRegs</name>
         <load_address>0x190bc</load_address>
         <run_address>0x190bc</run_address>
         <size>0x8</size>
         <input_file_ref idref="fl-1b"/>
      </object_component>
      <object_component id="oc-206">
         <name>.const:g_pulUnpendRegs</name>
         <load_address>0x190c4</load_address>
         <run_address>0x190c4</run_address>
         <size>0x8</size>
         <input_file_ref idref="fl-1b"/>
      </object_component>
      <object_component id="oc-2e7">
         <name>.const:v_calib_data$2</name>
         <load_address>0x190cc</load_address>
         <run_address>0x190cc</run_address>
         <size>0x8</size>
         <input_file_ref idref="fl-e"/>
      </object_component>
      <object_component id="oc-2e6">
         <name>.const:.string:v_correct_u8$1</name>
         <load_address>0x190d4</load_address>
         <run_address>0x190d4</run_address>
         <size>0x5</size>
         <input_file_ref idref="fl-e"/>
      </object_component>
      <object_component id="oc-541">
         <name>.cinit..data.load</name>
         <load_address>0x190e0</load_address>
         <run_address>0x190e0</run_address>
         <size>0x93</size>
      </object_component>
      <object_component id="oc-53e">
         <name>__TI_handler_table</name>
         <load_address>0x19174</load_address>
         <run_address>0x19174</run_address>
         <size>0xc</size>
      </object_component>
      <object_component id="oc-542">
         <name>.cinit..bss.load</name>
         <load_address>0x19180</load_address>
         <run_address>0x19180</run_address>
         <size>0x8</size>
      </object_component>
      <object_component id="oc-540">
         <name>.cinit..vtable.load</name>
         <load_address>0x19188</load_address>
         <run_address>0x19188</run_address>
         <size>0x8</size>
      </object_component>
      <object_component id="oc-53f">
         <name>__TI_cinit_table</name>
         <load_address>0x19190</load_address>
         <run_address>0x19190</run_address>
         <size>0x18</size>
      </object_component>
      <object_component id="oc-512">
         <name>.binit</name>
         <load_address>0x0</load_address>
         <run_address>0x0</run_address>
         <size>0x0</size>
      </object_component>
      <object_component id="oc-1f4">
         <name>.vtable</name>
         <uninitialized>true</uninitialized>
         <run_address>0x20000000</run_address>
         <size>0xe8</size>
         <input_file_ref idref="fl-1b"/>
      </object_component>
      <object_component id="oc-19b">
         <name>.data</name>
         <load_address>0x200015e8</load_address>
         <run_address>0x200015e8</run_address>
         <size>0xc</size>
         <input_file_ref idref="fl-4"/>
      </object_component>
      <object_component id="oc-198">
         <name>.data</name>
         <load_address>0x200015f4</load_address>
         <run_address>0x200015f4</run_address>
         <size>0x8</size>
         <input_file_ref idref="fl-5"/>
      </object_component>
      <object_component id="oc-364">
         <name>.data</name>
         <load_address>0x2000152e</load_address>
         <run_address>0x2000152e</run_address>
         <size>0x2</size>
         <input_file_ref idref="fl-9"/>
      </object_component>
      <object_component id="oc-361">
         <name>.data:upDownConfig</name>
         <load_address>0x20001588</load_address>
         <run_address>0x20001588</run_address>
         <size>0x18</size>
         <input_file_ref idref="fl-9"/>
      </object_component>
      <object_component id="oc-367">
         <name>.data:compareConfig_PWM3</name>
         <load_address>0x200015c8</load_address>
         <run_address>0x200015c8</run_address>
         <size>0x10</size>
         <input_file_ref idref="fl-9"/>
      </object_component>
      <object_component id="oc-36a">
         <name>.data:compareConfig_PWM4</name>
         <load_address>0x200015d8</load_address>
         <run_address>0x200015d8</run_address>
         <size>0x10</size>
         <input_file_ref idref="fl-9"/>
      </object_component>
      <object_component id="oc-d3">
         <name>.data:Config</name>
         <load_address>0x20001570</load_address>
         <run_address>0x20001570</run_address>
         <size>0x18</size>
         <input_file_ref idref="fl-b"/>
      </object_component>
      <object_component id="oc-2d4">
         <name>.data</name>
         <load_address>0x200015fc</load_address>
         <run_address>0x200015fc</run_address>
         <size>0x8</size>
         <input_file_ref idref="fl-e"/>
      </object_component>
      <object_component id="oc-2cc">
         <name>.data:v_fifo_data_u8</name>
         <load_address>0x20000e00</load_address>
         <run_address>0x20000e00</run_address>
         <size>0x400</size>
         <input_file_ref idref="fl-e"/>
      </object_component>
      <object_component id="oc-35c">
         <name>.data:__getBurstProgramRegs</name>
         <load_address>0x20001530</load_address>
         <run_address>0x20001530</run_address>
         <size>0x40</size>
         <input_file_ref idref="fl-16"/>
      </object_component>
      <object_component id="oc-12c">
         <name>.data</name>
         <load_address>0x20001614</load_address>
         <run_address>0x20001614</run_address>
         <size>0x1</size>
         <input_file_ref idref="fl-1a"/>
      </object_component>
      <object_component id="oc-124">
         <name>.data:i2cConfig</name>
         <load_address>0x200015a0</load_address>
         <run_address>0x200015a0</run_address>
         <size>0x14</size>
         <input_file_ref idref="fl-1a"/>
      </object_component>
      <object_component id="oc-191">
         <name>.data</name>
         <load_address>0x200015b4</load_address>
         <run_address>0x200015b4</run_address>
         <size>0x14</size>
         <input_file_ref idref="fl-1c"/>
      </object_component>
      <object_component id="oc-1e8">
         <name>.data</name>
         <load_address>0x20001610</load_address>
         <run_address>0x20001610</run_address>
         <size>0x4</size>
         <input_file_ref idref="fl-28"/>
      </object_component>
      <object_component id="oc-108">
         <name>.data:test</name>
         <load_address>0x20001200</load_address>
         <run_address>0x20001200</run_address>
         <size>0x21f</size>
         <input_file_ref idref="fl-2d"/>
      </object_component>
      <object_component id="oc-106">
         <name>.data</name>
         <load_address>0x20001604</load_address>
         <run_address>0x20001604</run_address>
         <size>0x8</size>
         <input_file_ref idref="fl-2d"/>
      </object_component>
      <object_component id="oc-107">
         <name>.data:pieceOfString$2</name>
         <load_address>0x2000141f</load_address>
         <run_address>0x2000141f</run_address>
         <size>0x10f</size>
         <input_file_ref idref="fl-2d"/>
      </object_component>
      <object_component id="oc-442">
         <name>.data</name>
         <load_address>0x2000160c</load_address>
         <run_address>0x2000160c</run_address>
         <size>0x4</size>
         <input_file_ref idref="fl-f7"/>
      </object_component>
      <object_component id="oc-2c9">
         <name>.bss</name>
         <uninitialized>true</uninitialized>
         <run_address>0x20000dd4</run_address>
         <size>0x4</size>
         <input_file_ref idref="fl-e"/>
      </object_component>
      <object_component id="oc-2d7">
         <name>.bss:mag_trim</name>
         <uninitialized>true</uninitialized>
         <run_address>0x20000da8</run_address>
         <size>0x10</size>
         <input_file_ref idref="fl-e"/>
      </object_component>
      <object_component id="oc-2da">
         <name>.bss:akm_asa_data</name>
         <uninitialized>true</uninitialized>
         <run_address>0x20000df0</run_address>
         <size>0x3</size>
         <input_file_ref idref="fl-e"/>
      </object_component>
      <object_component id="oc-2dd">
         <name>.bss:yas532_data</name>
         <uninitialized>true</uninitialized>
         <run_address>0x20000d24</run_address>
         <size>0x70</size>
         <input_file_ref idref="fl-e"/>
      </object_component>
      <object_component id="oc-23b">
         <name>.bss</name>
         <uninitialized>true</uninitialized>
         <run_address>0x20000db8</run_address>
         <size>0x8</size>
         <input_file_ref idref="fl-13"/>
      </object_component>
      <object_component id="oc-136">
         <name>.common:BumpTask</name>
         <uninitialized>true</uninitialized>
         <run_address>0x20000dd8</run_address>
         <size>0x4</size>
      </object_component>
      <object_component id="oc-26d">
         <name>.common:i</name>
         <uninitialized>true</uninitialized>
         <run_address>0x20000de4</run_address>
         <size>0x4</size>
      </object_component>
      <object_component id="oc-269">
         <name>.common:position</name>
         <uninitialized>true</uninitialized>
         <run_address>0x20000dfb</run_address>
         <size>0x1</size>
      </object_component>
      <object_component id="oc-26c">
         <name>.common:lastAveragePosition</name>
         <uninitialized>true</uninitialized>
         <run_address>0x20000dfa</run_address>
         <size>0x1</size>
      </object_component>
      <object_component id="oc-29a">
         <name>.common:Screen</name>
         <uninitialized>true</uninitialized>
         <run_address>0x20000b2c</run_address>
         <size>0x1f8</size>
      </object_component>
      <object_component id="oc-d0">
         <name>.common:TimerA1Task</name>
         <uninitialized>true</uninitialized>
         <run_address>0x20000ddc</run_address>
         <size>0x4</size>
      </object_component>
      <object_component id="oc-2cf">
         <name>.common:accel_fifo</name>
         <uninitialized>true</uninitialized>
         <run_address>0x200000e8</run_address>
         <size>0x36c</size>
      </object_component>
      <object_component id="oc-2d2">
         <name>.common:gyro_fifo</name>
         <uninitialized>true</uninitialized>
         <run_address>0x20000454</run_address>
         <size>0x36c</size>
      </object_component>
      <object_component id="oc-2d3">
         <name>.common:mag_fifo</name>
         <uninitialized>true</uninitialized>
         <run_address>0x200007c0</run_address>
         <size>0x36c</size>
      </object_component>
      <object_component id="oc-2ae">
         <name>.common:s_bmi160</name>
         <uninitialized>true</uninitialized>
         <run_address>0x20000d94</run_address>
         <size>0x14</size>
      </object_component>
      <object_component id="oc-2b1">
         <name>.common:gyroxyz</name>
         <uninitialized>true</uninitialized>
         <run_address>0x20000dc6</run_address>
         <size>0x6</size>
      </object_component>
      <object_component id="oc-2b2">
         <name>.common:accelxyz</name>
         <uninitialized>true</uninitialized>
         <run_address>0x20000dc0</run_address>
         <size>0x6</size>
      </object_component>
      <object_component id="oc-12a">
         <name>.common:ui8Status</name>
         <uninitialized>true</uninitialized>
         <run_address>0x20000dfd</run_address>
         <size>0x1</size>
      </object_component>
      <object_component id="oc-127">
         <name>.common:pData</name>
         <uninitialized>true</uninitialized>
         <run_address>0x20000de8</run_address>
         <size>0x4</size>
      </object_component>
      <object_component id="oc-12f">
         <name>.common:ui8DummyRead</name>
         <uninitialized>true</uninitialized>
         <run_address>0x20000dfc</run_address>
         <size>0x1</size>
      </object_component>
      <object_component id="oc-12b">
         <name>.common:g_ui32ByteCount</name>
         <uninitialized>true</uninitialized>
         <run_address>0x20000de0</run_address>
         <size>0x4</size>
      </object_component>
      <object_component id="oc-18d">
         <name>.common:FSM1</name>
         <uninitialized>true</uninitialized>
         <run_address>0x20000df3</run_address>
         <size>0x1</size>
      </object_component>
      <object_component id="oc-190">
         <name>.common:FSM2</name>
         <uninitialized>true</uninitialized>
         <run_address>0x20000df6</run_address>
         <size>0x1</size>
      </object_component>
      <object_component id="oc-194">
         <name>.common:returnRslt</name>
         <uninitialized>true</uninitialized>
         <run_address>0x20000dec</run_address>
         <size>0x4</size>
      </object_component>
      <object_component id="oc-19f">
         <name>.common:s_accelXYZ</name>
         <uninitialized>true</uninitialized>
         <run_address>0x20000dcc</run_address>
         <size>0x6</size>
      </object_component>
      <object_component id="oc-197">
         <name>.common:accel_off_x</name>
         <uninitialized>true</uninitialized>
         <run_address>0x20000df7</run_address>
         <size>0x1</size>
      </object_component>
      <object_component id="oc-195">
         <name>.common:accel_off_y</name>
         <uninitialized>true</uninitialized>
         <run_address>0x20000df8</run_address>
         <size>0x1</size>
      </object_component>
      <object_component id="oc-196">
         <name>.common:accel_off_z</name>
         <uninitialized>true</uninitialized>
         <run_address>0x20000df9</run_address>
         <size>0x1</size>
      </object_component>
      <object_component id="oc-1a0">
         <name>.common:deltaAccelZ</name>
         <uninitialized>true</uninitialized>
         <run_address>0x20000dd2</run_address>
         <size>0x2</size>
      </object_component>
      <object_component id="oc-19e">
         <name>.common:rawData</name>
         <uninitialized>true</uninitialized>
         <run_address>0x20000df4</run_address>
         <size>0x2</size>
      </object_component>
      <object_component id="oc-29">
         <name>.stack</name>
         <uninitialized>true</uninitialized>
         <run_address>0x2000fe00</run_address>
         <size>0x4</size>
         <input_file_ref idref="fl-f8"/>
      </object_component>
      <object_component id="oc-544">
         <name>.stack</name>
         <uninitialized>true</uninitialized>
         <run_address>0x2000fe00</run_address>
         <size>0x0</size>
      </object_component>
      <object_component id="oc-137">
         <name>.debug_info</name>
         <load_address>0x0</load_address>
         <run_address>0x0</run_address>
         <size>0x766</size>
         <input_file_ref idref="fl-2"/>
      </object_component>
      <object_component id="oc-81">
         <name>.debug_info</name>
         <load_address>0x766</load_address>
         <run_address>0x766</run_address>
         <size>0x3ef</size>
         <input_file_ref idref="fl-2"/>
      </object_component>
      <object_component id="oc-13c">
         <name>.debug_info</name>
         <load_address>0xb55</load_address>
         <run_address>0xb55</run_address>
         <size>0x26b</size>
         <input_file_ref idref="fl-2"/>
      </object_component>
      <object_component id="oc-212">
         <name>.debug_info</name>
         <load_address>0xdc0</load_address>
         <run_address>0xdc0</run_address>
         <size>0x1055</size>
         <input_file_ref idref="fl-2"/>
      </object_component>
      <object_component id="oc-20d">
         <name>.debug_info</name>
         <load_address>0x1e15</load_address>
         <run_address>0x1e15</run_address>
         <size>0x37e2</size>
         <input_file_ref idref="fl-2"/>
      </object_component>
      <object_component id="oc-259">
         <name>.debug_info</name>
         <load_address>0x55f7</load_address>
         <run_address>0x55f7</run_address>
         <size>0x9a</size>
         <input_file_ref idref="fl-2"/>
      </object_component>
      <object_component id="oc-33c">
         <name>.debug_info</name>
         <load_address>0x5691</load_address>
         <run_address>0x5691</run_address>
         <size>0x1b5</size>
         <input_file_ref idref="fl-2"/>
      </object_component>
      <object_component id="oc-3e8">
         <name>.debug_info</name>
         <load_address>0x5846</load_address>
         <run_address>0x5846</run_address>
         <size>0xc6</size>
         <input_file_ref idref="fl-2"/>
      </object_component>
      <object_component id="oc-1a5">
         <name>.debug_info</name>
         <load_address>0x590c</load_address>
         <run_address>0x590c</run_address>
         <size>0x341</size>
         <input_file_ref idref="fl-2"/>
      </object_component>
      <object_component id="oc-32">
         <name>.debug_info</name>
         <load_address>0x5c4d</load_address>
         <run_address>0x5c4d</run_address>
         <size>0x84</size>
         <input_file_ref idref="fl-2"/>
      </object_component>
      <object_component id="oc-219">
         <name>.debug_info</name>
         <load_address>0x5cd1</load_address>
         <run_address>0x5cd1</run_address>
         <size>0x2a4</size>
         <input_file_ref idref="fl-2"/>
      </object_component>
      <object_component id="oc-131">
         <name>.debug_info</name>
         <load_address>0x5f75</load_address>
         <run_address>0x5f75</run_address>
         <size>0xef</size>
         <input_file_ref idref="fl-2"/>
      </object_component>
      <object_component id="oc-d7">
         <name>.debug_info</name>
         <load_address>0x6064</load_address>
         <run_address>0x6064</run_address>
         <size>0xbb</size>
         <input_file_ref idref="fl-2"/>
      </object_component>
      <object_component id="oc-331">
         <name>.debug_info</name>
         <load_address>0x611f</load_address>
         <run_address>0x611f</run_address>
         <size>0x102</size>
         <input_file_ref idref="fl-2"/>
      </object_component>
      <object_component id="oc-16c">
         <name>.debug_info</name>
         <load_address>0x6221</load_address>
         <run_address>0x6221</run_address>
         <size>0x3fd</size>
         <input_file_ref idref="fl-3"/>
      </object_component>
      <object_component id="oc-10c">
         <name>.debug_info</name>
         <load_address>0x661e</load_address>
         <run_address>0x661e</run_address>
         <size>0x8b</size>
         <input_file_ref idref="fl-3"/>
      </object_component>
      <object_component id="oc-26a">
         <name>.debug_info</name>
         <load_address>0x66a9</load_address>
         <run_address>0x66a9</run_address>
         <size>0x82f</size>
         <input_file_ref idref="fl-4"/>
      </object_component>
      <object_component id="oc-19c">
         <name>.debug_info</name>
         <load_address>0x6ed8</load_address>
         <run_address>0x6ed8</run_address>
         <size>0x17f</size>
         <input_file_ref idref="fl-4"/>
      </object_component>
      <object_component id="oc-158">
         <name>.debug_info</name>
         <load_address>0x7057</load_address>
         <run_address>0x7057</run_address>
         <size>0x627</size>
         <input_file_ref idref="fl-4"/>
      </object_component>
      <object_component id="oc-26f">
         <name>.debug_info</name>
         <load_address>0x767e</load_address>
         <run_address>0x767e</run_address>
         <size>0xa9</size>
         <input_file_ref idref="fl-4"/>
      </object_component>
      <object_component id="oc-276">
         <name>.debug_info</name>
         <load_address>0x7727</load_address>
         <run_address>0x7727</run_address>
         <size>0xc4</size>
         <input_file_ref idref="fl-4"/>
      </object_component>
      <object_component id="oc-275">
         <name>.debug_info</name>
         <load_address>0x77eb</load_address>
         <run_address>0x77eb</run_address>
         <size>0x599</size>
         <input_file_ref idref="fl-5"/>
      </object_component>
      <object_component id="oc-199">
         <name>.debug_info</name>
         <load_address>0x7d84</load_address>
         <run_address>0x7d84</run_address>
         <size>0x130</size>
         <input_file_ref idref="fl-5"/>
      </object_component>
      <object_component id="oc-15e">
         <name>.debug_info</name>
         <load_address>0x7eb4</load_address>
         <run_address>0x7eb4</run_address>
         <size>0x23c</size>
         <input_file_ref idref="fl-5"/>
      </object_component>
      <object_component id="oc-154">
         <name>.debug_info</name>
         <load_address>0x80f0</load_address>
         <run_address>0x80f0</run_address>
         <size>0x110</size>
         <input_file_ref idref="fl-6"/>
      </object_component>
      <object_component id="oc-172">
         <name>.debug_info</name>
         <load_address>0x8200</load_address>
         <run_address>0x8200</run_address>
         <size>0x6ab</size>
         <input_file_ref idref="fl-7"/>
      </object_component>
      <object_component id="oc-29b">
         <name>.debug_info</name>
         <load_address>0x88ab</load_address>
         <run_address>0x88ab</run_address>
         <size>0x639</size>
         <input_file_ref idref="fl-8"/>
      </object_component>
      <object_component id="oc-298">
         <name>.debug_info</name>
         <load_address>0x8ee4</load_address>
         <run_address>0x8ee4</run_address>
         <size>0xcf</size>
         <input_file_ref idref="fl-8"/>
      </object_component>
      <object_component id="oc-29e">
         <name>.debug_info</name>
         <load_address>0x8fb3</load_address>
         <run_address>0x8fb3</run_address>
         <size>0xd1</size>
         <input_file_ref idref="fl-8"/>
      </object_component>
      <object_component id="oc-178">
         <name>.debug_info</name>
         <load_address>0x9084</load_address>
         <run_address>0x9084</run_address>
         <size>0xd15</size>
         <input_file_ref idref="fl-8"/>
      </object_component>
      <object_component id="oc-236">
         <name>.debug_info</name>
         <load_address>0x9d99</load_address>
         <run_address>0x9d99</run_address>
         <size>0xcc</size>
         <input_file_ref idref="fl-8"/>
      </object_component>
      <object_component id="oc-382">
         <name>.debug_info</name>
         <load_address>0x9e65</load_address>
         <run_address>0x9e65</run_address>
         <size>0x2c</size>
         <input_file_ref idref="fl-8"/>
      </object_component>
      <object_component id="oc-365">
         <name>.debug_info</name>
         <load_address>0x9e91</load_address>
         <run_address>0x9e91</run_address>
         <size>0xdc</size>
         <input_file_ref idref="fl-9"/>
      </object_component>
      <object_component id="oc-362">
         <name>.debug_info</name>
         <load_address>0x9f6d</load_address>
         <run_address>0x9f6d</run_address>
         <size>0xd8</size>
         <input_file_ref idref="fl-9"/>
      </object_component>
      <object_component id="oc-368">
         <name>.debug_info</name>
         <load_address>0xa045</load_address>
         <run_address>0xa045</run_address>
         <size>0xe4</size>
         <input_file_ref idref="fl-9"/>
      </object_component>
      <object_component id="oc-36b">
         <name>.debug_info</name>
         <load_address>0xa129</load_address>
         <run_address>0xa129</run_address>
         <size>0xe4</size>
         <input_file_ref idref="fl-9"/>
      </object_component>
      <object_component id="oc-28b">
         <name>.debug_info</name>
         <load_address>0xa20d</load_address>
         <run_address>0xa20d</run_address>
         <size>0x38f</size>
         <input_file_ref idref="fl-9"/>
      </object_component>
      <object_component id="oc-34d">
         <name>.debug_info</name>
         <load_address>0xa59c</load_address>
         <run_address>0xa59c</run_address>
         <size>0x6d1</size>
         <input_file_ref idref="fl-a"/>
      </object_component>
      <object_component id="oc-34a">
         <name>.debug_info</name>
         <load_address>0xac6d</load_address>
         <run_address>0xac6d</run_address>
         <size>0xd5</size>
         <input_file_ref idref="fl-a"/>
      </object_component>
      <object_component id="oc-264">
         <name>.debug_info</name>
         <load_address>0xad42</load_address>
         <run_address>0xad42</run_address>
         <size>0x7dd</size>
         <input_file_ref idref="fl-a"/>
      </object_component>
      <object_component id="oc-2eb">
         <name>.debug_info</name>
         <load_address>0xb51f</load_address>
         <run_address>0xb51f</run_address>
         <size>0x37e2</size>
         <input_file_ref idref="fl-a"/>
      </object_component>
      <object_component id="oc-d1">
         <name>.debug_info</name>
         <load_address>0xed01</load_address>
         <run_address>0xed01</run_address>
         <size>0x69b</size>
         <input_file_ref idref="fl-b"/>
      </object_component>
      <object_component id="oc-d4">
         <name>.debug_info</name>
         <load_address>0xf39c</load_address>
         <run_address>0xf39c</run_address>
         <size>0xd0</size>
         <input_file_ref idref="fl-b"/>
      </object_component>
      <object_component id="oc-6e">
         <name>.debug_info</name>
         <load_address>0xf46c</load_address>
         <run_address>0xf46c</run_address>
         <size>0x28f</size>
         <input_file_ref idref="fl-b"/>
      </object_component>
      <object_component id="oc-2d0">
         <name>.debug_info</name>
         <load_address>0xf6fb</load_address>
         <run_address>0xf6fb</run_address>
         <size>0x4a9</size>
         <input_file_ref idref="fl-e"/>
      </object_component>
      <object_component id="oc-2e1">
         <name>.debug_info</name>
         <load_address>0xfba4</load_address>
         <run_address>0xfba4</run_address>
         <size>0xdf</size>
         <input_file_ref idref="fl-e"/>
      </object_component>
      <object_component id="oc-2ca">
         <name>.debug_info</name>
         <load_address>0xfc83</load_address>
         <run_address>0xfc83</run_address>
         <size>0xd2</size>
         <input_file_ref idref="fl-e"/>
      </object_component>
      <object_component id="oc-2d8">
         <name>.debug_info</name>
         <load_address>0xfd55</load_address>
         <run_address>0xfd55</run_address>
         <size>0xd2</size>
         <input_file_ref idref="fl-e"/>
      </object_component>
      <object_component id="oc-2d5">
         <name>.debug_info</name>
         <load_address>0xfe27</load_address>
         <run_address>0xfe27</run_address>
         <size>0x132</size>
         <input_file_ref idref="fl-e"/>
      </object_component>
      <object_component id="oc-2db">
         <name>.debug_info</name>
         <load_address>0xff59</load_address>
         <run_address>0xff59</run_address>
         <size>0xda</size>
         <input_file_ref idref="fl-e"/>
      </object_component>
      <object_component id="oc-2cd">
         <name>.debug_info</name>
         <load_address>0x10033</load_address>
         <run_address>0x10033</run_address>
         <size>0xdf</size>
         <input_file_ref idref="fl-e"/>
      </object_component>
      <object_component id="oc-2e4">
         <name>.debug_info</name>
         <load_address>0x10112</load_address>
         <run_address>0x10112</run_address>
         <size>0xee</size>
         <input_file_ref idref="fl-e"/>
      </object_component>
      <object_component id="oc-2de">
         <name>.debug_info</name>
         <load_address>0x10200</load_address>
         <run_address>0x10200</run_address>
         <size>0xd8</size>
         <input_file_ref idref="fl-e"/>
      </object_component>
      <object_component id="oc-189">
         <name>.debug_info</name>
         <load_address>0x102d8</load_address>
         <run_address>0x102d8</run_address>
         <size>0x1ac0d</size>
         <input_file_ref idref="fl-e"/>
      </object_component>
      <object_component id="oc-2ba">
         <name>.debug_info</name>
         <load_address>0x2aee5</load_address>
         <run_address>0x2aee5</run_address>
         <size>0x8f</size>
         <input_file_ref idref="fl-e"/>
      </object_component>
      <object_component id="oc-2bf">
         <name>.debug_info</name>
         <load_address>0x2af74</load_address>
         <run_address>0x2af74</run_address>
         <size>0x661</size>
         <input_file_ref idref="fl-e"/>
      </object_component>
      <object_component id="oc-2af">
         <name>.debug_info</name>
         <load_address>0x2b5d5</load_address>
         <run_address>0x2b5d5</run_address>
         <size>0x109b</size>
         <input_file_ref idref="fl-f"/>
      </object_component>
      <object_component id="oc-183">
         <name>.debug_info</name>
         <load_address>0x2c670</load_address>
         <run_address>0x2c670</run_address>
         <size>0x1c05</size>
         <input_file_ref idref="fl-f"/>
      </object_component>
      <object_component id="oc-254">
         <name>.debug_info</name>
         <load_address>0x2e275</load_address>
         <run_address>0x2e275</run_address>
         <size>0x6c</size>
         <input_file_ref idref="fl-f"/>
      </object_component>
      <object_component id="oc-2c4">
         <name>.debug_info</name>
         <load_address>0x2e2e1</load_address>
         <run_address>0x2e2e1</run_address>
         <size>0x7d</size>
         <input_file_ref idref="fl-f"/>
      </object_component>
      <object_component id="oc-3a7">
         <name>.debug_info</name>
         <load_address>0x2e35e</load_address>
         <run_address>0x2e35e</run_address>
         <size>0x28</size>
         <input_file_ref idref="fl-f"/>
      </object_component>
      <object_component id="oc-1f0">
         <name>.debug_info</name>
         <load_address>0x2e386</load_address>
         <run_address>0x2e386</run_address>
         <size>0x2b4</size>
         <input_file_ref idref="fl-11"/>
      </object_component>
      <object_component id="oc-245">
         <name>.debug_info</name>
         <load_address>0x2e63a</load_address>
         <run_address>0x2e63a</run_address>
         <size>0x76d</size>
         <input_file_ref idref="fl-13"/>
      </object_component>
      <object_component id="oc-23c">
         <name>.debug_info</name>
         <load_address>0x2eda7</load_address>
         <run_address>0x2eda7</run_address>
         <size>0xee</size>
         <input_file_ref idref="fl-13"/>
      </object_component>
      <object_component id="oc-115">
         <name>.debug_info</name>
         <load_address>0x2ee95</load_address>
         <run_address>0x2ee95</run_address>
         <size>0x1ce0</size>
         <input_file_ref idref="fl-13"/>
      </object_component>
      <object_component id="oc-2b7">
         <name>.debug_info</name>
         <load_address>0x30b75</load_address>
         <run_address>0x30b75</run_address>
         <size>0x168</size>
         <input_file_ref idref="fl-14"/>
      </object_component>
      <object_component id="oc-360">
         <name>.debug_info</name>
         <load_address>0x30cdd</load_address>
         <run_address>0x30cdd</run_address>
         <size>0x78b</size>
         <input_file_ref idref="fl-16"/>
      </object_component>
      <object_component id="oc-35d">
         <name>.debug_info</name>
         <load_address>0x31468</load_address>
         <run_address>0x31468</run_address>
         <size>0xeb</size>
         <input_file_ref idref="fl-16"/>
      </object_component>
      <object_component id="oc-285">
         <name>.debug_info</name>
         <load_address>0x31553</load_address>
         <run_address>0x31553</run_address>
         <size>0x366f</size>
         <input_file_ref idref="fl-16"/>
      </object_component>
      <object_component id="oc-24d">
         <name>.debug_info</name>
         <load_address>0x34bc2</load_address>
         <run_address>0x34bc2</run_address>
         <size>0x676</size>
         <input_file_ref idref="fl-18"/>
      </object_component>
      <object_component id="oc-24a">
         <name>.debug_info</name>
         <load_address>0x35238</load_address>
         <run_address>0x35238</run_address>
         <size>0xe0</size>
         <input_file_ref idref="fl-18"/>
      </object_component>
      <object_component id="oc-247">
         <name>.debug_info</name>
         <load_address>0x35318</load_address>
         <run_address>0x35318</run_address>
         <size>0xe2</size>
         <input_file_ref idref="fl-18"/>
      </object_component>
      <object_component id="oc-11b">
         <name>.debug_info</name>
         <load_address>0x353fa</load_address>
         <run_address>0x353fa</run_address>
         <size>0x1696</size>
         <input_file_ref idref="fl-18"/>
      </object_component>
      <object_component id="oc-24f">
         <name>.debug_info</name>
         <load_address>0x36a90</load_address>
         <run_address>0x36a90</run_address>
         <size>0x665</size>
         <input_file_ref idref="fl-19"/>
      </object_component>
      <object_component id="oc-11f">
         <name>.debug_info</name>
         <load_address>0x370f5</load_address>
         <run_address>0x370f5</run_address>
         <size>0x274c</size>
         <input_file_ref idref="fl-19"/>
      </object_component>
      <object_component id="oc-128">
         <name>.debug_info</name>
         <load_address>0x39841</load_address>
         <run_address>0x39841</run_address>
         <size>0x6c5</size>
         <input_file_ref idref="fl-1a"/>
      </object_component>
      <object_component id="oc-12d">
         <name>.debug_info</name>
         <load_address>0x39f06</load_address>
         <run_address>0x39f06</run_address>
         <size>0xd9</size>
         <input_file_ref idref="fl-1a"/>
      </object_component>
      <object_component id="oc-125">
         <name>.debug_info</name>
         <load_address>0x39fdf</load_address>
         <run_address>0x39fdf</run_address>
         <size>0xd9</size>
         <input_file_ref idref="fl-1a"/>
      </object_component>
      <object_component id="oc-7a">
         <name>.debug_info</name>
         <load_address>0x3a0b8</load_address>
         <run_address>0x3a0b8</run_address>
         <size>0x69a</size>
         <input_file_ref idref="fl-1a"/>
      </object_component>
      <object_component id="oc-20a">
         <name>.debug_info</name>
         <load_address>0x3a752</load_address>
         <run_address>0x3a752</run_address>
         <size>0x604</size>
         <input_file_ref idref="fl-1b"/>
      </object_component>
      <object_component id="oc-1f8">
         <name>.debug_info</name>
         <load_address>0x3ad56</load_address>
         <run_address>0x3ad56</run_address>
         <size>0xdf</size>
         <input_file_ref idref="fl-1b"/>
      </object_component>
      <object_component id="oc-1fb">
         <name>.debug_info</name>
         <load_address>0x3ae35</load_address>
         <run_address>0x3ae35</run_address>
         <size>0xd7</size>
         <input_file_ref idref="fl-1b"/>
      </object_component>
      <object_component id="oc-1fe">
         <name>.debug_info</name>
         <load_address>0x3af0c</load_address>
         <run_address>0x3af0c</run_address>
         <size>0xdb</size>
         <input_file_ref idref="fl-1b"/>
      </object_component>
      <object_component id="oc-201">
         <name>.debug_info</name>
         <load_address>0x3afe7</load_address>
         <run_address>0x3afe7</run_address>
         <size>0xdd</size>
         <input_file_ref idref="fl-1b"/>
      </object_component>
      <object_component id="oc-204">
         <name>.debug_info</name>
         <load_address>0x3b0c4</load_address>
         <run_address>0x3b0c4</run_address>
         <size>0xdf</size>
         <input_file_ref idref="fl-1b"/>
      </object_component>
      <object_component id="oc-207">
         <name>.debug_info</name>
         <load_address>0x3b1a3</load_address>
         <run_address>0x3b1a3</run_address>
         <size>0xe3</size>
         <input_file_ref idref="fl-1b"/>
      </object_component>
      <object_component id="oc-1f5">
         <name>.debug_info</name>
         <load_address>0x3b286</load_address>
         <run_address>0x3b286</run_address>
         <size>0xe4</size>
         <input_file_ref idref="fl-1b"/>
      </object_component>
      <object_component id="oc-cd">
         <name>.debug_info</name>
         <load_address>0x3b36a</load_address>
         <run_address>0x3b36a</run_address>
         <size>0xe85</size>
         <input_file_ref idref="fl-1b"/>
      </object_component>
      <object_component id="oc-18e">
         <name>.debug_info</name>
         <load_address>0x3c1ef</load_address>
         <run_address>0x3c1ef</run_address>
         <size>0xe05</size>
         <input_file_ref idref="fl-1c"/>
      </object_component>
      <object_component id="oc-192">
         <name>.debug_info</name>
         <load_address>0x3cff4</load_address>
         <run_address>0x3cff4</run_address>
         <size>0x159</size>
         <input_file_ref idref="fl-1c"/>
      </object_component>
      <object_component id="oc-1a2">
         <name>.debug_info</name>
         <load_address>0x3d14d</load_address>
         <run_address>0x3d14d</run_address>
         <size>0xce</size>
         <input_file_ref idref="fl-1c"/>
      </object_component>
      <object_component id="oc-ad">
         <name>.debug_info</name>
         <load_address>0x3d21b</load_address>
         <run_address>0x3d21b</run_address>
         <size>0x771</size>
         <input_file_ref idref="fl-1c"/>
      </object_component>
      <object_component id="oc-22a">
         <name>.debug_info</name>
         <load_address>0x3d98c</load_address>
         <run_address>0x3d98c</run_address>
         <size>0x74</size>
         <input_file_ref idref="fl-1c"/>
      </object_component>
      <object_component id="oc-2ad">
         <name>.debug_info</name>
         <load_address>0x3da00</load_address>
[...]
      </symbol>
      <symbol id="sm-148f">
         <name>UART_transmitData</name>
         <value>0x141cd</value>
         <object_component_ref idref="oc-100"/>
      </symbol>
      <symbol id="sm-1490">
         <name>UART_transmitBreak</name>
         <value>0x142a3</value>
         <object_component_ref idref="oc-100"/>
      </symbol>
      <symbol id="sm-1491">
         <name>UART_registerInterrupt</name>
         <value>0x1442d</value>
         <object_component_ref idref="oc-100"/>
      </symbol>
      <symbol id="sm-1492">
         <name>UART_selectDeglitchTime</name>
         <value>0x14305</value>
         <object_component_ref idref="oc-100"/>
      </symbol>
      <symbol id="sm-1493">
         <name>UART_getInterruptStatus</name>
         <value>0x14381</value>
         <object_component_ref idref="oc-100"/>
      </symbol>
      <symbol id="sm-1494">
         <name>UART_getReceiveBufferAddressForDMA</name>
         <value>0x142e9</value>
         <object_component_ref idref="oc-100"/>
      </symbol>
      <symbol id="sm-1495">
         <name>UART_getTransmitBufferAddressForDMA</name>
         <value>0x142f7</value>
         <object_component_ref idref="oc-100"/>
      </symbol>
      <symbol id="sm-1496">
         <name>UART_initModule</name>
         <value>0x140c9</value>
         <object_component_ref idref="oc-100"/>
      </symbol>
      <symbol id="sm-1497">
         <name>UART_transmitAddress</name>
         <value>0x14285</value>
         <object_component_ref idref="oc-100"/>
      </symbol>
      <symbol id="sm-1498">
         <name>UART_clearInterruptFlag</name>
         <value>0x1440d</value>
         <object_component_ref idref="oc-100"/>
      </symbol>
      <symbol id="sm-1499">
         <name>UART_queryStatusFlags</name>
         <value>0x14249</value>
         <object_component_ref idref="oc-100"/>
      </symbol>
      <symbol id="sm-149a">
         <name>UART_disableInterrupt</name>
         <value>0x14351</value>
         <object_component_ref idref="oc-100"/>
      </symbol>
      <symbol id="sm-149b">
         <name>UART_setDormant</name>
         <value>0x1425d</value>
         <object_component_ref idref="oc-100"/>
      </symbol>
      <symbol id="sm-149c">
         <name>UART_resetDormant</name>
         <value>0x14271</value>
         <object_component_ref idref="oc-100"/>
      </symbol>
      <symbol id="sm-14df">
         <name>receiveText</name>
         <value>0x15bdf</value>
         <object_component_ref idref="oc-73"/>
      </symbol>
      <symbol id="sm-14e0">
         <name>uartInit</name>
         <value>0x15a63</value>
         <object_component_ref idref="oc-73"/>
      </symbol>
      <symbol id="sm-14e1">
         <name>EUSCIA0_IRQHandler</name>
         <value>0x15b83</value>
         <object_component_ref idref="oc-73"/>
      </symbol>
      <symbol id="sm-14e2">
         <name>test</name>
         <value>0x20001200</value>
         <object_component_ref idref="oc-108"/>
      </symbol>
      <symbol id="sm-14e3">
         <name>sendText</name>
         <value>0x15b9f</value>
         <object_component_ref idref="oc-73"/>
      </symbol>
      <symbol id="sm-14e4">
         <name>uartReceive</name>
         <value>0x159cd</value>
         <object_component_ref idref="oc-73"/>
      </symbol>
      <symbol id="sm-14fb">
         <name>WDT_A_setTimeoutReset</name>
         <value>0x1712d</value>
         <object_component_ref idref="oc-163"/>
      </symbol>
      <symbol id="sm-14fc">
         <name>WDT_A_registerInterrupt</name>
         <value>0x17139</value>
         <object_component_ref idref="oc-163"/>
      </symbol>
      <symbol id="sm-14fd">
         <name>WDT_A_setPasswordViolationReset</name>
         <value>0x17121</value>
         <object_component_ref idref="oc-163"/>
      </symbol>
      <symbol id="sm-14fe">
         <name>WDT_A_initIntervalTimer</name>
         <value>0x17105</value>
         <object_component_ref idref="oc-163"/>
      </symbol>
      <symbol id="sm-14ff">
         <name>WDT_A_clearTimer</name>
         <value>0x170c9</value>
         <object_component_ref idref="oc-163"/>
      </symbol>
      <symbol id="sm-1500">
         <name>WDT_A_holdTimer</name>
         <value>0x17089</value>
         <object_component_ref idref="oc-163"/>
      </symbol>
      <symbol id="sm-1501">
         <name>WDT_A_initWatchdogTimer</name>
         <value>0x170e9</value>
         <object_component_ref idref="oc-163"/>
      </symbol>
      <symbol id="sm-1502">
         <name>WDT_A_startTimer</name>
         <value>0x170a9</value>
         <object_component_ref idref="oc-163"/>
      </symbol>
      <symbol id="sm-1503">
         <name>WDT_A_unregisterInterrupt</name>
         <value>0x1714d</value>
         <object_component_ref idref="oc-163"/>
      </symbol>
      <symbol id="sm-152a">
         <name>sprintf</name>
         <value>0x17a4d</value>
         <object_component_ref idref="oc-291"/>
      </symbol>
      <symbol id="sm-156c">
         <name>exp2l</name>
         <value>0x16121</value>
         <object_component_ref idref="oc-2a1"/>
      </symbol>
      <symbol id="sm-156d">
         <name>exp2</name>
         <value>0x16121</value>
         <object_component_ref idref="oc-2a1"/>
      </symbol>
      <symbol id="sm-1584">
         <name>__aeabi_dsub</name>
         <value>0x164f1</value>
         <object_component_ref idref="oc-f6"/>
      </symbol>
      <symbol id="sm-1585">
         <name>__aeabi_dadd</name>
         <value>0x164fb</value>
         <object_component_ref idref="oc-f6"/>
      </symbol>
      <symbol id="sm-15a7">
         <name>__aeabi_cdcmpeq</name>
         <value>0x174a7</value>
         <object_component_ref idref="oc-38d"/>
      </symbol>
      <symbol id="sm-15a8">
         <name>__aeabi_cdcmple</name>
         <value>0x174a7</value>
         <object_component_ref idref="oc-38d"/>
      </symbol>
      <symbol id="sm-15a9">
         <name>__aeabi_cdrcmple</name>
         <value>0x1752d</value>
         <object_component_ref idref="oc-e2"/>
      </symbol>
      <symbol id="sm-15bd">
         <name>__aeabi_ddiv</name>
         <value>0x16951</value>
         <object_component_ref idref="oc-e7"/>
      </symbol>
      <symbol id="sm-15c8">
         <name>__aeabi_dmul</name>
         <value>0x16dbf</value>
         <object_component_ref idref="oc-fb"/>
      </symbol>
      <symbol id="sm-15d4">
         <name>__aeabi_d2f</name>
         <value>0x1769b</value>
         <object_component_ref idref="oc-2a7"/>
      </symbol>
      <symbol id="sm-15de">
         <name>__aeabi_d2uiz</name>
         <value>0x17a09</value>
         <object_component_ref idref="oc-ec"/>
      </symbol>
      <symbol id="sm-15f9">
         <name>memcpy</name>
         <value>0x17375</value>
         <object_component_ref idref="oc-37"/>
      </symbol>
      <symbol id="sm-15fa">
         <name>__aeabi_memcpy</name>
         <value>0x17375</value>
         <object_component_ref idref="oc-37"/>
      </symbol>
      <symbol id="sm-15fb">
         <name>__aeabi_memcpy8</name>
         <value>0x17375</value>
         <object_component_ref idref="oc-37"/>
      </symbol>
      <symbol id="sm-15fc">
         <name>__aeabi_memcpy4</name>
         <value>0x17375</value>
         <object_component_ref idref="oc-37"/>
      </symbol>
      <symbol id="sm-1606">
         <name>__aeabi_ui2d</name>
         <value>0x17bc9</value>
         <object_component_ref idref="oc-f1"/>
      </symbol>
      <symbol id="sm-1615">
         <name>__aeabi_memset</name>
         <value>0x175b5</value>
         <object_component_ref idref="oc-9f"/>
      </symbol>
      <symbol id="sm-1616">
         <name>memset</name>
         <value>0x175bb</value>
         <object_component_ref idref="oc-9f"/>
      </symbol>
      <symbol id="sm-1617">
         <name>__aeabi_memset8</name>
         <value>0x175b5</value>
         <object_component_ref idref="oc-9f"/>
      </symbol>
      <symbol id="sm-1618">
         <name>__aeabi_memset4</name>
         <value>0x175b5</value>
         <object_component_ref idref="oc-9f"/>
      </symbol>
      <symbol id="sm-1619">
         <name>__aeabi_memclr8</name>
         <value>0x175b3</value>
         <object_component_ref idref="oc-9f"/>
      </symbol>
      <symbol id="sm-161a">
         <name>__aeabi_memclr4</name>
         <value>0x175b3</value>
         <object_component_ref idref="oc-9f"/>
      </symbol>
      <symbol id="sm-161b">
         <name>__aeabi_memclr</name>
         <value>0x175b3</value>
         <object_component_ref idref="oc-9f"/>
      </symbol>
      <symbol id="sm-1632">
         <name>__TI_zero_init</name>
         <value>0x17c8f</value>
         <object_component_ref idref="oc-49"/>
      </symbol>
      <symbol id="sm-1649">
         <name>__TI_decompress_none</name>
         <value>0x17c73</value>
         <object_component_ref idref="oc-1d"/>
      </symbol>
      <symbol id="sm-166c">
         <name>__TI_decompress_lzss</name>
         <value>0x17709</value>
         <object_component_ref idref="oc-17"/>
      </symbol>
      <symbol id="sm-167c">
         <name>strncpy</name>
         <value>0x17b09</value>
         <object_component_ref idref="oc-dc"/>
      </symbol>
      <symbol id="sm-1692">
         <name>__aeabi_errno_addr</name>
         <value>0x17ca5</value>
         <object_component_ref idref="oc-392"/>
      </symbol>
      <symbol id="sm-1693">
         <name>errno</name>
         <value>0x2000160c</value>
         <object_component_ref idref="oc-442"/>
      </symbol>
      <symbol id="sm-16a6">
         <name>__stack</name>
         <value>0x2000fe00</value>
         <object_component_ref idref="oc-29"/>
      </symbol>
      <symbol id="sm-16a7">
         <name>_c_int00_noargs</name>
         <value>0x17b41</value>
         <object_component_ref idref="oc-55"/>
      </symbol>
      <symbol id="sm-180c">
         <name>__TI_printfi</name>
         <value>0x105e5</value>
         <object_component_ref idref="oc-36e"/>
      </symbol>
      <symbol id="sm-182c">
         <name>frexpl</name>
         <value>0x17771</value>
         <object_component_ref idref="oc-499"/>
      </symbol>
      <symbol id="sm-182d">
         <name>frexp</name>
         <value>0x17771</value>
         <object_component_ref idref="oc-499"/>
      </symbol>
      <symbol id="sm-184a">
         <name>scalbn</name>
         <value>0x16bad</value>
         <object_component_ref idref="oc-49f"/>
      </symbol>
      <symbol id="sm-184b">
         <name>scalbnl</name>
         <value>0x16bad</value>
         <object_component_ref idref="oc-49f"/>
      </symbol>
      <symbol id="sm-184c">
         <name>ldexpl</name>
         <value>0x16bad</value>
         <object_component_ref idref="oc-49f"/>
      </symbol>
      <symbol id="sm-184d">
         <name>ldexp</name>
         <value>0x16bad</value>
         <object_component_ref idref="oc-49f"/>
      </symbol>
      <symbol id="sm-1866">
         <name>wcslen</name>
         <value>0x17c61</value>
         <object_component_ref idref="oc-42b"/>
      </symbol>
      <symbol id="sm-1870">
         <name>__aeabi_d2iz</name>
         <value>0x1797d</value>
         <object_component_ref idref="oc-46e"/>
      </symbol>
      <symbol id="sm-187a">
         <name>__aeabi_i2d</name>
         <value>0x17b75</value>
         <object_component_ref idref="oc-479"/>
      </symbol>
      <symbol id="sm-1887">
         <name>__aeabi_uldivmod</name>
         <value>0x17411</value>
         <object_component_ref idref="oc-468"/>
      </symbol>
      <symbol id="sm-18af">
         <name>__TI_auto_init_nobinit_nopinit</name>
         <value>0x179c5</value>
         <object_component_ref idref="oc-1b6"/>
      </symbol>
      <symbol id="sm-18b9">
         <name>_system_pre_init</name>
         <value>0x17cb3</value>
         <object_component_ref idref="oc-a5"/>
      </symbol>
      <symbol id="sm-18c5">
         <name>C$$EXIT</name>
         <value>0x17cb7</value>
         <object_component_ref idref="oc-1aa"/>
      </symbol>
      <symbol id="sm-18c6">
         <name>abort</name>
         <value>0x17cb7</value>
         <object_component_ref idref="oc-1aa"/>
      </symbol>
      <symbol id="sm-18d6">
         <name>__TI_ltoa</name>
         <value>0x1788b</value>
         <object_component_ref idref="oc-473"/>
      </symbol>
      <symbol id="sm-18ed">
         <name>atoi</name>
         <value>0x17931</value>
         <object_component_ref idref="oc-401"/>
      </symbol>
      <symbol id="sm-18f8">
         <name>_ctypes_</name>
         <value>0x18ea0</value>
         <object_component_ref idref="oc-463"/>
      </symbol>
      <symbol id="sm-1908">
         <name>memccpy</name>
         <value>0x17be9</value>
         <object_component_ref idref="oc-425"/>
      </symbol>
      <symbol id="sm-1918">
         <name>strchr</name>
         <value>0x17c37</value>
         <object_component_ref idref="oc-4a5"/>
      </symbol>
      <symbol id="sm-1926">
         <name>strlen</name>
         <value>0x17c4d</value>
         <object_component_ref idref="oc-3fb"/>
      </symbol>
      <symbol id="sm-1930">
         <name>copysign</name>
         <value>0x17c05</value>
         <object_component_ref idref="oc-4e6"/>
      </symbol>
      <symbol id="sm-1931">
         <name>copysignl</name>
         <value>0x17c05</value>
         <object_component_ref idref="oc-4e6"/>
      </symbol>
      <symbol id="sm-193b">
         <name>__aeabi_idiv0</name>
         <value>0x11033</value>
         <object_component_ref idref="oc-4d1"/>
      </symbol>
      <symbol id="sm-193c">
         <name>__aeabi_ldiv0</name>
         <value>0x11033</value>
         <object_component_ref idref="oc-4d1"/>
      </symbol>
      <symbol id="sm-193d">
         <name>__TI_static_base__</name>
         <value>0x0</value>
      </symbol>
      <symbol id="sm-1940">
         <name>__mpu_init</name>
         <value>0x0</value>
      </symbol>
      <symbol id="sm-1941">
         <name>_system_post_cinit</name>
         <value>0x0</value>
      </symbol>
      <symbol id="sm-1942">
         <name>NMI_Handler</name>
         <value>0x17c8d</value>
      </symbol>
      <symbol id="sm-1943">
         <name>HardFault_Handler</name>
         <value>0x17c8d</value>
      </symbol>
      <symbol id="sm-1944">
         <name>MemManage_Handler</name>
         <value>0x17c8d</value>
      </symbol>
      <symbol id="sm-1945">
         <name>BusFault_Handler</name>
         <value>0x17c8d</value>
      </symbol>
      <symbol id="sm-1946">
         <name>UsageFault_Handler</name>
         <value>0x17c8d</value>
      </symbol>
      <symbol id="sm-1947">
         <name>SVC_Handler</name>
         <value>0x17c8d</value>
      </symbol>
      <symbol id="sm-1948">
         <name>DebugMon_Handler</name>
         <value>0x17c8d</value>
      </symbol>
      <symbol id="sm-1949">
         <name>PendSV_Handler</name>
         <value>0x17c8d</value>
      </symbol>
      <symbol id="sm-194a">
         <name>SysTick_Handler</name>
         <value>0x17c8d</value>
      </symbol>
      <symbol id="sm-194b">
         <name>PSS_IRQHandler</name>
         <value>0x17c8d</value>
      </symbol>
      <symbol id="sm-194c">
         <name>CS_IRQHandler</name>
         <value>0x17c8d</value>
      </symbol>
      <symbol id="sm-194d">
         <name>PCM_IRQHandler</name>
         <value>0x17c8d</value>
      </symbol>
      <symbol id="sm-194e">
         <name>WDT_A_IRQHandler</name>
         <value>0x17c8d</value>
      </symbol>
      <symbol id="sm-194f">
         <name>FPU_IRQHandler</name>
         <value>0x17c8d</value>
      </symbol>
      <symbol id="sm-1950">
         <name>FLCTL_IRQHandler</name>
         <value>0x17c8d</value>
      </symbol>
      <symbol id="sm-1951">
         <name>COMP_E0_IRQHandler</name>
         <value>0x17c8d</value>
      </symbol>
      <symbol id="sm-1952">
         <name>COMP_E1_IRQHandler</name>
         <value>0x17c8d</value>
      </symbol>
      <symbol id="sm-1953">
         <name>TA0_0_IRQHandler</name>
         <value>0x17c8d</value>
      </symbol>
      <symbol id="sm-1954">
         <name>TA0_N_IRQHandler</name>
         <value>0x17c8d</value>
      </symbol>
      <symbol id="sm-1955">
         <name>TA1_0_IRQHandler</name>
         <value>0x17811</value>
      </symbol>
      <symbol id="sm-1956">
         <name>TA1_N_IRQHandler</name>
         <value>0x17c8d</value>
      </symbol>
      <symbol id="sm-1957">
         <name>TA2_0_IRQHandler</name>
         <value>0x17c8d</value>
      </symbol>
      <symbol id="sm-1958">
         <name>TA2_N_IRQHandler</name>
         <value>0x17c8d</value>
      </symbol>
      <symbol id="sm-1959">
         <name>TA3_0_IRQHandler</name>
         <value>0x17c8d</value>
      </symbol>
      <symbol id="sm-195a">
         <name>TA3_N_IRQHandler</name>
         <value>0x17c8d</value>
      </symbol>
      <symbol id="sm-195b">
         <name>EUSCIA0_IRQHandler</name>
         <value>0x15b83</value>
      </symbol>
      <symbol id="sm-195c">
         <name>EUSCIA1_IRQHandler</name>
         <value>0x17c8d</value>
      </symbol>
      <symbol id="sm-195d">
         <name>EUSCIA2_IRQHandler</name>
         <value>0x17c8d</value>
      </symbol>
      <symbol id="sm-195e">
         <name>EUSCIA3_IRQHandler</name>
         <value>0x17c8d</value>
      </symbol>
      <symbol id="sm-195f">
         <name>EUSCIB0_IRQHandler</name>
         <value>0x17c8d</value>
      </symbol>
      <symbol id="sm-1960">
         <name>EUSCIB1_IRQHandler</name>
         <value>0x14835</value>
      </symbol>
      <symbol id="sm-1961">
         <name>EUSCIB2_IRQHandler</name>
         <value>0x17c8d</value>
      </symbol>
      <symbol id="sm-1962">
         <name>EUSCIB3_IRQHandler</name>
         <value>0x17c8d</value>
      </symbol>
      <symbol id="sm-1963">
         <name>ADC14_IRQHandler</name>
         <value>0x17c8d</value>
      </symbol>
      <symbol id="sm-1964">
         <name>T32_INT1_IRQHandler</name>
         <value>0x17c8d</value>
      </symbol>
      <symbol id="sm-1965">
         <name>T32_INT2_IRQHandler</name>
         <value>0x17c8d</value>
      </symbol>
      <symbol id="sm-1966">
         <name>T32_INTC_IRQHandler</name>
         <value>0x17c8d</value>
      </symbol>
      <symbol id="sm-1967">
         <name>AES256_IRQHandler</name>
         <value>0x17c8d</value>
      </symbol>
      <symbol id="sm-1968">
         <name>RTC_C_IRQHandler</name>
         <value>0x17c8d</value>
      </symbol>
      <symbol id="sm-1969">
         <name>DMA_ERR_IRQHandler</name>
         <value>0x17c8d</value>
      </symbol>
      <symbol id="sm-196a">
         <name>DMA_INT3_IRQHandler</name>
         <value>0x17c8d</value>
      </symbol>
      <symbol id="sm-196b">
         <name>DMA_INT2_IRQHandler</name>
         <value>0x17c8d</value>
      </symbol>
      <symbol id="sm-196c">
         <name>DMA_INT1_IRQHandler</name>
         <value>0x17c8d</value>
      </symbol>
      <symbol id="sm-196d">
         <name>DMA_INT0_IRQHandler</name>
         <value>0x17c8d</value>
      </symbol>
      <symbol id="sm-196e">
         <name>PORT1_IRQHandler</name>
         <value>0x17c8d</value>
      </symbol>
      <symbol id="sm-196f">
         <name>PORT2_IRQHandler</name>
         <value>0x17c8d</value>
      </symbol>
      <symbol id="sm-1970">
         <name>PORT3_IRQHandler</name>
         <value>0x17c8d</value>
      </symbol>
      <symbol id="sm-1971">
         <name>PORT4_IRQHandler</name>
         <value>0x16f7f</value>
      </symbol>
      <symbol id="sm-1972">
         <name>PORT5_IRQHandler</name>
         <value>0x17c8d</value>
      </symbol>
      <symbol id="sm-1973">
         <name>PORT6_IRQHandler</name>
         <value>0x17c8d</value>
      </symbol>
   </symbol_table>
   <title>Link successful</title>
</link_info>
