<?xml version="1.0" encoding="ISO-8859-1" ?>
<link_info>
   <banner>TI ARM Linker PC v20.2.5.LTS</banner>
   <copyright>Copyright (c) 1996-2018 Texas Instruments Incorporated</copyright>
   <link_time>0x617c5fcf</link_time>
   <link_errors>0x0</link_errors>
   <output_file>Module 8.out</output_file>
   <entry_point>
      <name>_c_int00_noargs</name>
      <address>0x5415</address>
   </entry_point>
   <input_file_list>
      <input_file id="fl-2">
         <path>.\</path>
         <kind>object</kind>
         <file>Bump.obj</file>
         <name>Bump.obj</name>
      </input_file>
      <input_file id="fl-3">
         <path>.\</path>
         <kind>object</kind>
         <file>Clock.obj</file>
         <name>Clock.obj</name>
      </input_file>
      <input_file id="fl-4">
         <path>.\</path>
         <kind>object</kind>
         <file>FSM.obj</file>
         <name>FSM.obj</name>
      </input_file>
      <input_file id="fl-5">
         <path>.\</path>
         <kind>object</kind>
         <file>LED.obj</file>
         <name>LED.obj</name>
      </input_file>
      <input_file id="fl-6">
         <path>.\</path>
         <kind>object</kind>
         <file>Motor.obj</file>
         <name>Motor.obj</name>
      </input_file>
      <input_file id="fl-7">
         <path>.\</path>
         <kind>object</kind>
         <file>PWM.obj</file>
         <name>PWM.obj</name>
      </input_file>
      <input_file id="fl-8">
         <path>.\</path>
         <kind>object</kind>
         <file>Reflectance.obj</file>
         <name>Reflectance.obj</name>
      </input_file>
      <input_file id="fl-9">
         <path>.\</path>
         <kind>object</kind>
         <file>TimerA1.obj</file>
         <name>TimerA1.obj</name>
      </input_file>
      <input_file id="fl-a">
         <path>.\</path>
         <kind>object</kind>
         <file>adc14.obj</file>
         <name>adc14.obj</name>
      </input_file>
      <input_file id="fl-b">
         <path>.\</path>
         <kind>object</kind>
         <file>aes256.obj</file>
         <name>aes256.obj</name>
      </input_file>
      <input_file id="fl-c">
         <path>.\</path>
         <kind>object</kind>
         <file>comp_e.obj</file>
         <name>comp_e.obj</name>
      </input_file>
      <input_file id="fl-d">
         <path>.\</path>
         <kind>object</kind>
         <file>cpu.obj</file>
         <name>cpu.obj</name>
      </input_file>
      <input_file id="fl-e">
         <path>.\</path>
         <kind>object</kind>
         <file>crc32.obj</file>
         <name>crc32.obj</name>
      </input_file>
      <input_file id="fl-f">
         <path>.\</path>
         <kind>object</kind>
         <file>cs.obj</file>
         <name>cs.obj</name>
      </input_file>
      <input_file id="fl-10">
         <path>.\</path>
         <kind>object</kind>
         <file>dma.obj</file>
         <name>dma.obj</name>
      </input_file>
      <input_file id="fl-11">
         <path>.\</path>
         <kind>object</kind>
         <file>flash.obj</file>
         <name>flash.obj</name>
      </input_file>
      <input_file id="fl-12">
         <path>.\</path>
         <kind>object</kind>
         <file>fpu.obj</file>
         <name>fpu.obj</name>
      </input_file>
      <input_file id="fl-13">
         <path>.\</path>
         <kind>object</kind>
         <file>gpio.obj</file>
         <name>gpio.obj</name>
      </input_file>
      <input_file id="fl-14">
         <path>.\</path>
         <kind>object</kind>
         <file>i2c.obj</file>
         <name>i2c.obj</name>
      </input_file>
      <input_file id="fl-15">
         <path>.\</path>
         <kind>object</kind>
         <file>interrupt.obj</file>
         <name>interrupt.obj</name>
      </input_file>
      <input_file id="fl-16">
         <path>.\</path>
         <kind>object</kind>
         <file>main.obj</file>
         <name>main.obj</name>
      </input_file>
      <input_file id="fl-17">
         <path>.\</path>
         <kind>object</kind>
         <file>mpu.obj</file>
         <name>mpu.obj</name>
      </input_file>
      <input_file id="fl-18">
         <path>.\</path>
         <kind>object</kind>
         <file>pcm.obj</file>
         <name>pcm.obj</name>
      </input_file>
      <input_file id="fl-19">
         <path>.\</path>
         <kind>object</kind>
         <file>pmap.obj</file>
         <name>pmap.obj</name>
      </input_file>
      <input_file id="fl-1a">
         <path>.\</path>
         <kind>object</kind>
         <file>pss.obj</file>
         <name>pss.obj</name>
      </input_file>
      <input_file id="fl-1b">
         <path>.\</path>
         <kind>object</kind>
         <file>ref_a.obj</file>
         <name>ref_a.obj</name>
      </input_file>
      <input_file id="fl-1c">
         <path>.\</path>
         <kind>object</kind>
         <file>reset.obj</file>
         <name>reset.obj</name>
      </input_file>
      <input_file id="fl-1d">
         <path>.\</path>
         <kind>object</kind>
         <file>rtc_c.obj</file>
         <name>rtc_c.obj</name>
      </input_file>
      <input_file id="fl-1e">
         <path>.\</path>
         <kind>object</kind>
         <file>spi.obj</file>
         <name>spi.obj</name>
      </input_file>
      <input_file id="fl-1f">
         <path>.\</path>
         <kind>object</kind>
         <file>startup_msp432p401r_ccs.obj</file>
         <name>startup_msp432p401r_ccs.obj</name>
      </input_file>
      <input_file id="fl-20">
         <path>.\</path>
         <kind>object</kind>
         <file>sysctl.obj</file>
         <name>sysctl.obj</name>
      </input_file>
      <input_file id="fl-21">
         <path>.\</path>
         <kind>object</kind>
         <file>system_msp432p401r.obj</file>
         <name>system_msp432p401r.obj</name>
      </input_file>
      <input_file id="fl-22">
         <path>.\</path>
         <kind>object</kind>
         <file>systick.obj</file>
         <name>systick.obj</name>
      </input_file>
      <input_file id="fl-23">
         <path>.\</path>
         <kind>object</kind>
         <file>timer32.obj</file>
         <name>timer32.obj</name>
      </input_file>
      <input_file id="fl-24">
         <path>.\</path>
         <kind>object</kind>
         <file>timer_a.obj</file>
         <name>timer_a.obj</name>
      </input_file>
      <input_file id="fl-25">
         <path>.\</path>
         <kind>object</kind>
         <file>uart.obj</file>
         <name>uart.obj</name>
      </input_file>
      <input_file id="fl-26">
         <path>.\</path>
         <kind>object</kind>
         <file>wdt_a.obj</file>
         <name>wdt_a.obj</name>
      </input_file>
      <input_file id="fl-2a">
         <kind>object</kind>
         <file>&lt;internal&gt;</file>
         <name>&lt;internal&gt;</name>
      </input_file>
      <input_file id="fl-e0">
         <path>C:\ti\ccs1040\ccs\tools\compiler\ti-cgt-arm_20.2.5.LTS\lib\</path>
         <kind>archive</kind>
         <file>rtsv7M4_T_le_v4SPD16_eabi.lib</file>
         <name>copy_zero_init.c.obj</name>
      </input_file>
      <input_file id="fl-e1">
         <path>C:\ti\ccs1040\ccs\tools\compiler\ti-cgt-arm_20.2.5.LTS\lib\</path>
         <kind>archive</kind>
         <file>rtsv7M4_T_le_v4SPD16_eabi.lib</file>
         <name>copy_decompress_none.c.obj</name>
      </input_file>
      <input_file id="fl-e2">
         <path>C:\ti\ccs1040\ccs\tools\compiler\ti-cgt-arm_20.2.5.LTS\lib\</path>
         <kind>archive</kind>
         <file>rtsv7M4_T_le_v4SPD16_eabi.lib</file>
         <name>copy_decompress_lzss.c.obj</name>
      </input_file>
      <input_file id="fl-e3">
         <path>C:\ti\ccs1040\ccs\tools\compiler\ti-cgt-arm_20.2.5.LTS\lib\</path>
         <kind>archive</kind>
         <file>rtsv7M4_T_le_v4SPD16_eabi.lib</file>
         <name>boot_cortex_m.c.obj</name>
      </input_file>
      <input_file id="fl-e4">
         <path>C:\ti\ccs1040\ccs\tools\compiler\ti-cgt-arm_20.2.5.LTS\lib\</path>
         <kind>archive</kind>
         <file>rtsv7M4_T_le_v4SPD16_eabi.lib</file>
         <name>memcpy_t2.asm.obj</name>
      </input_file>
      <input_file id="fl-e5">
         <path>C:\ti\ccs1040\ccs\tools\compiler\ti-cgt-arm_20.2.5.LTS\lib\</path>
         <kind>archive</kind>
         <file>rtsv7M4_T_le_v4SPD16_eabi.lib</file>
         <name>memset_t2.asm.obj</name>
      </input_file>
      <input_file id="fl-e6">
         <path>C:\ti\ccs1040\ccs\tools\compiler\ti-cgt-arm_20.2.5.LTS\lib\</path>
         <kind>archive</kind>
         <file>rtsv7M4_T_le_v4SPD16_eabi.lib</file>
         <name>autoinit.c.obj</name>
      </input_file>
      <input_file id="fl-e7">
         <path>C:\ti\ccs1040\ccs\tools\compiler\ti-cgt-arm_20.2.5.LTS\lib\</path>
         <kind>archive</kind>
         <file>rtsv7M4_T_le_v4SPD16_eabi.lib</file>
         <name>pre_init.c.obj</name>
      </input_file>
      <input_file id="fl-e8">
         <path>C:\ti\ccs1040\ccs\tools\compiler\ti-cgt-arm_20.2.5.LTS\lib\</path>
         <kind>archive</kind>
         <file>rtsv7M4_T_le_v4SPD16_eabi.lib</file>
         <name>cpy_tbl.c.obj</name>
      </input_file>
      <input_file id="fl-e9">
         <path>C:\ti\ccs1040\ccs\tools\compiler\ti-cgt-arm_20.2.5.LTS\lib\</path>
         <kind>archive</kind>
         <file>rtsv7M4_T_le_v4SPD16_eabi.lib</file>
         <name>exit.c.obj</name>
      </input_file>
      <input_file id="fl-ea">
         <path>C:\ti\ccs1040\ccs\tools\compiler\ti-cgt-arm_20.2.5.LTS\lib\</path>
         <kind>archive</kind>
         <file>rtsv7M4_T_le_v4SPD16_eabi.lib</file>
         <name>_lock.c.obj</name>
      </input_file>
      <input_file id="fl-eb">
         <path>C:\ti\ccs1040\ccs\tools\compiler\ti-cgt-arm_20.2.5.LTS\lib\</path>
         <kind>archive</kind>
         <file>rtsv7M4_T_le_v4SPD16_eabi.lib</file>
         <name>args_main.c.obj</name>
      </input_file>
   </input_file_list>
   <object_component_list>
      <object_component id="oc-26">
         <name>.intvecs:retain</name>
         <load_address>0x0</load_address>
         <run_address>0x0</run_address>
         <size>0xe4</size>
         <input_file_ref idref="fl-1f"/>
      </object_component>
      <object_component id="oc-1c3">
         <name>.text</name>
         <load_address>0xe4</load_address>
         <run_address>0xe4</run_address>
         <size>0x15a8</size>
         <input_file_ref idref="fl-11"/>
      </object_component>
      <object_component id="oc-1c9">
         <name>.text</name>
         <load_address>0x168c</load_address>
         <run_address>0x168c</run_address>
         <size>0xc5c</size>
         <input_file_ref idref="fl-f"/>
      </object_component>
      <object_component id="oc-1bd">
         <name>.text</name>
         <load_address>0x22e8</load_address>
         <run_address>0x22e8</run_address>
         <size>0x834</size>
         <input_file_ref idref="fl-18"/>
      </object_component>
      <object_component id="oc-b8">
         <name>.text</name>
         <load_address>0x2b1c</load_address>
         <run_address>0x2b1c</run_address>
         <size>0x798</size>
         <input_file_ref idref="fl-24"/>
      </object_component>
      <object_component id="oc-221">
         <name>.text</name>
         <load_address>0x32b4</load_address>
         <run_address>0x32b4</run_address>
         <size>0x554</size>
         <input_file_ref idref="fl-1d"/>
      </object_component>
      <object_component id="oc-d0">
         <name>.text</name>
         <load_address>0x3808</load_address>
         <run_address>0x3808</run_address>
         <size>0x480</size>
         <input_file_ref idref="fl-13"/>
      </object_component>
      <object_component id="oc-be">
         <name>.text</name>
         <load_address>0x3c88</load_address>
         <run_address>0x3c88</run_address>
         <size>0x40c</size>
         <input_file_ref idref="fl-15"/>
      </object_component>
      <object_component id="oc-f7">
         <name>.text</name>
         <load_address>0x4094</load_address>
         <run_address>0x4094</run_address>
         <size>0x370</size>
         <input_file_ref idref="fl-4"/>
      </object_component>
      <object_component id="oc-1a1">
         <name>.text</name>
         <load_address>0x4404</load_address>
         <run_address>0x4404</run_address>
         <size>0x33c</size>
         <input_file_ref idref="fl-8"/>
      </object_component>
      <object_component id="oc-b1">
         <name>.text</name>
         <load_address>0x4740</load_address>
         <run_address>0x4740</run_address>
         <size>0x334</size>
         <input_file_ref idref="fl-21"/>
      </object_component>
      <object_component id="oc-1b5">
         <name>.text</name>
         <load_address>0x4a74</load_address>
         <run_address>0x4a74</run_address>
         <size>0x248</size>
         <input_file_ref idref="fl-20"/>
      </object_component>
      <object_component id="oc-109">
         <name>.text</name>
         <load_address>0x4cbc</load_address>
         <run_address>0x4cbc</run_address>
         <size>0x102</size>
         <input_file_ref idref="fl-6"/>
      </object_component>
      <object_component id="oc-73">
         <name>.text</name>
         <load_address>0x4dc0</load_address>
         <run_address>0x4dc0</run_address>
         <size>0xe8</size>
         <input_file_ref idref="fl-2"/>
      </object_component>
      <object_component id="oc-1d0">
         <name>.text</name>
         <load_address>0x4ea8</load_address>
         <run_address>0x4ea8</run_address>
         <size>0xe4</size>
         <input_file_ref idref="fl-7"/>
      </object_component>
      <object_component id="oc-fd">
         <name>.text</name>
         <load_address>0x4f8c</load_address>
         <run_address>0x4f8c</run_address>
         <size>0xd8</size>
         <input_file_ref idref="fl-26"/>
      </object_component>
      <object_component id="oc-103">
         <name>.text</name>
         <load_address>0x5064</load_address>
         <run_address>0x5064</run_address>
         <size>0xc0</size>
         <input_file_ref idref="fl-3"/>
      </object_component>
      <object_component id="oc-9f">
         <name>.text</name>
         <load_address>0x5124</load_address>
         <run_address>0x5124</run_address>
         <size>0xac</size>
         <input_file_ref idref="fl-16"/>
      </object_component>
      <object_component id="oc-37">
         <name>.text</name>
         <load_address>0x51d0</load_address>
         <run_address>0x51d0</run_address>
         <size>0x9c</size>
         <input_file_ref idref="fl-e4"/>
      </object_component>
      <object_component id="oc-17">
         <name>.text:decompress:lzss:__TI_decompress_lzss</name>
         <load_address>0x526c</load_address>
         <run_address>0x526c</run_address>
         <size>0x68</size>
         <input_file_ref idref="fl-e2"/>
      </object_component>
      <object_component id="oc-6d">
         <name>.text</name>
         <load_address>0x52d4</load_address>
         <run_address>0x52d4</run_address>
         <size>0x60</size>
         <input_file_ref idref="fl-9"/>
      </object_component>
      <object_component id="oc-f1">
         <name>.text</name>
         <load_address>0x5334</load_address>
         <run_address>0x5334</run_address>
         <size>0x5c</size>
         <input_file_ref idref="fl-5"/>
      </object_component>
      <object_component id="oc-11f">
         <name>.text:__TI_auto_init_nobinit_nopinit:__TI_auto_init_nobinit_nopinit</name>
         <load_address>0x5390</load_address>
         <run_address>0x5390</run_address>
         <size>0x44</size>
         <input_file_ref idref="fl-e6"/>
      </object_component>
      <object_component id="oc-15c">
         <name>.text</name>
         <load_address>0x53d4</load_address>
         <run_address>0x53d4</run_address>
         <size>0x3e</size>
         <input_file_ref idref="fl-d"/>
      </object_component>
      <object_component id="oc-55">
         <name>.text:_c_int00_noargs:_c_int00_noargs</name>
         <load_address>0x5414</load_address>
         <run_address>0x5414</run_address>
         <size>0x34</size>
         <input_file_ref idref="fl-e3"/>
      </object_component>
      <object_component id="oc-43">
         <name>.text:decompress:ZI:__TI_zero_init_nomemset:__TI_zero_init_nomemset</name>
         <load_address>0x5448</load_address>
         <run_address>0x5448</run_address>
         <size>0x1c</size>
         <input_file_ref idref="fl-e0"/>
      </object_component>
      <object_component id="oc-1d">
         <name>.text:decompress:none:__TI_decompress_none</name>
         <load_address>0x5464</load_address>
         <run_address>0x5464</run_address>
         <size>0xe</size>
         <input_file_ref idref="fl-e1"/>
      </object_component>
      <object_component id="oc-67">
         <name>.text</name>
         <load_address>0x5472</load_address>
         <run_address>0x5472</run_address>
         <size>0xe</size>
         <input_file_ref idref="fl-1f"/>
      </object_component>
      <object_component id="oc-99">
         <name>.text:_system_pre_init</name>
         <load_address>0x5480</load_address>
         <run_address>0x5480</run_address>
         <size>0x4</size>
         <input_file_ref idref="fl-e7"/>
      </object_component>
      <object_component id="oc-113">
         <name>.text:abort:abort</name>
         <load_address>0x5484</load_address>
         <run_address>0x5484</run_address>
         <size>0x4</size>
         <input_file_ref idref="fl-e9"/>
      </object_component>
      <object_component id="oc-168">
         <name>.const:g_pulRegs</name>
         <load_address>0x5488</load_address>
         <run_address>0x5488</run_address>
         <size>0x50</size>
         <input_file_ref idref="fl-15"/>
      </object_component>
      <object_component id="oc-196">
         <name>.const:GPIO_PORT_TO_BASE</name>
         <load_address>0x54d8</load_address>
         <run_address>0x54d8</run_address>
         <size>0x30</size>
         <input_file_ref idref="fl-13"/>
      </object_component>
      <object_component id="oc-214">
         <name>.const:$P$T0$1</name>
         <load_address>0x5508</load_address>
         <run_address>0x5508</run_address>
         <size>0x20</size>
         <input_file_ref idref="fl-8"/>
      </object_component>
      <object_component id="oc-165">
         <name>.const:g_pulPriority</name>
         <load_address>0x5528</load_address>
         <run_address>0x5528</run_address>
         <size>0x20</size>
         <input_file_ref idref="fl-15"/>
      </object_component>
      <object_component id="oc-199">
         <name>.const:GPIO_PORT_TO_INT</name>
         <load_address>0x5548</load_address>
         <run_address>0x5548</run_address>
         <size>0x1c</size>
         <input_file_ref idref="fl-13"/>
      </object_component>
      <object_component id="oc-16e">
         <name>.const:g_pulDisRegs</name>
         <load_address>0x5564</load_address>
         <run_address>0x5564</run_address>
         <size>0x8</size>
         <input_file_ref idref="fl-15"/>
      </object_component>
      <object_component id="oc-16b">
         <name>.const:g_pulEnRegs</name>
         <load_address>0x556c</load_address>
         <run_address>0x556c</run_address>
         <size>0x8</size>
         <input_file_ref idref="fl-15"/>
      </object_component>
      <object_component id="oc-171">
         <name>.const:g_pulPendRegs</name>
         <load_address>0x5574</load_address>
         <run_address>0x5574</run_address>
         <size>0x8</size>
         <input_file_ref idref="fl-15"/>
      </object_component>
      <object_component id="oc-174">
         <name>.const:g_pulUnpendRegs</name>
         <load_address>0x557c</load_address>
         <run_address>0x557c</run_address>
         <size>0x8</size>
         <input_file_ref idref="fl-15"/>
      </object_component>
      <object_component id="oc-2cd">
         <name>.cinit..data.load</name>
         <load_address>0x5588</load_address>
         <run_address>0x5588</run_address>
         <size>0x6c</size>
      </object_component>
      <object_component id="oc-2ca">
         <name>__TI_handler_table</name>
         <load_address>0x55f4</load_address>
         <run_address>0x55f4</run_address>
         <size>0xc</size>
      </object_component>
      <object_component id="oc-2ce">
         <name>.cinit..bss.load</name>
         <load_address>0x5600</load_address>
         <run_address>0x5600</run_address>
         <size>0x8</size>
      </object_component>
      <object_component id="oc-2cc">
         <name>.cinit..vtable.load</name>
         <load_address>0x5608</load_address>
         <run_address>0x5608</run_address>
         <size>0x8</size>
      </object_component>
      <object_component id="oc-2cb">
         <name>__TI_cinit_table</name>
         <load_address>0x5610</load_address>
         <run_address>0x5610</run_address>
         <size>0x18</size>
      </object_component>
      <object_component id="oc-29e">
         <name>.binit</name>
         <load_address>0x0</load_address>
         <run_address>0x0</run_address>
         <size>0x0</size>
      </object_component>
      <object_component id="oc-162">
         <name>.vtable</name>
         <uninitialized>true</uninitialized>
         <run_address>0x20000000</run_address>
         <size>0xe8</size>
         <input_file_ref idref="fl-15"/>
      </object_component>
      <object_component id="oc-1ab">
         <name>.data</name>
         <load_address>0x20000178</load_address>
         <run_address>0x20000178</run_address>
         <size>0x6</size>
         <input_file_ref idref="fl-4"/>
      </object_component>
      <object_component id="oc-236">
         <name>.data</name>
         <load_address>0x2000017e</load_address>
         <run_address>0x2000017e</run_address>
         <size>0x2</size>
         <input_file_ref idref="fl-7"/>
      </object_component>
      <object_component id="oc-233">
         <name>.data:upDownConfig</name>
         <load_address>0x20000140</load_address>
         <run_address>0x20000140</run_address>
         <size>0x18</size>
         <input_file_ref idref="fl-7"/>
      </object_component>
      <object_component id="oc-239">
         <name>.data:compareConfig_PWM3</name>
         <load_address>0x20000158</load_address>
         <run_address>0x20000158</run_address>
         <size>0x10</size>
         <input_file_ref idref="fl-7"/>
      </object_component>
      <object_component id="oc-23c">
         <name>.data:compareConfig_PWM4</name>
         <load_address>0x20000168</load_address>
         <run_address>0x20000168</run_address>
         <size>0x10</size>
         <input_file_ref idref="fl-7"/>
      </object_component>
      <object_component id="oc-c7">
         <name>.data:Config</name>
         <load_address>0x20000128</load_address>
         <run_address>0x20000128</run_address>
         <size>0x18</size>
         <input_file_ref idref="fl-9"/>
      </object_component>
      <object_component id="oc-229">
         <name>.data:__getBurstProgramRegs</name>
         <load_address>0x200000e8</load_address>
         <run_address>0x200000e8</run_address>
         <size>0x40</size>
         <input_file_ref idref="fl-11"/>
      </object_component>
      <object_component id="oc-151">
         <name>.data</name>
         <load_address>0x20000180</load_address>
         <run_address>0x20000180</run_address>
         <size>0x4</size>
         <input_file_ref idref="fl-21"/>
      </object_component>
      <object_component id="oc-22e">
         <name>.bss</name>
         <uninitialized>true</uninitialized>
         <run_address>0x20000184</run_address>
         <size>0x8</size>
         <input_file_ref idref="fl-f"/>
      </object_component>
      <object_component id="oc-d6">
         <name>.common:BumpTask</name>
         <uninitialized>true</uninitialized>
         <run_address>0x2000018c</run_address>
         <size>0x4</size>
      </object_component>
      <object_component id="oc-1ae">
         <name>.common:i</name>
         <uninitialized>true</uninitialized>
         <run_address>0x20000194</run_address>
         <size>0x4</size>
      </object_component>
      <object_component id="oc-1aa">
         <name>.common:position</name>
         <uninitialized>true</uninitialized>
         <run_address>0x2000019a</run_address>
         <size>0x1</size>
      </object_component>
      <object_component id="oc-1a7">
         <name>.common:bump</name>
         <uninitialized>true</uninitialized>
         <run_address>0x20000199</run_address>
         <size>0x1</size>
      </object_component>
      <object_component id="oc-c4">
         <name>.common:TimerA1Task</name>
         <uninitialized>true</uninitialized>
         <run_address>0x20000190</run_address>
         <size>0x4</size>
      </object_component>
      <object_component id="oc-10f">
         <name>.common:TakeFive_FSM</name>
         <uninitialized>true</uninitialized>
         <run_address>0x20000198</run_address>
         <size>0x1</size>
      </object_component>
      <object_component id="oc-29">
         <name>.stack</name>
         <uninitialized>true</uninitialized>
         <run_address>0x2000fe00</run_address>
         <size>0x4</size>
         <input_file_ref idref="fl-e3"/>
      </object_component>
      <object_component id="oc-2d0">
         <name>.stack</name>
         <uninitialized>true</uninitialized>
         <run_address>0x2000fe00</run_address>
         <size>0x0</size>
      </object_component>
      <object_component id="oc-d7">
         <name>.debug_info</name>
         <load_address>0x0</load_address>
         <run_address>0x0</run_address>
         <size>0x769</size>
         <input_file_ref idref="fl-2"/>
      </object_component>
      <object_component id="oc-75">
         <name>.debug_info</name>
         <load_address>0x769</load_address>
         <run_address>0x769</run_address>
         <size>0x3f2</size>
         <input_file_ref idref="fl-2"/>
      </object_component>
      <object_component id="oc-dc">
         <name>.debug_info</name>
         <load_address>0xb5b</load_address>
         <run_address>0xb5b</run_address>
         <size>0x26b</size>
         <input_file_ref idref="fl-2"/>
      </object_component>
      <object_component id="oc-185">
         <name>.debug_info</name>
         <load_address>0xdc6</load_address>
         <run_address>0xdc6</run_address>
         <size>0x1055</size>
         <input_file_ref idref="fl-2"/>
      </object_component>
      <object_component id="oc-180">
         <name>.debug_info</name>
         <load_address>0x1e1b</load_address>
         <run_address>0x1e1b</run_address>
         <size>0x37e2</size>
         <input_file_ref idref="fl-2"/>
      </object_component>
      <object_component id="oc-279">
         <name>.debug_info</name>
         <load_address>0x55fd</load_address>
         <run_address>0x55fd</run_address>
         <size>0x1b5</size>
         <input_file_ref idref="fl-2"/>
      </object_component>
      <object_component id="oc-26e">
         <name>.debug_info</name>
         <load_address>0x57b2</load_address>
         <run_address>0x57b2</run_address>
         <size>0xc6</size>
         <input_file_ref idref="fl-2"/>
      </object_component>
      <object_component id="oc-18a">
         <name>.debug_info</name>
         <load_address>0x5878</load_address>
         <run_address>0x5878</run_address>
         <size>0x341</size>
         <input_file_ref idref="fl-2"/>
      </object_component>
      <object_component id="oc-32">
         <name>.debug_info</name>
         <load_address>0x5bb9</load_address>
         <run_address>0x5bb9</run_address>
         <size>0x84</size>
         <input_file_ref idref="fl-2"/>
      </object_component>
      <object_component id="oc-191">
         <name>.debug_info</name>
         <load_address>0x5c3d</load_address>
         <run_address>0x5c3d</run_address>
         <size>0x2a4</size>
         <input_file_ref idref="fl-2"/>
      </object_component>
      <object_component id="oc-156">
         <name>.debug_info</name>
         <load_address>0x5ee1</load_address>
         <run_address>0x5ee1</run_address>
         <size>0xef</size>
         <input_file_ref idref="fl-2"/>
      </object_component>
      <object_component id="oc-cb">
         <name>.debug_info</name>
         <load_address>0x5fd0</load_address>
         <run_address>0x5fd0</run_address>
         <size>0xbb</size>
         <input_file_ref idref="fl-2"/>
      </object_component>
      <object_component id="oc-104">
         <name>.debug_info</name>
         <load_address>0x608b</load_address>
         <run_address>0x608b</run_address>
         <size>0x400</size>
         <input_file_ref idref="fl-3"/>
      </object_component>
      <object_component id="oc-178">
         <name>.debug_info</name>
         <load_address>0x648b</load_address>
         <run_address>0x648b</run_address>
         <size>0x8b</size>
         <input_file_ref idref="fl-3"/>
      </object_component>
      <object_component id="oc-1a8">
         <name>.debug_info</name>
         <load_address>0x6516</load_address>
         <run_address>0x6516</run_address>
         <size>0x6dd</size>
         <input_file_ref idref="fl-4"/>
      </object_component>
      <object_component id="oc-1ac">
         <name>.debug_info</name>
         <load_address>0x6bf3</load_address>
         <run_address>0x6bf3</run_address>
         <size>0x12b</size>
         <input_file_ref idref="fl-4"/>
      </object_component>
      <object_component id="oc-f8">
         <name>.debug_info</name>
         <load_address>0x6d1e</load_address>
         <run_address>0x6d1e</run_address>
         <size>0x34c</size>
         <input_file_ref idref="fl-4"/>
      </object_component>
      <object_component id="oc-1b0">
         <name>.debug_info</name>
         <load_address>0x706a</load_address>
         <run_address>0x706a</run_address>
         <size>0xb2</size>
         <input_file_ref idref="fl-4"/>
      </object_component>
      <object_component id="oc-f2">
         <name>.debug_info</name>
         <load_address>0x711c</load_address>
         <run_address>0x711c</run_address>
         <size>0x113</size>
         <input_file_ref idref="fl-5"/>
      </object_component>
      <object_component id="oc-10b">
         <name>.debug_info</name>
         <load_address>0x722f</load_address>
         <run_address>0x722f</run_address>
         <size>0x6ae</size>
         <input_file_ref idref="fl-6"/>
      </object_component>
      <object_component id="oc-237">
         <name>.debug_info</name>
         <load_address>0x78dd</load_address>
         <run_address>0x78dd</run_address>
         <size>0xdf</size>
         <input_file_ref idref="fl-7"/>
      </object_component>
      <object_component id="oc-234">
         <name>.debug_info</name>
         <load_address>0x79bc</load_address>
         <run_address>0x79bc</run_address>
         <size>0xdb</size>
         <input_file_ref idref="fl-7"/>
      </object_component>
      <object_component id="oc-23a">
         <name>.debug_info</name>
         <load_address>0x7a97</load_address>
         <run_address>0x7a97</run_address>
         <size>0xe7</size>
         <input_file_ref idref="fl-7"/>
      </object_component>
      <object_component id="oc-23d">
         <name>.debug_info</name>
         <load_address>0x7b7e</load_address>
         <run_address>0x7b7e</run_address>
         <size>0xe7</size>
         <input_file_ref idref="fl-7"/>
      </object_component>
      <object_component id="oc-1d2">
         <name>.debug_info</name>
         <load_address>0x7c65</load_address>
         <run_address>0x7c65</run_address>
         <size>0x392</size>
         <input_file_ref idref="fl-7"/>
      </object_component>
      <object_component id="oc-218">
         <name>.debug_info</name>
         <load_address>0x7ff7</load_address>
         <run_address>0x7ff7</run_address>
         <size>0x6d4</size>
         <input_file_ref idref="fl-8"/>
      </object_component>
      <object_component id="oc-215">
         <name>.debug_info</name>
         <load_address>0x86cb</load_address>
         <run_address>0x86cb</run_address>
         <size>0xd8</size>
         <input_file_ref idref="fl-8"/>
      </object_component>
      <object_component id="oc-1a2">
         <name>.debug_info</name>
         <load_address>0x87a3</load_address>
         <run_address>0x87a3</run_address>
         <size>0x7e0</size>
         <input_file_ref idref="fl-8"/>
      </object_component>
      <object_component id="oc-265">
         <name>.debug_info</name>
         <load_address>0x8f83</load_address>
         <run_address>0x8f83</run_address>
         <size>0x37e2</size>
         <input_file_ref idref="fl-8"/>
      </object_component>
      <object_component id="oc-c5">
         <name>.debug_info</name>
         <load_address>0xc765</load_address>
         <run_address>0xc765</run_address>
         <size>0x69e</size>
         <input_file_ref idref="fl-9"/>
      </object_component>
      <object_component id="oc-c8">
         <name>.debug_info</name>
         <load_address>0xce03</load_address>
         <run_address>0xce03</run_address>
         <size>0xd3</size>
         <input_file_ref idref="fl-9"/>
      </object_component>
      <object_component id="oc-6e">
         <name>.debug_info</name>
         <load_address>0xced6</load_address>
         <run_address>0xced6</run_address>
         <size>0x292</size>
         <input_file_ref idref="fl-9"/>
      </object_component>
      <object_component id="oc-15d">
         <name>.debug_info</name>
         <load_address>0xd168</load_address>
         <run_address>0xd168</run_address>
         <size>0x2b7</size>
         <input_file_ref idref="fl-d"/>
      </object_component>
      <object_component id="oc-232">
         <name>.debug_info</name>
         <load_address>0xd41f</load_address>
         <run_address>0xd41f</run_address>
         <size>0x770</size>
         <input_file_ref idref="fl-f"/>
      </object_component>
      <object_component id="oc-22f">
         <name>.debug_info</name>
         <load_address>0xdb8f</load_address>
         <run_address>0xdb8f</run_address>
         <size>0xf1</size>
         <input_file_ref idref="fl-f"/>
      </object_component>
      <object_component id="oc-1cb">
         <name>.debug_info</name>
         <load_address>0xdc80</load_address>
         <run_address>0xdc80</run_address>
         <size>0x1ce3</size>
         <input_file_ref idref="fl-f"/>
      </object_component>
      <object_component id="oc-22d">
         <name>.debug_info</name>
         <load_address>0xf963</load_address>
         <run_address>0xf963</run_address>
         <size>0x78e</size>
         <input_file_ref idref="fl-11"/>
      </object_component>
      <object_component id="oc-22a">
         <name>.debug_info</name>
         <load_address>0x100f1</load_address>
         <run_address>0x100f1</run_address>
         <size>0xee</size>
         <input_file_ref idref="fl-11"/>
      </object_component>
      <object_component id="oc-1c4">
         <name>.debug_info</name>
         <load_address>0x101df</load_address>
         <run_address>0x101df</run_address>
         <size>0x3672</size>
         <input_file_ref idref="fl-11"/>
      </object_component>
      <object_component id="oc-19d">
         <name>.debug_info</name>
         <load_address>0x13851</load_address>
         <run_address>0x13851</run_address>
         <size>0x679</size>
         <input_file_ref idref="fl-13"/>
      </object_component>
      <object_component id="oc-19a">
         <name>.debug_info</name>
         <load_address>0x13eca</load_address>
         <run_address>0x13eca</run_address>
         <size>0xe3</size>
         <input_file_ref idref="fl-13"/>
      </object_component>
      <object_component id="oc-197">
         <name>.debug_info</name>
         <load_address>0x13fad</load_address>
         <run_address>0x13fad</run_address>
         <size>0xe5</size>
         <input_file_ref idref="fl-13"/>
      </object_component>
      <object_component id="oc-d2">
         <name>.debug_info</name>
         <load_address>0x14092</load_address>
         <run_address>0x14092</run_address>
         <size>0x1699</size>
         <input_file_ref idref="fl-13"/>
      </object_component>
      <object_component id="oc-17d">
         <name>.debug_info</name>
         <load_address>0x1572b</load_address>
         <run_address>0x1572b</run_address>
         <size>0x607</size>
         <input_file_ref idref="fl-15"/>
      </object_component>
      <object_component id="oc-166">
         <name>.debug_info</name>
         <load_address>0x15d32</load_address>
         <run_address>0x15d32</run_address>
         <size>0xe2</size>
         <input_file_ref idref="fl-15"/>
      </object_component>
      <object_component id="oc-169">
         <name>.debug_info</name>
         <load_address>0x15e14</load_address>
         <run_address>0x15e14</run_address>
         <size>0xda</size>
         <input_file_ref idref="fl-15"/>
      </object_component>
      <object_component id="oc-16c">
         <name>.debug_info</name>
         <load_address>0x15eee</load_address>
         <run_address>0x15eee</run_address>
         <size>0xde</size>
         <input_file_ref idref="fl-15"/>
      </object_component>
      <object_component id="oc-16f">
         <name>.debug_info</name>
         <load_address>0x15fcc</load_address>
         <run_address>0x15fcc</run_address>
         <size>0xe0</size>
         <input_file_ref idref="fl-15"/>
      </object_component>
      <object_component id="oc-172">
         <name>.debug_info</name>
         <load_address>0x160ac</load_address>
         <run_address>0x160ac</run_address>
         <size>0xe2</size>
         <input_file_ref idref="fl-15"/>
      </object_component>
      <object_component id="oc-175">
         <name>.debug_info</name>
         <load_address>0x1618e</load_address>
         <run_address>0x1618e</run_address>
         <size>0xe6</size>
         <input_file_ref idref="fl-15"/>
      </object_component>
      <object_component id="oc-163">
         <name>.debug_info</name>
         <load_address>0x16274</load_address>
         <run_address>0x16274</run_address>
         <size>0xe7</size>
         <input_file_ref idref="fl-15"/>
      </object_component>
      <object_component id="oc-bf">
         <name>.debug_info</name>
         <load_address>0x1635b</load_address>
         <run_address>0x1635b</run_address>
         <size>0xe88</size>
         <input_file_ref idref="fl-15"/>
      </object_component>
      <object_component id="oc-110">
         <name>.debug_info</name>
         <load_address>0x171e3</load_address>
         <run_address>0x171e3</run_address>
         <size>0x7b8</size>
         <input_file_ref idref="fl-16"/>
      </object_component>
      <object_component id="oc-a1">
         <name>.debug_info</name>
         <load_address>0x1799b</load_address>
         <run_address>0x1799b</run_address>
         <size>0x395</size>
         <input_file_ref idref="fl-16"/>
      </object_component>
      <object_component id="oc-228">
         <name>.debug_info</name>
         <load_address>0x17d30</load_address>
         <run_address>0x17d30</run_address>
         <size>0x72b</size>
         <input_file_ref idref="fl-18"/>
      </object_component>
      <object_component id="oc-1be">
         <name>.debug_info</name>
         <load_address>0x1845b</load_address>
         <run_address>0x1845b</run_address>
         <size>0x1e63</size>
         <input_file_ref idref="fl-18"/>
      </object_component>
      <object_component id="oc-26d">
         <name>.debug_info</name>
         <load_address>0x1a2be</load_address>
         <run_address>0x1a2be</run_address>
         <size>0x664</size>
         <input_file_ref idref="fl-1d"/>
      </object_component>
      <object_component id="oc-224">
         <name>.debug_info</name>
         <load_address>0x1a922</load_address>
         <run_address>0x1a922</run_address>
         <size>0x1107</size>
         <input_file_ref idref="fl-1d"/>
      </object_component>
      <object_component id="oc-7b">
         <name>.debug_info</name>
         <load_address>0x1ba29</load_address>
         <run_address>0x1ba29</run_address>
         <size>0x2cb</size>
         <input_file_ref idref="fl-1f"/>
      </object_component>
      <object_component id="oc-27">
         <name>.debug_info</name>
         <load_address>0x1bcf4</load_address>
         <run_address>0x1bcf4</run_address>
         <size>0xf7</size>
         <input_file_ref idref="fl-1f"/>
      </object_component>
      <object_component id="oc-68">
         <name>.debug_info</name>
         <load_address>0x1bdeb</load_address>
         <run_address>0x1bdeb</run_address>
         <size>0x1be</size>
         <input_file_ref idref="fl-1f"/>
      </object_component>
      <object_component id="oc-21e">
         <name>.debug_info</name>
         <load_address>0x1bfa9</load_address>
         <run_address>0x1bfa9</run_address>
         <size>0x53f</size>
         <input_file_ref idref="fl-20"/>
      </object_component>
      <object_component id="oc-1b6">
         <name>.debug_info</name>
         <load_address>0x1c4e8</load_address>
         <run_address>0x1c4e8</run_address>
         <size>0xb97</size>
         <input_file_ref idref="fl-20"/>
      </object_component>
      <object_component id="oc-152">
         <name>.debug_info</name>
         <load_address>0x1d07f</load_address>
         <run_address>0x1d07f</run_address>
         <size>0xf0</size>
         <input_file_ref idref="fl-21"/>
      </object_component>
      <object_component id="oc-b4">
         <name>.debug_info</name>
         <load_address>0x1d16f</load_address>
         <run_address>0x1d16f</run_address>
         <size>0x262</size>
         <input_file_ref idref="fl-21"/>
      </object_component>
      <object_component id="oc-15b">
         <name>.debug_info</name>
         <load_address>0x1d3d1</load_address>
         <run_address>0x1d3d1</run_address>
         <size>0x69d</size>
         <input_file_ref idref="fl-24"/>
      </object_component>
      <object_component id="oc-ba">
         <name>.debug_info</name>
         <load_address>0x1da6e</load_address>
         <run_address>0x1da6e</run_address>
         <size>0x1ff7</size>
         <input_file_ref idref="fl-24"/>
      </object_component>
      <object_component id="oc-1bc">
         <name>.debug_info</name>
         <load_address>0x1fa65</load_address>
         <run_address>0x1fa65</run_address>
         <size>0x707</size>
         <input_file_ref idref="fl-26"/>
      </object_component>
      <object_component id="oc-fe">
         <name>.debug_info</name>
         <load_address>0x2016c</load_address>
         <run_address>0x2016c</run_address>
         <size>0x71f</size>
         <input_file_ref idref="fl-26"/>
      </object_component>
      <object_component id="oc-92">
         <name>.debug_info</name>
         <load_address>0x2088b</load_address>
         <run_address>0x2088b</run_address>
         <size>0x2d4</size>
         <input_file_ref idref="fl-e0"/>
      </object_component>
      <object_component id="oc-45">
         <name>.debug_info</name>
         <load_address>0x20b5f</load_address>
         <run_address>0x20b5f</run_address>
         <size>0x1d2</size>
         <input_file_ref idref="fl-e0"/>
      </object_component>
      <object_component id="oc-8d">
         <name>.debug_info</name>
         <load_address>0x20d31</load_address>
         <run_address>0x20d31</run_address>
         <size>0x46</size>
         <input_file_ref idref="fl-e0"/>
      </object_component>
      <object_component id="oc-e8">
         <name>.debug_info</name>
         <load_address>0x20d77</load_address>
         <run_address>0x20d77</run_address>
         <size>0x2c</size>
         <input_file_ref idref="fl-e0"/>
      </object_component>
      <object_component id="oc-42">
         <name>.debug_info</name>
         <load_address>0x20da3</load_address>
         <run_address>0x20da3</run_address>
         <size>0x2a8</size>
         <input_file_ref idref="fl-e1"/>
      </object_component>
      <object_component id="oc-21">
         <name>.debug_info</name>
         <load_address>0x2104b</load_address>
         <run_address>0x2104b</run_address>
         <size>0x1ea</size>
         <input_file_ref idref="fl-e1"/>
      </object_component>
      <object_component id="oc-3d">
         <name>.debug_info</name>
         <load_address>0x21235</load_address>
         <run_address>0x21235</run_address>
         <size>0x46</size>
         <input_file_ref idref="fl-e1"/>
      </object_component>
      <object_component id="oc-85">
         <name>.debug_info</name>
         <load_address>0x2127b</load_address>
         <run_address>0x2127b</run_address>
         <size>0x2c</size>
         <input_file_ref idref="fl-e1"/>
      </object_component>
      <object_component id="oc-83">
         <name>.debug_info</name>
         <load_address>0x212a7</load_address>
         <run_address>0x212a7</run_address>
         <size>0x29e</size>
         <input_file_ref idref="fl-e2"/>
      </object_component>
      <object_component id="oc-1a">
         <name>.debug_info</name>
         <load_address>0x21545</load_address>
         <run_address>0x21545</run_address>
         <size>0x250</size>
         <input_file_ref idref="fl-e2"/>
      </object_component>
      <object_component id="oc-2d">
         <name>.debug_info</name>
         <load_address>0x21795</load_address>
         <run_address>0x21795</run_address>
         <size>0x60</size>
         <input_file_ref idref="fl-e2"/>
      </object_component>
      <object_component id="oc-e1">
         <name>.debug_info</name>
         <load_address>0x217f5</load_address>
         <run_address>0x217f5</run_address>
         <size>0x46</size>
         <input_file_ref idref="fl-e2"/>
      </object_component>
      <object_component id="oc-7e">
         <name>.debug_info</name>
         <load_address>0x2183b</load_address>
         <run_address>0x2183b</run_address>
         <size>0x39</size>
         <input_file_ref idref="fl-e2"/>
      </object_component>
      <object_component id="oc-2a">
         <name>.debug_info</name>
         <load_address>0x21874</load_address>
         <run_address>0x21874</run_address>
         <size>0x10b</size>
         <input_file_ref idref="fl-e3"/>
      </object_component>
      <object_component id="oc-56">
         <name>.debug_info</name>
         <load_address>0x2197f</load_address>
         <run_address>0x2197f</run_address>
         <size>0x1a9</size>
         <input_file_ref idref="fl-e3"/>
      </object_component>
      <object_component id="oc-38">
         <name>.debug_info</name>
         <load_address>0x21b28</load_address>
         <run_address>0x21b28</run_address>
         <size>0x119</size>
         <input_file_ref idref="fl-e4"/>
      </object_component>
      <object_component id="oc-1e4">
         <name>.debug_info</name>
         <load_address>0x21c41</load_address>
         <run_address>0x21c41</run_address>
         <size>0x4b3</size>
         <input_file_ref idref="fl-e6"/>
      </object_component>
      <object_component id="oc-122">
         <name>.debug_info</name>
         <load_address>0x220f4</load_address>
         <run_address>0x220f4</run_address>
         <size>0x1a6</size>
         <input_file_ref idref="fl-e6"/>
      </object_component>
      <object_component id="oc-250">
         <name>.debug_info</name>
         <load_address>0x2229a</load_address>
         <run_address>0x2229a</run_address>
         <size>0x39</size>
         <input_file_ref idref="fl-e6"/>
      </object_component>
      <object_component id="oc-28d">
         <name>.debug_info</name>
         <load_address>0x222d3</load_address>
         <run_address>0x222d3</run_address>
         <size>0x39</size>
         <input_file_ref idref="fl-e6"/>
      </object_component>
      <object_component id="oc-255">
         <name>.debug_info</name>
         <load_address>0x2230c</load_address>
         <run_address>0x2230c</run_address>
         <size>0x39</size>
         <input_file_ref idref="fl-e6"/>
      </object_component>
      <object_component id="oc-25a">
         <name>.debug_info</name>
         <load_address>0x22345</load_address>
         <run_address>0x22345</run_address>
         <size>0xcd</size>
         <input_file_ref idref="fl-e6"/>
      </object_component>
      <object_component id="oc-9d">
         <name>.debug_info</name>
         <load_address>0x22412</load_address>
         <run_address>0x22412</run_address>
         <size>0x153</size>
         <input_file_ref idref="fl-e7"/>
      </object_component>
      <object_component id="oc-116">
         <name>.debug_info</name>
         <load_address>0x22565</load_address>
         <run_address>0x22565</run_address>
         <size>0x122</size>
         <input_file_ref idref="fl-e9"/>
      </object_component>
      <object_component id="oc-2d1">
         <name>.debug_info</name>
         <load_address>0x22687</load_address>
         <run_address>0x22687</run_address>
         <size>0xa3</size>
      </object_component>
      <object_component id="oc-19f">
         <name>.debug_line</name>
         <load_address>0x0</load_address>
         <run_address>0x0</run_address>
         <size>0x4c</size>
         <input_file_ref idref="fl-2"/>
      </object_component>
      <object_component id="oc-74">
         <name>.debug_line</name>
         <load_address>0x4c</load_address>
         <run_address>0x4c</run_address>
         <size>0xa3</size>
         <input_file_ref idref="fl-2"/>
      </object_component>
      <object_component id="oc-df">
         <name>.debug_line</name>
         <load_address>0xef</load_address>
         <run_address>0xef</run_address>
         <size>0x6f</size>
         <input_file_ref idref="fl-2"/>
      </object_component>
      <object_component id="oc-188">
         <name>.debug_line</name>
         <load_address>0x15e</load_address>
         <run_address>0x15e</run_address>
         <size>0x5b</size>
         <input_file_ref idref="fl-2"/>
      </object_component>
      <object_component id="oc-183">
         <name>.debug_line</name>
         <load_address>0x1b9</load_address>
         <run_address>0x1b9</run_address>
         <size>0x58</size>
         <input_file_ref idref="fl-2"/>
      </object_component>
      <object_component id="oc-27c">
         <name>.debug_line</name>
         <load_address>0x211</load_address>
         <run_address>0x211</run_address>
         <size>0x2f</size>
         <input_file_ref idref="fl-2"/>
      </object_component>
      <object_component id="oc-271">
         <name>.debug_line</name>
         <load_address>0x240</load_address>
         <run_address>0x240</run_address>
         <size>0x2e</size>
         <input_file_ref idref="fl-2"/>
      </object_component>
      <object_component id="oc-18d">
         <name>.debug_line</name>
         <load_address>0x26e</load_address>
         <run_address>0x26e</run_address>
         <size>0x30</size>
         <input_file_ref idref="fl-2"/>
      </object_component>
      <object_component id="oc-35">
         <name>.debug_line</name>
         <load_address>0x29e</load_address>
         <run_address>0x29e</run_address>
         <size>0x20</size>
         <input_file_ref idref="fl-2"/>
      </object_component>
      <object_component id="oc-194">
         <name>.debug_line</name>
         <load_address>0x2be</load_address>
         <run_address>0x2be</run_address>
         <size>0x73</size>
         <input_file_ref idref="fl-2"/>
      </object_component>
      <object_component id="oc-159">
         <name>.debug_line</name>
         <load_address>0x331</load_address>
         <run_address>0x331</run_address>
         <size>0x6f</size>
         <input_file_ref idref="fl-2"/>
      </object_component>
      <object_component id="oc-ce">
         <name>.debug_line</name>
         <load_address>0x3a0</load_address>
         <run_address>0x3a0</run_address>
         <size>0x70</size>
         <input_file_ref idref="fl-2"/>
      </object_component>
      <object_component id="oc-108">
         <name>.debug_line</name>
         <load_address>0x410</load_address>
         <run_address>0x410</run_address>
         <size>0xc0</size>
         <input_file_ref idref="fl-3"/>
      </object_component>
      <object_component id="oc-17b">
         <name>.debug_line</name>
         <load_address>0x4d0</load_address>
         <run_address>0x4d0</run_address>
         <size>0x20</size>
         <input_file_ref idref="fl-3"/>
      </object_component>
      <object_component id="oc-21a">
         <name>.debug_line</name>
         <load_address>0x4f0</load_address>
         <run_address>0x4f0</run_address>
         <size>0x5b</size>
         <input_file_ref idref="fl-4"/>
      </object_component>
      <object_component id="oc-21c">
         <name>.debug_line</name>
         <load_address>0x54b</load_address>
         <run_address>0x54b</run_address>
         <size>0x2c</size>
         <input_file_ref idref="fl-4"/>
      </object_component>
      <object_component id="oc-fb">
         <name>.debug_line</name>
         <load_address>0x577</load_address>
         <run_address>0x577</run_address>
         <size>0x1bd</size>
         <input_file_ref idref="fl-4"/>
      </object_component>
      <object_component id="oc-1b3">
         <name>.debug_line</name>
         <load_address>0x734</load_address>
         <run_address>0x734</run_address>
         <size>0x2c</size>
         <input_file_ref idref="fl-4"/>
      </object_component>
      <object_component id="oc-f6">
         <name>.debug_line</name>
         <load_address>0x760</load_address>
         <run_address>0x760</run_address>
         <size>0x48</size>
         <input_file_ref idref="fl-5"/>
      </object_component>
      <object_component id="oc-10a">
         <name>.debug_line</name>
         <load_address>0x7a8</load_address>
         <run_address>0x7a8</run_address>
         <size>0xd3</size>
         <input_file_ref idref="fl-6"/>
      </object_component>
      <object_component id="oc-285">
         <name>.debug_line</name>
         <load_address>0x87b</load_address>
         <run_address>0x87b</run_address>
         <size>0x2c</size>
         <input_file_ref idref="fl-7"/>
      </object_component>
      <object_component id="oc-283">
         <name>.debug_line</name>
         <load_address>0x8a7</load_address>
         <run_address>0x8a7</run_address>
         <size>0x2c</size>
         <input_file_ref idref="fl-7"/>
      </object_component>
      <object_component id="oc-287">
         <name>.debug_line</name>
         <load_address>0x8d3</load_address>
         <run_address>0x8d3</run_address>
         <size>0x2c</size>
         <input_file_ref idref="fl-7"/>
      </object_component>
      <object_component id="oc-289">
         <name>.debug_line</name>
         <load_address>0x8ff</load_address>
         <run_address>0x8ff</run_address>
         <size>0x2c</size>
         <input_file_ref idref="fl-7"/>
      </object_component>
      <object_component id="oc-1d5">
         <name>.debug_line</name>
         <load_address>0x92b</load_address>
         <run_address>0x92b</run_address>
         <size>0x88</size>
         <input_file_ref idref="fl-7"/>
      </object_component>
      <object_component id="oc-264">
         <name>.debug_line</name>
         <load_address>0x9b3</load_address>
         <run_address>0x9b3</run_address>
         <size>0x3b</size>
         <input_file_ref idref="fl-8"/>
      </object_component>
      <object_component id="oc-262">
         <name>.debug_line</name>
         <load_address>0x9ee</load_address>
         <run_address>0x9ee</run_address>
         <size>0x34</size>
         <input_file_ref idref="fl-8"/>
      </object_component>
      <object_component id="oc-1a6">
         <name>.debug_line</name>
         <load_address>0xa22</load_address>
         <run_address>0xa22</run_address>
         <size>0xe3</size>
         <input_file_ref idref="fl-8"/>
      </object_component>
      <object_component id="oc-268">
         <name>.debug_line</name>
         <load_address>0xb05</load_address>
         <run_address>0xb05</run_address>
         <size>0x58</size>
         <input_file_ref idref="fl-8"/>
      </object_component>
      <object_component id="oc-17f">
         <name>.debug_line</name>
         <load_address>0xb5d</load_address>
         <run_address>0xb5d</run_address>
         <size>0x52</size>
         <input_file_ref idref="fl-9"/>
      </object_component>
      <object_component id="oc-190">
         <name>.debug_line</name>
         <load_address>0xbaf</load_address>
         <run_address>0xbaf</run_address>
         <size>0x30</size>
         <input_file_ref idref="fl-9"/>
      </object_component>
      <object_component id="oc-71">
         <name>.debug_line</name>
         <load_address>0xbdf</load_address>
         <run_address>0xbdf</run_address>
         <size>0x7e</size>
         <input_file_ref idref="fl-9"/>
      </object_component>
      <object_component id="oc-160">
         <name>.debug_line</name>
         <load_address>0xc5d</load_address>
         <run_address>0xc5d</run_address>
         <size>0xcf</size>
         <input_file_ref idref="fl-d"/>
      </object_component>
      <object_component id="oc-281">
         <name>.debug_line</name>
         <load_address>0xd2c</load_address>
         <run_address>0xd2c</run_address>
         <size>0x41</size>
         <input_file_ref idref="fl-f"/>
      </object_component>
      <object_component id="oc-27f">
         <name>.debug_line</name>
         <load_address>0xd6d</load_address>
         <run_address>0xd6d</run_address>
         <size>0x2b</size>
         <input_file_ref idref="fl-f"/>
      </object_component>
      <object_component id="oc-1ca">
         <name>.debug_line</name>
         <load_address>0xd98</load_address>
         <run_address>0xd98</run_address>
         <size>0x7f2</size>
         <input_file_ref idref="fl-f"/>
      </object_component>
      <object_component id="oc-278">
         <name>.debug_line</name>
         <load_address>0x158a</load_address>
         <run_address>0x158a</run_address>
         <size>0x4d</size>
         <input_file_ref idref="fl-11"/>
      </object_component>
      <object_component id="oc-276">
         <name>.debug_line</name>
         <load_address>0x15d7</load_address>
         <run_address>0x15d7</run_address>
         <size>0x2e</size>
         <input_file_ref idref="fl-11"/>
      </object_component>
      <object_component id="oc-1c7">
         <name>.debug_line</name>
         <load_address>0x1605</load_address>
         <run_address>0x1605</run_address>
         <size>0xcea</size>
         <input_file_ref idref="fl-11"/>
      </object_component>
      <object_component id="oc-213">
         <name>.debug_line</name>
         <load_address>0x22ef</load_address>
         <run_address>0x22ef</run_address>
         <size>0x32</size>
         <input_file_ref idref="fl-13"/>
      </object_component>
      <object_component id="oc-211">
         <name>.debug_line</name>
         <load_address>0x2321</load_address>
         <run_address>0x2321</run_address>
         <size>0x2d</size>
         <input_file_ref idref="fl-13"/>
      </object_component>
      <object_component id="oc-20f">
         <name>.debug_line</name>
         <load_address>0x234e</load_address>
         <run_address>0x234e</run_address>
         <size>0x2d</size>
         <input_file_ref idref="fl-13"/>
      </object_component>
      <object_component id="oc-d1">
         <name>.debug_line</name>
         <load_address>0x237b</load_address>
         <run_address>0x237b</run_address>
         <size>0x2bc</size>
         <input_file_ref idref="fl-13"/>
      </object_component>
      <object_component id="oc-20d">
         <name>.debug_line</name>
         <load_address>0x2637</load_address>
         <run_address>0x2637</run_address>
         <size>0x2c</size>
         <input_file_ref idref="fl-15"/>
      </object_component>
      <object_component id="oc-201">
         <name>.debug_line</name>
         <load_address>0x2663</load_address>
         <run_address>0x2663</run_address>
         <size>0x32</size>
         <input_file_ref idref="fl-15"/>
      </object_component>
      <object_component id="oc-203">
         <name>.debug_line</name>
         <load_address>0x2695</load_address>
         <run_address>0x2695</run_address>
         <size>0x32</size>
         <input_file_ref idref="fl-15"/>
      </object_component>
      <object_component id="oc-205">
         <name>.debug_line</name>
         <load_address>0x26c7</load_address>
         <run_address>0x26c7</run_address>
         <size>0x32</size>
         <input_file_ref idref="fl-15"/>
      </object_component>
      <object_component id="oc-207">
         <name>.debug_line</name>
         <load_address>0x26f9</load_address>
         <run_address>0x26f9</run_address>
         <size>0x32</size>
         <input_file_ref idref="fl-15"/>
      </object_component>
      <object_component id="oc-209">
         <name>.debug_line</name>
         <load_address>0x272b</load_address>
         <run_address>0x272b</run_address>
         <size>0x32</size>
         <input_file_ref idref="fl-15"/>
      </object_component>
      <object_component id="oc-20b">
         <name>.debug_line</name>
         <load_address>0x275d</load_address>
         <run_address>0x275d</run_address>
         <size>0x32</size>
         <input_file_ref idref="fl-15"/>
      </object_component>
      <object_component id="oc-1ff">
         <name>.debug_line</name>
         <load_address>0x278f</load_address>
         <run_address>0x278f</run_address>
         <size>0x32</size>
         <input_file_ref idref="fl-15"/>
      </object_component>
      <object_component id="oc-c3">
         <name>.debug_line</name>
         <load_address>0x27c1</load_address>
         <run_address>0x27c1</run_address>
         <size>0x307</size>
         <input_file_ref idref="fl-15"/>
      </object_component>
      <object_component id="oc-1d8">
         <name>.debug_line</name>
         <load_address>0x2ac8</load_address>
         <run_address>0x2ac8</run_address>
         <size>0x99</size>
         <input_file_ref idref="fl-16"/>
      </object_component>
      <object_component id="oc-a3">
         <name>.debug_line</name>
         <load_address>0x2b61</load_address>
         <run_address>0x2b61</run_address>
         <size>0xac</size>
         <input_file_ref idref="fl-16"/>
      </object_component>
      <object_component id="oc-274">
         <name>.debug_line</name>
         <load_address>0x2c0d</load_address>
         <run_address>0x2c0d</run_address>
         <size>0x5a</size>
         <input_file_ref idref="fl-18"/>
      </object_component>
      <object_component id="oc-1c1">
         <name>.debug_line</name>
         <load_address>0x2c67</load_address>
         <run_address>0x2c67</run_address>
         <size>0x535</size>
         <input_file_ref idref="fl-18"/>
      </object_component>
      <object_component id="oc-29a">
         <name>.debug_line</name>
         <load_address>0x319c</load_address>
         <run_address>0x319c</run_address>
         <size>0x32</size>
         <input_file_ref idref="fl-1d"/>
      </object_component>
      <object_component id="oc-222">
         <name>.debug_line</name>
         <load_address>0x31ce</load_address>
         <run_address>0x31ce</run_address>
         <size>0x328</size>
         <input_file_ref idref="fl-1d"/>
      </object_component>
      <object_component id="oc-db">
         <name>.debug_line</name>
         <load_address>0x34f6</load_address>
         <run_address>0x34f6</run_address>
         <size>0x40</size>
         <input_file_ref idref="fl-1f"/>
      </object_component>
      <object_component id="oc-7a">
         <name>.debug_line</name>
         <load_address>0x3536</load_address>
         <run_address>0x3536</run_address>
         <size>0x40</size>
         <input_file_ref idref="fl-1f"/>
      </object_component>
      <object_component id="oc-6c">
         <name>.debug_line</name>
         <load_address>0x3576</load_address>
         <run_address>0x3576</run_address>
         <size>0x71</size>
         <input_file_ref idref="fl-1f"/>
      </object_component>
      <object_component id="oc-26b">
         <name>.debug_line</name>
         <load_address>0x35e7</load_address>
         <run_address>0x35e7</run_address>
         <size>0x20</size>
         <input_file_ref idref="fl-20"/>
      </object_component>
      <object_component id="oc-1b9">
         <name>.debug_line</name>
         <load_address>0x3607</load_address>
         <run_address>0x3607</run_address>
         <size>0x26e</size>
         <input_file_ref idref="fl-20"/>
      </object_component>
      <object_component id="oc-1fa">
         <name>.debug_line</name>
         <load_address>0x3875</load_address>
         <run_address>0x3875</run_address>
         <size>0x3b</size>
         <input_file_ref idref="fl-21"/>
      </object_component>
      <object_component id="oc-b2">
         <name>.debug_line</name>
         <load_address>0x38b0</load_address>
         <run_address>0x38b0</run_address>
         <size>0x134</size>
         <input_file_ref idref="fl-21"/>
      </object_component>
      <object_component id="oc-1fc">
         <name>.debug_line</name>
         <load_address>0x39e4</load_address>
         <run_address>0x39e4</run_address>
         <size>0x32</size>
         <input_file_ref idref="fl-24"/>
      </object_component>
      <object_component id="oc-bd">
         <name>.debug_line</name>
         <load_address>0x3a16</load_address>
         <run_address>0x3a16</run_address>
         <size>0x497</size>
         <input_file_ref idref="fl-24"/>
      </object_component>
      <object_component id="oc-220">
         <name>.debug_line</name>
         <load_address>0x3ead</load_address>
         <run_address>0x3ead</run_address>
         <size>0x41</size>
         <input_file_ref idref="fl-26"/>
      </object_component>
      <object_component id="oc-102">
         <name>.debug_line</name>
         <load_address>0x3eee</load_address>
         <run_address>0x3eee</run_address>
         <size>0x126</size>
         <input_file_ref idref="fl-26"/>
      </object_component>
      <object_component id="oc-ee">
         <name>.debug_line</name>
         <load_address>0x4014</load_address>
         <run_address>0x4014</run_address>
         <size>0x92</size>
         <input_file_ref idref="fl-e0"/>
      </object_component>
      <object_component id="oc-47">
         <name>.debug_line</name>
         <load_address>0x40a6</load_address>
         <run_address>0x40a6</run_address>
         <size>0x56</size>
         <input_file_ref idref="fl-e0"/>
      </object_component>
      <object_component id="oc-90">
         <name>.debug_line</name>
         <load_address>0x40fc</load_address>
         <run_address>0x40fc</run_address>
         <size>0x34</size>
         <input_file_ref idref="fl-e0"/>
      </object_component>
      <object_component id="oc-eb">
         <name>.debug_line</name>
         <load_address>0x4130</load_address>
         <run_address>0x4130</run_address>
         <size>0x92</size>
         <input_file_ref idref="fl-e0"/>
      </object_component>
      <object_component id="oc-8b">
         <name>.debug_line</name>
         <load_address>0x41c2</load_address>
         <run_address>0x41c2</run_address>
         <size>0x20</size>
         <input_file_ref idref="fl-e1"/>
      </object_component>
      <object_component id="oc-1e">
         <name>.debug_line</name>
         <load_address>0x41e2</load_address>
         <run_address>0x41e2</run_address>
         <size>0x55</size>
         <input_file_ref idref="fl-e1"/>
      </object_component>
      <object_component id="oc-40">
         <name>.debug_line</name>
         <load_address>0x4237</load_address>
         <run_address>0x4237</run_address>
         <size>0x3a</size>
         <input_file_ref idref="fl-e1"/>
      </object_component>
      <object_component id="oc-88">
         <name>.debug_line</name>
         <load_address>0x4271</load_address>
         <run_address>0x4271</run_address>
         <size>0x92</size>
         <input_file_ref idref="fl-e1"/>
      </object_component>
      <object_component id="oc-e7">
         <name>.debug_line</name>
         <load_address>0x4303</load_address>
         <run_address>0x4303</run_address>
         <size>0x20</size>
         <input_file_ref idref="fl-e2"/>
      </object_component>
      <object_component id="oc-18">
         <name>.debug_line</name>
         <load_address>0x4323</load_address>
         <run_address>0x4323</run_address>
         <size>0xa9</size>
         <input_file_ref idref="fl-e2"/>
      </object_component>
      <object_component id="oc-30">
         <name>.debug_line</name>
         <load_address>0x43cc</load_address>
         <run_address>0x43cc</run_address>
         <size>0x3a</size>
         <input_file_ref idref="fl-e2"/>
      </object_component>
      <object_component id="oc-e4">
         <name>.debug_line</name>
         <load_address>0x4406</load_address>
         <run_address>0x4406</run_address>
         <size>0x9a</size>
         <input_file_ref idref="fl-e2"/>
      </object_component>
      <object_component id="oc-81">
         <name>.debug_line</name>
         <load_address>0x44a0</load_address>
         <run_address>0x44a0</run_address>
         <size>0x96</size>
         <input_file_ref idref="fl-e2"/>
      </object_component>
      <object_component id="oc-7d">
         <name>.debug_line</name>
         <load_address>0x4536</load_address>
         <run_address>0x4536</run_address>
         <size>0x33</size>
         <input_file_ref idref="fl-e3"/>
      </object_component>
      <object_component id="oc-59">
         <name>.debug_line</name>
         <load_address>0x4569</load_address>
         <run_address>0x4569</run_address>
         <size>0x45</size>
         <input_file_ref idref="fl-e3"/>
      </object_component>
      <object_component id="oc-3b">
         <name>.debug_line</name>
         <load_address>0x45ae</load_address>
         <run_address>0x45ae</run_address>
         <size>0x88</size>
         <input_file_ref idref="fl-e4"/>
      </object_component>
      <object_component id="oc-24f">
         <name>.debug_line</name>
         <load_address>0x4636</load_address>
         <run_address>0x4636</run_address>
         <size>0xbf</size>
         <input_file_ref idref="fl-e6"/>
      </object_component>
      <object_component id="oc-124">
         <name>.debug_line</name>
         <load_address>0x46f5</load_address>
         <run_address>0x46f5</run_address>
         <size>0x6f</size>
         <input_file_ref idref="fl-e6"/>
      </object_component>
      <object_component id="oc-253">
         <name>.debug_line</name>
         <load_address>0x4764</load_address>
         <run_address>0x4764</run_address>
         <size>0x2e</size>
         <input_file_ref idref="fl-e6"/>
      </object_component>
      <object_component id="oc-290">
         <name>.debug_line</name>
         <load_address>0x4792</load_address>
         <run_address>0x4792</run_address>
         <size>0x9a</size>
         <input_file_ref idref="fl-e6"/>
      </object_component>
      <object_component id="oc-258">
         <name>.debug_line</name>
         <load_address>0x482c</load_address>
         <run_address>0x482c</run_address>
         <size>0x97</size>
         <input_file_ref idref="fl-e6"/>
      </object_component>
      <object_component id="oc-25d">
         <name>.debug_line</name>
         <load_address>0x48c3</load_address>
         <run_address>0x48c3</run_address>
         <size>0x93</size>
         <input_file_ref idref="fl-e6"/>
      </object_component>
      <object_component id="oc-9a">
         <name>.debug_line</name>
         <load_address>0x4956</load_address>
         <run_address>0x4956</run_address>
         <size>0x40</size>
         <input_file_ref idref="fl-e7"/>
      </object_component>
      <object_component id="oc-115">
         <name>.debug_line</name>
         <load_address>0x4996</load_address>
         <run_address>0x4996</run_address>
         <size>0x3c</size>
         <input_file_ref idref="fl-e9"/>
      </object_component>
      <object_component id="oc-78">
         <name>.debug_frame</name>
         <load_address>0x0</load_address>
         <run_address>0x0</run_address>
         <size>0xa0</size>
         <input_file_ref idref="fl-2"/>
      </object_component>
      <object_component id="oc-107">
         <name>.debug_frame</name>
         <load_address>0xa0</load_address>
         <run_address>0xa0</run_address>
         <size>0xb8</size>
         <input_file_ref idref="fl-3"/>
      </object_component>
      <object_component id="oc-fc">
         <name>.debug_frame</name>
         <load_address>0x158</load_address>
         <run_address>0x158</run_address>
         <size>0x8c</size>
         <input_file_ref idref="fl-4"/>
      </object_component>
      <object_component id="oc-f5">
         <name>.debug_frame</name>
         <load_address>0x1e4</load_address>
         <run_address>0x1e4</run_address>
         <size>0x54</size>
         <input_file_ref idref="fl-5"/>
      </object_component>
      <object_component id="oc-10e">
         <name>.debug_frame</name>
         <load_address>0x238</load_address>
         <run_address>0x238</run_address>
         <size>0xd0</size>
         <input_file_ref idref="fl-6"/>
      </object_component>
      <object_component id="oc-1d4">
         <name>.debug_frame</name>
         <load_address>0x308</load_address>
         <run_address>0x308</run_address>
         <size>0x8c</size>
         <input_file_ref idref="fl-7"/>
      </object_component>
      <object_component id="oc-1a5">
         <name>.debug_frame</name>
         <load_address>0x394</load_address>
         <run_address>0x394</run_address>
         <size>0xb4</size>
         <input_file_ref idref="fl-8"/>
      </object_component>
      <object_component id="oc-72">
         <name>.debug_frame</name>
         <load_address>0x448</load_address>
         <run_address>0x448</run_address>
         <size>0x88</size>
         <input_file_ref idref="fl-9"/>
      </object_component>
      <object_component id="oc-161">
         <name>.debug_frame</name>
         <load_address>0x4d0</load_address>
         <run_address>0x4d0</run_address>
         <size>0xbc</size>
         <input_file_ref idref="fl-d"/>
      </object_component>
      <object_component id="oc-1ce">
         <name>.debug_frame</name>
         <load_address>0x58c</load_address>
         <run_address>0x58c</run_address>
         <size>0x3dc</size>
         <input_file_ref idref="fl-f"/>
      </object_component>
      <object_component id="oc-1c8">
         <name>.debug_frame</name>
         <load_address>0x968</load_address>
         <run_address>0x968</run_address>
         <size>0x430</size>
         <input_file_ref idref="fl-11"/>
      </object_component>
      <object_component id="oc-d5">
         <name>.debug_frame</name>
         <load_address>0xd98</load_address>
         <run_address>0xd98</run_address>
         <size>0x22c</size>
         <input_file_ref idref="fl-13"/>
      </object_component>
      <object_component id="oc-c2">
         <name>.debug_frame</name>
         <load_address>0xfc4</load_address>
         <run_address>0xfc4</run_address>
         <size>0x210</size>
         <input_file_ref idref="fl-15"/>
      </object_component>
      <object_component id="oc-a4">
         <name>.debug_frame</name>
         <load_address>0x11d4</load_address>
         <run_address>0x11d4</run_address>
         <size>0xa0</size>
         <input_file_ref idref="fl-16"/>
      </object_component>
      <object_component id="oc-1c2">
         <name>.debug_frame</name>
         <load_address>0x1274</load_address>
         <run_address>0x1274</run_address>
         <size>0x348</size>
         <input_file_ref idref="fl-18"/>
      </object_component>
      <object_component id="oc-223">
         <name>.debug_frame</name>
         <load_address>0x15bc</load_address>
         <run_address>0x15bc</run_address>
         <size>0x23c</size>
         <input_file_ref idref="fl-1d"/>
      </object_component>
      <object_component id="oc-6b">
         <name>.debug_frame</name>
         <load_address>0x17f8</load_address>
         <run_address>0x17f8</run_address>
         <size>0x6c</size>
         <input_file_ref idref="fl-1f"/>
      </object_component>
      <object_component id="oc-1ba">
         <name>.debug_frame</name>
         <load_address>0x1864</load_address>
         <run_address>0x1864</run_address>
         <size>0x1d8</size>
         <input_file_ref idref="fl-20"/>
      </object_component>
      <object_component id="oc-b3">
         <name>.debug_frame</name>
         <load_address>0x1a3c</load_address>
         <run_address>0x1a3c</run_address>
         <size>0x70</size>
         <input_file_ref idref="fl-21"/>
      </object_component>
      <object_component id="oc-b9">
         <name>.debug_frame</name>
         <load_address>0x1aac</load_address>
         <run_address>0x1aac</run_address>
         <size>0x31c</size>
         <input_file_ref idref="fl-24"/>
      </object_component>
      <object_component id="oc-101">
         <name>.debug_frame</name>
         <load_address>0x1dc8</load_address>
         <run_address>0x1dc8</run_address>
         <size>0x118</size>
         <input_file_ref idref="fl-26"/>
      </object_component>
      <object_component id="oc-48">
         <name>.debug_frame</name>
         <load_address>0x1ee0</load_address>
         <run_address>0x1ee0</run_address>
         <size>0x54</size>
         <input_file_ref idref="fl-e0"/>
      </object_component>
      <object_component id="oc-1f">
         <name>.debug_frame</name>
         <load_address>0x1f34</load_address>
         <run_address>0x1f34</run_address>
         <size>0x54</size>
         <input_file_ref idref="fl-e1"/>
      </object_component>
      <object_component id="oc-19">
         <name>.debug_frame</name>
         <load_address>0x1f88</load_address>
         <run_address>0x1f88</run_address>
         <size>0x60</size>
         <input_file_ref idref="fl-e2"/>
      </object_component>
      <object_component id="oc-5a">
         <name>.debug_frame</name>
         <load_address>0x1fe8</load_address>
         <run_address>0x1fe8</run_address>
         <size>0x50</size>
         <input_file_ref idref="fl-e3"/>
      </object_component>
      <object_component id="oc-120">
         <name>.debug_frame</name>
         <load_address>0x2038</load_address>
         <run_address>0x2038</run_address>
         <size>0x5c</size>
         <input_file_ref idref="fl-e6"/>
      </object_component>
      <object_component id="oc-9c">
         <name>.debug_frame</name>
         <load_address>0x2094</load_address>
         <run_address>0x2094</run_address>
         <size>0x54</size>
         <input_file_ref idref="fl-e7"/>
      </object_component>
      <object_component id="oc-114">
         <name>.debug_frame</name>
         <load_address>0x20e8</load_address>
         <run_address>0x20e8</run_address>
         <size>0x54</size>
         <input_file_ref idref="fl-e9"/>
      </object_component>
      <object_component id="oc-19e">
         <name>.debug_abbrev</name>
[...]
         <name>RTC_C_registerInterrupt</name>
         <value>0x37a7</value>
         <object_component_ref idref="oc-221"/>
      </symbol>
      <symbol id="sm-6c0">
         <name>RTC_C_setCalibrationFrequency</name>
         <value>0x32f1</value>
         <object_component_ref idref="oc-221"/>
      </symbol>
      <symbol id="sm-6c1">
         <name>RTC_C_setCalendarEvent</name>
         <value>0x3487</value>
         <object_component_ref idref="oc-221"/>
      </symbol>
      <symbol id="sm-6c2">
         <name>RTC_C_definePrescaleEvent</name>
         <value>0x34b7</value>
         <object_component_ref idref="oc-221"/>
      </symbol>
      <symbol id="sm-6c3">
         <name>RTC_C_holdClock</name>
         <value>0x32d3</value>
         <object_component_ref idref="oc-221"/>
      </symbol>
      <symbol id="sm-6c4">
         <name>RTC_C_getEnabledInterruptStatus</name>
         <value>0x36dd</value>
         <object_component_ref idref="oc-221"/>
      </symbol>
      <symbol id="sm-6c5">
         <name>RTC_C_disableInterrupt</name>
         <value>0x360d</value>
         <object_component_ref idref="oc-221"/>
      </symbol>
      <symbol id="sm-6c6">
         <name>RTC_C_enableInterrupt</name>
         <value>0x35a9</value>
         <object_component_ref idref="oc-221"/>
      </symbol>
      <symbol id="sm-6c7">
         <name>RTC_C_convertBinaryToBCD</name>
         <value>0x358b</value>
         <object_component_ref idref="oc-221"/>
      </symbol>
      <symbol id="sm-6c8">
         <name>RTC_C_clearInterruptFlag</name>
         <value>0x3761</value>
         <object_component_ref idref="oc-221"/>
      </symbol>
      <symbol id="sm-6de">
         <name>Reset_Handler</name>
         <value>0x5473</value>
         <object_component_ref idref="oc-67"/>
      </symbol>
      <symbol id="sm-6df">
         <name>Default_Handler</name>
         <value>0x547f</value>
         <object_component_ref idref="oc-67"/>
      </symbol>
      <symbol id="sm-6e0">
         <name>interruptVectors</name>
         <value>0x0</value>
         <object_component_ref idref="oc-26"/>
      </symbol>
      <symbol id="sm-723">
         <name>SysCtl_disableSRAMBankRetention</name>
         <value>0x4bc9</value>
         <object_component_ref idref="oc-1b5"/>
      </symbol>
      <symbol id="sm-724">
         <name>SysCtl_getTempCalibrationConstant</name>
         <value>0x4c77</value>
         <object_component_ref idref="oc-1b5"/>
      </symbol>
      <symbol id="sm-725">
         <name>SysCtl_enablePeripheralAtCPUHalt</name>
         <value>0x4bef</value>
         <object_component_ref idref="oc-1b5"/>
      </symbol>
      <symbol id="sm-726">
         <name>SysCtl_getSRAMSize</name>
         <value>0x4aeb</value>
         <object_component_ref idref="oc-1b5"/>
      </symbol>
      <symbol id="sm-727">
         <name>SysCtl_enableSRAMBank</name>
         <value>0x4b29</value>
         <object_component_ref idref="oc-1b5"/>
      </symbol>
      <symbol id="sm-728">
         <name>SysCtl_disablePeripheralAtCPUHalt</name>
         <value>0x4c03</value>
         <object_component_ref idref="oc-1b5"/>
      </symbol>
      <symbol id="sm-729">
         <name>SysCtl_setWDTTimeoutResetType</name>
         <value>0x4c17</value>
         <object_component_ref idref="oc-1b5"/>
      </symbol>
      <symbol id="sm-72a">
         <name>SysCtl_getNMISourceStatus</name>
         <value>0x4b1f</value>
         <object_component_ref idref="oc-1b5"/>
      </symbol>
      <symbol id="sm-72b">
         <name>SysCtl_enableNMISource</name>
         <value>0x4b0b</value>
         <object_component_ref idref="oc-1b5"/>
      </symbol>
      <symbol id="sm-72c">
         <name>SysCtl_disableSRAMBank</name>
         <value>0x4b45</value>
         <object_component_ref idref="oc-1b5"/>
      </symbol>
      <symbol id="sm-72d">
         <name>SysCtl_disableGlitchFilter</name>
         <value>0x4c6b</value>
         <object_component_ref idref="oc-1b5"/>
      </symbol>
      <symbol id="sm-72e">
         <name>SysCtl_disableNMISource</name>
         <value>0x4af7</value>
         <object_component_ref idref="oc-1b5"/>
      </symbol>
      <symbol id="sm-72f">
         <name>SysCtl_setWDTPasswordViolationResetType</name>
         <value>0x4c3b</value>
         <object_component_ref idref="oc-1b5"/>
      </symbol>
      <symbol id="sm-730">
         <name>SysCtl_rebootDevice</name>
         <value>0x4be5</value>
         <object_component_ref idref="oc-1b5"/>
      </symbol>
      <symbol id="sm-731">
         <name>SysCtl_getFlashSize</name>
         <value>0x4af1</value>
         <object_component_ref idref="oc-1b5"/>
      </symbol>
      <symbol id="sm-732">
         <name>SysCtl_getTLVInfo</name>
         <value>0x4a75</value>
         <object_component_ref idref="oc-1b5"/>
      </symbol>
      <symbol id="sm-733">
         <name>SysCtl_enableGlitchFilter</name>
         <value>0x4c5f</value>
         <object_component_ref idref="oc-1b5"/>
      </symbol>
      <symbol id="sm-734">
         <name>SysCtl_enableSRAMBankRetention</name>
         <value>0x4bad</value>
         <object_component_ref idref="oc-1b5"/>
      </symbol>
      <symbol id="sm-77c">
         <name>SystemInit</name>
         <value>0x49b9</value>
         <object_component_ref idref="oc-b1"/>
      </symbol>
      <symbol id="sm-77d">
         <name>SystemCoreClockUpdate</name>
         <value>0x4741</value>
         <object_component_ref idref="oc-b1"/>
      </symbol>
      <symbol id="sm-77e">
         <name>SystemCoreClock</name>
         <value>0x20000180</value>
         <object_component_ref idref="oc-151"/>
      </symbol>
      <symbol id="sm-7ee">
         <name>Timer_A_setOutputForOutputModeOutBitValue</name>
         <value>0x2ee3</value>
         <object_component_ref idref="oc-b8"/>
      </symbol>
      <symbol id="sm-7ef">
         <name>Timer_A_getOutputForOutputModeOutBitValue</name>
         <value>0x2e93</value>
         <object_component_ref idref="oc-b8"/>
      </symbol>
      <symbol id="sm-7f0">
         <name>Timer_A_enableCaptureCompareInterrupt</name>
         <value>0x3049</value>
         <object_component_ref idref="oc-b8"/>
      </symbol>
      <symbol id="sm-7f1">
         <name>Timer_A_getCounterValue</name>
         <value>0x2e03</value>
         <object_component_ref idref="oc-b8"/>
      </symbol>
      <symbol id="sm-7f2">
         <name>Timer_A_setCompareValue</name>
         <value>0x2fa5</value>
         <object_component_ref idref="oc-b8"/>
      </symbol>
      <symbol id="sm-7f3">
         <name>Timer_A_clearCaptureCompareInterrupt</name>
         <value>0x2fe7</value>
         <object_component_ref idref="oc-b8"/>
      </symbol>
      <symbol id="sm-7f4">
         <name>Timer_A_registerInterrupt</name>
         <value>0x3119</value>
         <object_component_ref idref="oc-b8"/>
      </symbol>
      <symbol id="sm-7f5">
         <name>Timer_A_initCompare</name>
         <value>0x2db5</value>
         <object_component_ref idref="oc-b8"/>
      </symbol>
      <symbol id="sm-7f6">
         <name>Timer_A_generatePWM</name>
         <value>0x2f1b</value>
         <object_component_ref idref="oc-b8"/>
      </symbol>
      <symbol id="sm-7f7">
         <name>Timer_A_startCounter</name>
         <value>0x2c61</value>
         <object_component_ref idref="oc-b8"/>
      </symbol>
      <symbol id="sm-7f8">
         <name>Timer_A_initCapture</name>
         <value>0x2d63</value>
         <object_component_ref idref="oc-b8"/>
      </symbol>
      <symbol id="sm-7f9">
         <name>Timer_A_getCaptureCompareCount</name>
         <value>0x2ec1</value>
         <object_component_ref idref="oc-b8"/>
      </symbol>
      <symbol id="sm-7fa">
         <name>Timer_A_disableCaptureCompareInterrupt</name>
         <value>0x3075</value>
         <object_component_ref idref="oc-b8"/>
      </symbol>
      <symbol id="sm-7fb">
         <name>Timer_A_stopTimer</name>
         <value>0x2f91</value>
         <object_component_ref idref="oc-b8"/>
      </symbol>
      <symbol id="sm-7fc">
         <name>Timer_A_getCaptureCompareInterruptStatus</name>
         <value>0x309d</value>
         <object_component_ref idref="oc-b8"/>
      </symbol>
      <symbol id="sm-7fd">
         <name>Timer_A_clearTimer</name>
         <value>0x2e4f</value>
         <object_component_ref idref="oc-b8"/>
      </symbol>
      <symbol id="sm-7fe">
         <name>Timer_A_clearInterruptFlag</name>
         <value>0x2fd1</value>
         <object_component_ref idref="oc-b8"/>
      </symbol>
      <symbol id="sm-7ff">
         <name>Timer_A_configureUpDownMode</name>
         <value>0x2d05</value>
         <object_component_ref idref="oc-b8"/>
      </symbol>
      <symbol id="sm-800">
         <name>Timer_A_getSynchronizedCaptureCompareInput</name>
         <value>0x2e63</value>
         <object_component_ref idref="oc-b8"/>
      </symbol>
      <symbol id="sm-801">
         <name>Timer_A_configureUpMode</name>
         <value>0x2ca7</value>
         <object_component_ref idref="oc-b8"/>
      </symbol>
      <symbol id="sm-802">
         <name>Timer_A_getEnabledInterruptStatus</name>
         <value>0x30c5</value>
         <object_component_ref idref="oc-b8"/>
      </symbol>
      <symbol id="sm-803">
         <name>Timer_A_disableInterrupt</name>
         <value>0x3023</value>
         <object_component_ref idref="oc-b8"/>
      </symbol>
      <symbol id="sm-804">
         <name>Timer_A_configureContinuousMode</name>
         <value>0x2c77</value>
         <object_component_ref idref="oc-b8"/>
      </symbol>
      <symbol id="sm-805">
         <name>Timer_A_getCaptureCompareEnabledInterruptStatus</name>
         <value>0x30dd</value>
         <object_component_ref idref="oc-b8"/>
      </symbol>
      <symbol id="sm-806">
         <name>Timer_A_getInterruptStatus</name>
         <value>0x3037</value>
         <object_component_ref idref="oc-b8"/>
      </symbol>
      <symbol id="sm-807">
         <name>Timer_A_enableInterrupt</name>
         <value>0x300f</value>
         <object_component_ref idref="oc-b8"/>
      </symbol>
      <symbol id="sm-808">
         <name>Timer_A_unregisterInterrupt</name>
         <value>0x31eb</value>
         <object_component_ref idref="oc-b8"/>
      </symbol>
      <symbol id="sm-820">
         <name>WDT_A_setTimeoutReset</name>
         <value>0x5031</value>
         <object_component_ref idref="oc-fd"/>
      </symbol>
      <symbol id="sm-821">
         <name>WDT_A_registerInterrupt</name>
         <value>0x503d</value>
         <object_component_ref idref="oc-fd"/>
      </symbol>
      <symbol id="sm-822">
         <name>WDT_A_setPasswordViolationReset</name>
         <value>0x5025</value>
         <object_component_ref idref="oc-fd"/>
      </symbol>
      <symbol id="sm-823">
         <name>WDT_A_initIntervalTimer</name>
         <value>0x5009</value>
         <object_component_ref idref="oc-fd"/>
      </symbol>
      <symbol id="sm-824">
         <name>WDT_A_clearTimer</name>
         <value>0x4fcd</value>
         <object_component_ref idref="oc-fd"/>
      </symbol>
      <symbol id="sm-825">
         <name>WDT_A_holdTimer</name>
         <value>0x4f8d</value>
         <object_component_ref idref="oc-fd"/>
      </symbol>
      <symbol id="sm-826">
         <name>WDT_A_initWatchdogTimer</name>
         <value>0x4fed</value>
         <object_component_ref idref="oc-fd"/>
      </symbol>
      <symbol id="sm-827">
         <name>WDT_A_startTimer</name>
         <value>0x4fad</value>
         <object_component_ref idref="oc-fd"/>
      </symbol>
      <symbol id="sm-828">
         <name>WDT_A_unregisterInterrupt</name>
         <value>0x5051</value>
         <object_component_ref idref="oc-fd"/>
      </symbol>
      <symbol id="sm-841">
         <name>__TI_zero_init_nomemset</name>
         <value>0x5449</value>
         <object_component_ref idref="oc-43"/>
      </symbol>
      <symbol id="sm-858">
         <name>__TI_decompress_none</name>
         <value>0x5465</value>
         <object_component_ref idref="oc-1d"/>
      </symbol>
      <symbol id="sm-87b">
         <name>__TI_decompress_lzss</name>
         <value>0x526d</value>
         <object_component_ref idref="oc-17"/>
      </symbol>
      <symbol id="sm-88e">
         <name>__stack</name>
         <value>0x2000fe00</value>
         <object_component_ref idref="oc-29"/>
      </symbol>
      <symbol id="sm-88f">
         <name>_c_int00_noargs</name>
         <value>0x5415</value>
         <object_component_ref idref="oc-55"/>
      </symbol>
      <symbol id="sm-8aa">
         <name>memcpy</name>
         <value>0x51d1</value>
         <object_component_ref idref="oc-37"/>
      </symbol>
      <symbol id="sm-8ab">
         <name>__aeabi_memcpy</name>
         <value>0x51d1</value>
         <object_component_ref idref="oc-37"/>
      </symbol>
      <symbol id="sm-8ac">
         <name>__aeabi_memcpy8</name>
         <value>0x51d1</value>
         <object_component_ref idref="oc-37"/>
      </symbol>
      <symbol id="sm-8ad">
         <name>__aeabi_memcpy4</name>
         <value>0x51d1</value>
         <object_component_ref idref="oc-37"/>
      </symbol>
      <symbol id="sm-8d6">
         <name>__TI_auto_init_nobinit_nopinit</name>
         <value>0x5391</value>
         <object_component_ref idref="oc-11f"/>
      </symbol>
      <symbol id="sm-8e0">
         <name>_system_pre_init</name>
         <value>0x5481</value>
         <object_component_ref idref="oc-99"/>
      </symbol>
      <symbol id="sm-8ec">
         <name>C$$EXIT</name>
         <value>0x5485</value>
         <object_component_ref idref="oc-113"/>
      </symbol>
      <symbol id="sm-8ed">
         <name>abort</name>
         <value>0x5485</value>
         <object_component_ref idref="oc-113"/>
      </symbol>
      <symbol id="sm-8f0">
         <name>__TI_static_base__</name>
         <value>0x0</value>
      </symbol>
      <symbol id="sm-8f3">
         <name>__mpu_init</name>
         <value>0x0</value>
      </symbol>
      <symbol id="sm-8f4">
         <name>_system_post_cinit</name>
         <value>0x0</value>
      </symbol>
      <symbol id="sm-8f5">
         <name>NMI_Handler</name>
         <value>0x547f</value>
      </symbol>
      <symbol id="sm-8f6">
         <name>HardFault_Handler</name>
         <value>0x547f</value>
      </symbol>
      <symbol id="sm-8f7">
         <name>MemManage_Handler</name>
         <value>0x547f</value>
      </symbol>
      <symbol id="sm-8f8">
         <name>BusFault_Handler</name>
         <value>0x547f</value>
      </symbol>
      <symbol id="sm-8f9">
         <name>UsageFault_Handler</name>
         <value>0x547f</value>
      </symbol>
      <symbol id="sm-8fa">
         <name>SVC_Handler</name>
         <value>0x547f</value>
      </symbol>
      <symbol id="sm-8fb">
         <name>DebugMon_Handler</name>
         <value>0x547f</value>
      </symbol>
      <symbol id="sm-8fc">
         <name>PendSV_Handler</name>
         <value>0x547f</value>
      </symbol>
      <symbol id="sm-8fd">
         <name>SysTick_Handler</name>
         <value>0x547f</value>
      </symbol>
      <symbol id="sm-8fe">
         <name>PSS_IRQHandler</name>
         <value>0x547f</value>
      </symbol>
      <symbol id="sm-8ff">
         <name>CS_IRQHandler</name>
         <value>0x547f</value>
      </symbol>
      <symbol id="sm-900">
         <name>PCM_IRQHandler</name>
         <value>0x547f</value>
      </symbol>
      <symbol id="sm-901">
         <name>WDT_A_IRQHandler</name>
         <value>0x547f</value>
      </symbol>
      <symbol id="sm-902">
         <name>FPU_IRQHandler</name>
         <value>0x547f</value>
      </symbol>
      <symbol id="sm-903">
         <name>FLCTL_IRQHandler</name>
         <value>0x547f</value>
      </symbol>
      <symbol id="sm-904">
         <name>COMP_E0_IRQHandler</name>
         <value>0x547f</value>
      </symbol>
      <symbol id="sm-905">
         <name>COMP_E1_IRQHandler</name>
         <value>0x547f</value>
      </symbol>
      <symbol id="sm-906">
         <name>TA0_0_IRQHandler</name>
         <value>0x547f</value>
      </symbol>
      <symbol id="sm-907">
         <name>TA0_N_IRQHandler</name>
         <value>0x547f</value>
      </symbol>
      <symbol id="sm-908">
         <name>TA1_0_IRQHandler</name>
         <value>0x5311</value>
      </symbol>
      <symbol id="sm-909">
         <name>TA1_N_IRQHandler</name>
         <value>0x547f</value>
      </symbol>
      <symbol id="sm-90a">
         <name>TA2_0_IRQHandler</name>
         <value>0x547f</value>
      </symbol>
      <symbol id="sm-90b">
         <name>TA2_N_IRQHandler</name>
         <value>0x547f</value>
      </symbol>
      <symbol id="sm-90c">
         <name>TA3_0_IRQHandler</name>
         <value>0x547f</value>
      </symbol>
      <symbol id="sm-90d">
         <name>TA3_N_IRQHandler</name>
         <value>0x547f</value>
      </symbol>
      <symbol id="sm-90e">
         <name>EUSCIA0_IRQHandler</name>
         <value>0x547f</value>
      </symbol>
      <symbol id="sm-90f">
         <name>EUSCIA1_IRQHandler</name>
         <value>0x547f</value>
      </symbol>
      <symbol id="sm-910">
         <name>EUSCIA2_IRQHandler</name>
         <value>0x547f</value>
      </symbol>
      <symbol id="sm-911">
         <name>EUSCIA3_IRQHandler</name>
         <value>0x547f</value>
      </symbol>
      <symbol id="sm-912">
         <name>EUSCIB0_IRQHandler</name>
         <value>0x547f</value>
      </symbol>
      <symbol id="sm-913">
         <name>EUSCIB1_IRQHandler</name>
         <value>0x547f</value>
      </symbol>
      <symbol id="sm-914">
         <name>EUSCIB2_IRQHandler</name>
         <value>0x547f</value>
      </symbol>
      <symbol id="sm-915">
         <name>EUSCIB3_IRQHandler</name>
         <value>0x547f</value>
      </symbol>
      <symbol id="sm-916">
         <name>ADC14_IRQHandler</name>
         <value>0x547f</value>
      </symbol>
      <symbol id="sm-917">
         <name>T32_INT1_IRQHandler</name>
         <value>0x547f</value>
      </symbol>
      <symbol id="sm-918">
         <name>T32_INT2_IRQHandler</name>
         <value>0x547f</value>
      </symbol>
      <symbol id="sm-919">
         <name>T32_INTC_IRQHandler</name>
         <value>0x547f</value>
      </symbol>
      <symbol id="sm-91a">
         <name>AES256_IRQHandler</name>
         <value>0x547f</value>
      </symbol>
      <symbol id="sm-91b">
         <name>RTC_C_IRQHandler</name>
         <value>0x547f</value>
      </symbol>
      <symbol id="sm-91c">
         <name>DMA_ERR_IRQHandler</name>
         <value>0x547f</value>
      </symbol>
      <symbol id="sm-91d">
         <name>DMA_INT3_IRQHandler</name>
         <value>0x547f</value>
      </symbol>
      <symbol id="sm-91e">
         <name>DMA_INT2_IRQHandler</name>
         <value>0x547f</value>
      </symbol>
      <symbol id="sm-91f">
         <name>DMA_INT1_IRQHandler</name>
         <value>0x547f</value>
      </symbol>
      <symbol id="sm-920">
         <name>DMA_INT0_IRQHandler</name>
         <value>0x547f</value>
      </symbol>
      <symbol id="sm-921">
         <name>PORT1_IRQHandler</name>
         <value>0x547f</value>
      </symbol>
      <symbol id="sm-922">
         <name>PORT2_IRQHandler</name>
         <value>0x547f</value>
      </symbol>
      <symbol id="sm-923">
         <name>PORT3_IRQHandler</name>
         <value>0x547f</value>
      </symbol>
      <symbol id="sm-924">
         <name>PORT4_IRQHandler</name>
         <value>0x4e83</value>
      </symbol>
      <symbol id="sm-925">
         <name>PORT5_IRQHandler</name>
         <value>0x547f</value>
      </symbol>
      <symbol id="sm-926">
         <name>PORT6_IRQHandler</name>
         <value>0x547f</value>
      </symbol>
   </symbol_table>
   <title>Link successful</title>
</link_info>
