<?xml version="1.0" encoding="ISO-8859-1" ?>
<link_info>
   <banner>TI ARM Linker PC v20.2.5.LTS</banner>
   <copyright>Copyright (c) 1996-2018 Texas Instruments Incorporated</copyright>
   <link_time>0x6169c5fd</link_time>
   <link_errors>0x0</link_errors>
   <output_file>Take Five.out</output_file>
   <entry_point>
      <name>_c_int00_noargs</name>
      <address>0x5131</address>
   </entry_point>
   <input_file_list>
      <input_file id="fl-2">
         <path>.\</path>
         <kind>object</kind>
         <file>Bump.obj</file>
         <name>Bump.obj</name>
      </input_file>
      <input_file id="fl-3">
         <path>.\</path>
         <kind>object</kind>
         <file>Clock.obj</file>
         <name>Clock.obj</name>
      </input_file>
      <input_file id="fl-4">
         <path>.\</path>
         <kind>object</kind>
         <file>FSM.obj</file>
         <name>FSM.obj</name>
      </input_file>
      <input_file id="fl-5">
         <path>.\</path>
         <kind>object</kind>
         <file>LED.obj</file>
         <name>LED.obj</name>
      </input_file>
      <input_file id="fl-6">
         <path>.\</path>
         <kind>object</kind>
         <file>Reflectance.obj</file>
         <name>Reflectance.obj</name>
      </input_file>
      <input_file id="fl-7">
         <path>.\</path>
         <kind>object</kind>
         <file>TakeFiveMain.obj</file>
         <name>TakeFiveMain.obj</name>
      </input_file>
      <input_file id="fl-8">
         <path>.\</path>
         <kind>object</kind>
         <file>TimerA1.obj</file>
         <name>TimerA1.obj</name>
      </input_file>
      <input_file id="fl-9">
         <path>.\</path>
         <kind>object</kind>
         <file>adc14.obj</file>
         <name>adc14.obj</name>
      </input_file>
      <input_file id="fl-a">
         <path>.\</path>
         <kind>object</kind>
         <file>aes256.obj</file>
         <name>aes256.obj</name>
      </input_file>
      <input_file id="fl-b">
         <path>.\</path>
         <kind>object</kind>
         <file>comp_e.obj</file>
         <name>comp_e.obj</name>
      </input_file>
      <input_file id="fl-c">
         <path>.\</path>
         <kind>object</kind>
         <file>cpu.obj</file>
         <name>cpu.obj</name>
      </input_file>
      <input_file id="fl-d">
         <path>.\</path>
         <kind>object</kind>
         <file>crc32.obj</file>
         <name>crc32.obj</name>
      </input_file>
      <input_file id="fl-e">
         <path>.\</path>
         <kind>object</kind>
         <file>cs.obj</file>
         <name>cs.obj</name>
      </input_file>
      <input_file id="fl-f">
         <path>.\</path>
         <kind>object</kind>
         <file>dma.obj</file>
         <name>dma.obj</name>
      </input_file>
      <input_file id="fl-10">
         <path>.\</path>
         <kind>object</kind>
         <file>flash.obj</file>
         <name>flash.obj</name>
      </input_file>
      <input_file id="fl-11">
         <path>.\</path>
         <kind>object</kind>
         <file>fpu.obj</file>
         <name>fpu.obj</name>
      </input_file>
      <input_file id="fl-12">
         <path>.\</path>
         <kind>object</kind>
         <file>gpio.obj</file>
         <name>gpio.obj</name>
      </input_file>
      <input_file id="fl-13">
         <path>.\</path>
         <kind>object</kind>
         <file>i2c.obj</file>
         <name>i2c.obj</name>
      </input_file>
      <input_file id="fl-14">
         <path>.\</path>
         <kind>object</kind>
         <file>interrupt.obj</file>
         <name>interrupt.obj</name>
      </input_file>
      <input_file id="fl-15">
         <path>.\</path>
         <kind>object</kind>
         <file>mpu.obj</file>
         <name>mpu.obj</name>
      </input_file>
      <input_file id="fl-16">
         <path>.\</path>
         <kind>object</kind>
         <file>pcm.obj</file>
         <name>pcm.obj</name>
      </input_file>
      <input_file id="fl-17">
         <path>.\</path>
         <kind>object</kind>
         <file>pmap.obj</file>
         <name>pmap.obj</name>
      </input_file>
      <input_file id="fl-18">
         <path>.\</path>
         <kind>object</kind>
         <file>pss.obj</file>
         <name>pss.obj</name>
      </input_file>
      <input_file id="fl-19">
         <path>.\</path>
         <kind>object</kind>
         <file>ref_a.obj</file>
         <name>ref_a.obj</name>
      </input_file>
      <input_file id="fl-1a">
         <path>.\</path>
         <kind>object</kind>
         <file>reset.obj</file>
         <name>reset.obj</name>
      </input_file>
      <input_file id="fl-1b">
         <path>.\</path>
         <kind>object</kind>
         <file>rtc_c.obj</file>
         <name>rtc_c.obj</name>
      </input_file>
      <input_file id="fl-1c">
         <path>.\</path>
         <kind>object</kind>
         <file>spi.obj</file>
         <name>spi.obj</name>
      </input_file>
      <input_file id="fl-1d">
         <path>.\</path>
         <kind>object</kind>
         <file>startup_msp432p401r_ccs.obj</file>
         <name>startup_msp432p401r_ccs.obj</name>
      </input_file>
      <input_file id="fl-1e">
         <path>.\</path>
         <kind>object</kind>
         <file>sysctl.obj</file>
         <name>sysctl.obj</name>
      </input_file>
      <input_file id="fl-1f">
         <path>.\</path>
         <kind>object</kind>
         <file>system_msp432p401r.obj</file>
         <name>system_msp432p401r.obj</name>
      </input_file>
      <input_file id="fl-20">
         <path>.\</path>
         <kind>object</kind>
         <file>systick.obj</file>
         <name>systick.obj</name>
      </input_file>
      <input_file id="fl-21">
         <path>.\</path>
         <kind>object</kind>
         <file>timer32.obj</file>
         <name>timer32.obj</name>
      </input_file>
      <input_file id="fl-22">
         <path>.\</path>
         <kind>object</kind>
         <file>timer_a.obj</file>
         <name>timer_a.obj</name>
      </input_file>
      <input_file id="fl-23">
         <path>.\</path>
         <kind>object</kind>
         <file>uart.obj</file>
         <name>uart.obj</name>
      </input_file>
      <input_file id="fl-24">
         <path>.\</path>
         <kind>object</kind>
         <file>wdt_a.obj</file>
         <name>wdt_a.obj</name>
      </input_file>
      <input_file id="fl-28">
         <kind>object</kind>
         <file>&lt;internal&gt;</file>
         <name>&lt;internal&gt;</name>
      </input_file>
      <input_file id="fl-de">
         <path>C:\ti\ccs1040\ccs\tools\compiler\ti-cgt-arm_20.2.5.LTS\lib\</path>
         <kind>archive</kind>
         <file>rtsv7M4_T_le_v4SPD16_eabi.lib</file>
         <name>copy_zero_init.c.obj</name>
      </input_file>
      <input_file id="fl-df">
         <path>C:\ti\ccs1040\ccs\tools\compiler\ti-cgt-arm_20.2.5.LTS\lib\</path>
         <kind>archive</kind>
         <file>rtsv7M4_T_le_v4SPD16_eabi.lib</file>
         <name>copy_decompress_none.c.obj</name>
      </input_file>
      <input_file id="fl-e0">
         <path>C:\ti\ccs1040\ccs\tools\compiler\ti-cgt-arm_20.2.5.LTS\lib\</path>
         <kind>archive</kind>
         <file>rtsv7M4_T_le_v4SPD16_eabi.lib</file>
         <name>copy_decompress_lzss.c.obj</name>
      </input_file>
      <input_file id="fl-e1">
         <path>C:\ti\ccs1040\ccs\tools\compiler\ti-cgt-arm_20.2.5.LTS\lib\</path>
         <kind>archive</kind>
         <file>rtsv7M4_T_le_v4SPD16_eabi.lib</file>
         <name>boot_cortex_m.c.obj</name>
      </input_file>
      <input_file id="fl-e2">
         <path>C:\ti\ccs1040\ccs\tools\compiler\ti-cgt-arm_20.2.5.LTS\lib\</path>
         <kind>archive</kind>
         <file>rtsv7M4_T_le_v4SPD16_eabi.lib</file>
         <name>memcpy_t2.asm.obj</name>
      </input_file>
      <input_file id="fl-e3">
         <path>C:\ti\ccs1040\ccs\tools\compiler\ti-cgt-arm_20.2.5.LTS\lib\</path>
         <kind>archive</kind>
         <file>rtsv7M4_T_le_v4SPD16_eabi.lib</file>
         <name>memset_t2.asm.obj</name>
      </input_file>
      <input_file id="fl-e4">
         <path>C:\ti\ccs1040\ccs\tools\compiler\ti-cgt-arm_20.2.5.LTS\lib\</path>
         <kind>archive</kind>
         <file>rtsv7M4_T_le_v4SPD16_eabi.lib</file>
         <name>autoinit.c.obj</name>
      </input_file>
      <input_file id="fl-e5">
         <path>C:\ti\ccs1040\ccs\tools\compiler\ti-cgt-arm_20.2.5.LTS\lib\</path>
         <kind>archive</kind>
         <file>rtsv7M4_T_le_v4SPD16_eabi.lib</file>
         <name>pre_init.c.obj</name>
      </input_file>
      <input_file id="fl-e6">
         <path>C:\ti\ccs1040\ccs\tools\compiler\ti-cgt-arm_20.2.5.LTS\lib\</path>
         <kind>archive</kind>
         <file>rtsv7M4_T_le_v4SPD16_eabi.lib</file>
         <name>cpy_tbl.c.obj</name>
      </input_file>
      <input_file id="fl-e7">
         <path>C:\ti\ccs1040\ccs\tools\compiler\ti-cgt-arm_20.2.5.LTS\lib\</path>
         <kind>archive</kind>
         <file>rtsv7M4_T_le_v4SPD16_eabi.lib</file>
         <name>exit.c.obj</name>
      </input_file>
      <input_file id="fl-e8">
         <path>C:\ti\ccs1040\ccs\tools\compiler\ti-cgt-arm_20.2.5.LTS\lib\</path>
         <kind>archive</kind>
         <file>rtsv7M4_T_le_v4SPD16_eabi.lib</file>
         <name>_lock.c.obj</name>
      </input_file>
      <input_file id="fl-e9">
         <path>C:\ti\ccs1040\ccs\tools\compiler\ti-cgt-arm_20.2.5.LTS\lib\</path>
         <kind>archive</kind>
         <file>rtsv7M4_T_le_v4SPD16_eabi.lib</file>
         <name>args_main.c.obj</name>
      </input_file>
   </input_file_list>
   <object_component_list>
      <object_component id="oc-26">
         <name>.intvecs:retain</name>
         <load_address>0x0</load_address>
         <run_address>0x0</run_address>
         <size>0xe4</size>
         <input_file_ref idref="fl-1d"/>
      </object_component>
      <object_component id="oc-1ac">
         <name>.text</name>
         <load_address>0xe4</load_address>
         <run_address>0xe4</run_address>
         <size>0x15a8</size>
         <input_file_ref idref="fl-10"/>
      </object_component>
      <object_component id="oc-1b2">
         <name>.text</name>
         <load_address>0x168c</load_address>
         <run_address>0x168c</run_address>
         <size>0xc5c</size>
         <input_file_ref idref="fl-e"/>
      </object_component>
      <object_component id="oc-1a6">
         <name>.text</name>
         <load_address>0x22e8</load_address>
         <run_address>0x22e8</run_address>
         <size>0x834</size>
         <input_file_ref idref="fl-16"/>
      </object_component>
      <object_component id="oc-b8">
         <name>.text</name>
         <load_address>0x2b1c</load_address>
         <run_address>0x2b1c</run_address>
         <size>0x798</size>
         <input_file_ref idref="fl-22"/>
      </object_component>
      <object_component id="oc-203">
         <name>.text</name>
         <load_address>0x32b4</load_address>
         <run_address>0x32b4</run_address>
         <size>0x554</size>
         <input_file_ref idref="fl-1b"/>
      </object_component>
      <object_component id="oc-d0">
         <name>.text</name>
         <load_address>0x3808</load_address>
         <run_address>0x3808</run_address>
         <size>0x480</size>
         <input_file_ref idref="fl-12"/>
      </object_component>
      <object_component id="oc-be">
         <name>.text</name>
         <load_address>0x3c88</load_address>
         <run_address>0x3c88</run_address>
         <size>0x40c</size>
         <input_file_ref idref="fl-14"/>
      </object_component>
      <object_component id="oc-195">
         <name>.text</name>
         <load_address>0x4094</load_address>
         <run_address>0x4094</run_address>
         <size>0x33c</size>
         <input_file_ref idref="fl-6"/>
      </object_component>
      <object_component id="oc-b1">
         <name>.text</name>
         <load_address>0x43d0</load_address>
         <run_address>0x43d0</run_address>
         <size>0x334</size>
         <input_file_ref idref="fl-1f"/>
      </object_component>
      <object_component id="oc-f7">
         <name>.text</name>
         <load_address>0x4704</load_address>
         <run_address>0x4704</run_address>
         <size>0x280</size>
         <input_file_ref idref="fl-4"/>
      </object_component>
      <object_component id="oc-20b">
         <name>.text</name>
         <load_address>0x4984</load_address>
         <run_address>0x4984</run_address>
         <size>0x248</size>
         <input_file_ref idref="fl-1e"/>
      </object_component>
      <object_component id="oc-73">
         <name>.text</name>
         <load_address>0x4bcc</load_address>
         <run_address>0x4bcc</run_address>
         <size>0xe8</size>
         <input_file_ref idref="fl-2"/>
      </object_component>
      <object_component id="oc-1fd">
         <name>.text</name>
         <load_address>0x4cb4</load_address>
         <run_address>0x4cb4</run_address>
         <size>0xd8</size>
         <input_file_ref idref="fl-24"/>
      </object_component>
      <object_component id="oc-fd">
         <name>.text</name>
         <load_address>0x4d8c</load_address>
         <run_address>0x4d8c</run_address>
         <size>0xc0</size>
         <input_file_ref idref="fl-3"/>
      </object_component>
      <object_component id="oc-9f">
         <name>.text</name>
         <load_address>0x4e4c</load_address>
         <run_address>0x4e4c</run_address>
         <size>0xa0</size>
         <input_file_ref idref="fl-7"/>
      </object_component>
      <object_component id="oc-37">
         <name>.text</name>
         <load_address>0x4eec</load_address>
         <run_address>0x4eec</run_address>
         <size>0x9c</size>
         <input_file_ref idref="fl-e2"/>
      </object_component>
      <object_component id="oc-17">
         <name>.text:decompress:lzss:__TI_decompress_lzss</name>
         <load_address>0x4f88</load_address>
         <run_address>0x4f88</run_address>
         <size>0x68</size>
         <input_file_ref idref="fl-e0"/>
      </object_component>
      <object_component id="oc-6d">
         <name>.text</name>
         <load_address>0x4ff0</load_address>
         <run_address>0x4ff0</run_address>
         <size>0x60</size>
         <input_file_ref idref="fl-8"/>
      </object_component>
      <object_component id="oc-f1">
         <name>.text</name>
         <load_address>0x5050</load_address>
         <run_address>0x5050</run_address>
         <size>0x5c</size>
         <input_file_ref idref="fl-5"/>
      </object_component>
      <object_component id="oc-113">
         <name>.text:__TI_auto_init_nobinit_nopinit:__TI_auto_init_nobinit_nopinit</name>
         <load_address>0x50ac</load_address>
         <run_address>0x50ac</run_address>
         <size>0x44</size>
         <input_file_ref idref="fl-e4"/>
      </object_component>
      <object_component id="oc-150">
         <name>.text</name>
         <load_address>0x50f0</load_address>
         <run_address>0x50f0</run_address>
         <size>0x3e</size>
         <input_file_ref idref="fl-c"/>
      </object_component>
      <object_component id="oc-55">
         <name>.text:_c_int00_noargs:_c_int00_noargs</name>
         <load_address>0x5130</load_address>
         <run_address>0x5130</run_address>
         <size>0x34</size>
         <input_file_ref idref="fl-e1"/>
      </object_component>
      <object_component id="oc-43">
         <name>.text:decompress:ZI:__TI_zero_init_nomemset:__TI_zero_init_nomemset</name>
         <load_address>0x5164</load_address>
         <run_address>0x5164</run_address>
         <size>0x1c</size>
         <input_file_ref idref="fl-de"/>
      </object_component>
      <object_component id="oc-1d">
         <name>.text:decompress:none:__TI_decompress_none</name>
         <load_address>0x5180</load_address>
         <run_address>0x5180</run_address>
         <size>0xe</size>
         <input_file_ref idref="fl-df"/>
      </object_component>
      <object_component id="oc-67">
         <name>.text</name>
         <load_address>0x518e</load_address>
         <run_address>0x518e</run_address>
         <size>0xe</size>
         <input_file_ref idref="fl-1d"/>
      </object_component>
      <object_component id="oc-99">
         <name>.text:_system_pre_init</name>
         <load_address>0x519c</load_address>
         <run_address>0x519c</run_address>
         <size>0x4</size>
         <input_file_ref idref="fl-e5"/>
      </object_component>
      <object_component id="oc-107">
         <name>.text:abort:abort</name>
         <load_address>0x51a0</load_address>
         <run_address>0x51a0</run_address>
         <size>0x4</size>
         <input_file_ref idref="fl-e7"/>
      </object_component>
      <object_component id="oc-15c">
         <name>.const:g_pulRegs</name>
         <load_address>0x51a4</load_address>
         <run_address>0x51a4</run_address>
         <size>0x50</size>
         <input_file_ref idref="fl-14"/>
      </object_component>
      <object_component id="oc-18a">
         <name>.const:GPIO_PORT_TO_BASE</name>
         <load_address>0x51f4</load_address>
         <run_address>0x51f4</run_address>
         <size>0x30</size>
         <input_file_ref idref="fl-12"/>
      </object_component>
      <object_component id="oc-1f6">
         <name>.const:$P$T0$1</name>
         <load_address>0x5224</load_address>
         <run_address>0x5224</run_address>
         <size>0x20</size>
         <input_file_ref idref="fl-6"/>
      </object_component>
      <object_component id="oc-159">
         <name>.const:g_pulPriority</name>
         <load_address>0x5244</load_address>
         <run_address>0x5244</run_address>
         <size>0x20</size>
         <input_file_ref idref="fl-14"/>
      </object_component>
      <object_component id="oc-18d">
         <name>.const:GPIO_PORT_TO_INT</name>
         <load_address>0x5264</load_address>
         <run_address>0x5264</run_address>
         <size>0x1c</size>
         <input_file_ref idref="fl-12"/>
      </object_component>
      <object_component id="oc-162">
         <name>.const:g_pulDisRegs</name>
         <load_address>0x5280</load_address>
         <run_address>0x5280</run_address>
         <size>0x8</size>
         <input_file_ref idref="fl-14"/>
      </object_component>
      <object_component id="oc-15f">
         <name>.const:g_pulEnRegs</name>
         <load_address>0x5288</load_address>
         <run_address>0x5288</run_address>
         <size>0x8</size>
         <input_file_ref idref="fl-14"/>
      </object_component>
      <object_component id="oc-165">
         <name>.const:g_pulPendRegs</name>
         <load_address>0x5290</load_address>
         <run_address>0x5290</run_address>
         <size>0x8</size>
         <input_file_ref idref="fl-14"/>
      </object_component>
      <object_component id="oc-168">
         <name>.const:g_pulUnpendRegs</name>
         <load_address>0x5298</load_address>
         <run_address>0x5298</run_address>
         <size>0x8</size>
         <input_file_ref idref="fl-14"/>
      </object_component>
      <object_component id="oc-2a6">
         <name>.cinit..data.load</name>
         <load_address>0x52a0</load_address>
         <run_address>0x52a0</run_address>
         <size>0x52</size>
      </object_component>
      <object_component id="oc-2a3">
         <name>__TI_handler_table</name>
         <load_address>0x52f4</load_address>
         <run_address>0x52f4</run_address>
         <size>0xc</size>
      </object_component>
      <object_component id="oc-2a7">
         <name>.cinit..bss.load</name>
         <load_address>0x5300</load_address>
         <run_address>0x5300</run_address>
         <size>0x8</size>
      </object_component>
      <object_component id="oc-2a5">
         <name>.cinit..vtable.load</name>
         <load_address>0x5308</load_address>
         <run_address>0x5308</run_address>
         <size>0x8</size>
      </object_component>
      <object_component id="oc-2a4">
         <name>__TI_cinit_table</name>
         <load_address>0x5310</load_address>
         <run_address>0x5310</run_address>
         <size>0x18</size>
      </object_component>
      <object_component id="oc-277">
         <name>.binit</name>
         <load_address>0x0</load_address>
         <run_address>0x0</run_address>
         <size>0x0</size>
      </object_component>
      <object_component id="oc-156">
         <name>.vtable</name>
         <uninitialized>true</uninitialized>
         <run_address>0x20000000</run_address>
         <size>0xe8</size>
         <input_file_ref idref="fl-14"/>
      </object_component>
      <object_component id="oc-c7">
         <name>.data:Config</name>
         <load_address>0x20000128</load_address>
         <run_address>0x20000128</run_address>
         <size>0x18</size>
         <input_file_ref idref="fl-8"/>
      </object_component>
      <object_component id="oc-211">
         <name>.data:__getBurstProgramRegs</name>
         <load_address>0x200000e8</load_address>
         <run_address>0x200000e8</run_address>
         <size>0x40</size>
         <input_file_ref idref="fl-10"/>
      </object_component>
      <object_component id="oc-145">
         <name>.data</name>
         <load_address>0x20000140</load_address>
         <run_address>0x20000140</run_address>
         <size>0x4</size>
         <input_file_ref idref="fl-1f"/>
      </object_component>
      <object_component id="oc-216">
         <name>.bss</name>
         <uninitialized>true</uninitialized>
         <run_address>0x20000144</run_address>
         <size>0x8</size>
         <input_file_ref idref="fl-e"/>
      </object_component>
      <object_component id="oc-d6">
         <name>.common:BumpTask</name>
         <uninitialized>true</uninitialized>
         <run_address>0x2000014c</run_address>
         <size>0x4</size>
      </object_component>
      <object_component id="oc-19f">
         <name>.common:i</name>
         <uninitialized>true</uninitialized>
         <run_address>0x20000154</run_address>
         <size>0x4</size>
      </object_component>
      <object_component id="oc-19e">
         <name>.common:position</name>
         <uninitialized>true</uninitialized>
         <run_address>0x2000015a</run_address>
         <size>0x1</size>
      </object_component>
      <object_component id="oc-19b">
         <name>.common:bump</name>
         <uninitialized>true</uninitialized>
         <run_address>0x20000159</run_address>
         <size>0x1</size>
      </object_component>
      <object_component id="oc-103">
         <name>.common:TakeFive_FSM</name>
         <uninitialized>true</uninitialized>
         <run_address>0x20000158</run_address>
         <size>0x1</size>
      </object_component>
      <object_component id="oc-c4">
         <name>.common:TimerA1Task</name>
         <uninitialized>true</uninitialized>
         <run_address>0x20000150</run_address>
         <size>0x4</size>
      </object_component>
      <object_component id="oc-29">
         <name>.stack</name>
         <uninitialized>true</uninitialized>
         <run_address>0x2000fe00</run_address>
         <size>0x4</size>
         <input_file_ref idref="fl-e1"/>
      </object_component>
      <object_component id="oc-2a9">
         <name>.stack</name>
         <uninitialized>true</uninitialized>
         <run_address>0x2000fe00</run_address>
         <size>0x0</size>
      </object_component>
      <object_component id="oc-d7">
         <name>.debug_info</name>
         <load_address>0x0</load_address>
         <run_address>0x0</run_address>
         <size>0x76a</size>
         <input_file_ref idref="fl-2"/>
      </object_component>
      <object_component id="oc-74">
         <name>.debug_info</name>
         <load_address>0x76a</load_address>
         <run_address>0x76a</run_address>
         <size>0x3f3</size>
         <input_file_ref idref="fl-2"/>
      </object_component>
      <object_component id="oc-dc">
         <name>.debug_info</name>
         <load_address>0xb5d</load_address>
         <run_address>0xb5d</run_address>
         <size>0x26b</size>
         <input_file_ref idref="fl-2"/>
      </object_component>
      <object_component id="oc-179">
         <name>.debug_info</name>
         <load_address>0xdc8</load_address>
         <run_address>0xdc8</run_address>
         <size>0x1055</size>
         <input_file_ref idref="fl-2"/>
      </object_component>
      <object_component id="oc-174">
         <name>.debug_info</name>
         <load_address>0x1e1d</load_address>
         <run_address>0x1e1d</run_address>
         <size>0x37e2</size>
         <input_file_ref idref="fl-2"/>
      </object_component>
      <object_component id="oc-256">
         <name>.debug_info</name>
         <load_address>0x55ff</load_address>
         <run_address>0x55ff</run_address>
         <size>0x1b5</size>
         <input_file_ref idref="fl-2"/>
      </object_component>
      <object_component id="oc-249">
         <name>.debug_info</name>
         <load_address>0x57b4</load_address>
         <run_address>0x57b4</run_address>
         <size>0xc6</size>
         <input_file_ref idref="fl-2"/>
      </object_component>
      <object_component id="oc-17e">
         <name>.debug_info</name>
         <load_address>0x587a</load_address>
         <run_address>0x587a</run_address>
         <size>0x341</size>
         <input_file_ref idref="fl-2"/>
      </object_component>
      <object_component id="oc-32">
         <name>.debug_info</name>
         <load_address>0x5bbb</load_address>
         <run_address>0x5bbb</run_address>
         <size>0x84</size>
         <input_file_ref idref="fl-2"/>
      </object_component>
      <object_component id="oc-185">
         <name>.debug_info</name>
         <load_address>0x5c3f</load_address>
         <run_address>0x5c3f</run_address>
         <size>0x2a4</size>
         <input_file_ref idref="fl-2"/>
      </object_component>
      <object_component id="oc-14a">
         <name>.debug_info</name>
         <load_address>0x5ee3</load_address>
         <run_address>0x5ee3</run_address>
         <size>0xef</size>
         <input_file_ref idref="fl-2"/>
      </object_component>
      <object_component id="oc-cb">
         <name>.debug_info</name>
         <load_address>0x5fd2</load_address>
         <run_address>0x5fd2</run_address>
         <size>0xbb</size>
         <input_file_ref idref="fl-2"/>
      </object_component>
      <object_component id="oc-fe">
         <name>.debug_info</name>
         <load_address>0x608d</load_address>
         <run_address>0x608d</run_address>
         <size>0x401</size>
         <input_file_ref idref="fl-3"/>
      </object_component>
      <object_component id="oc-16c">
         <name>.debug_info</name>
         <load_address>0x648e</load_address>
         <run_address>0x648e</run_address>
         <size>0x8b</size>
         <input_file_ref idref="fl-3"/>
      </object_component>
      <object_component id="oc-19c">
         <name>.debug_info</name>
         <load_address>0x6519</load_address>
         <run_address>0x6519</run_address>
         <size>0x5fb</size>
         <input_file_ref idref="fl-4"/>
      </object_component>
      <object_component id="oc-f8">
         <name>.debug_info</name>
         <load_address>0x6b14</load_address>
         <run_address>0x6b14</run_address>
         <size>0x261</size>
         <input_file_ref idref="fl-4"/>
      </object_component>
      <object_component id="oc-1a1">
         <name>.debug_info</name>
         <load_address>0x6d75</load_address>
         <run_address>0x6d75</run_address>
         <size>0xb2</size>
         <input_file_ref idref="fl-4"/>
      </object_component>
      <object_component id="oc-f3">
         <name>.debug_info</name>
         <load_address>0x6e27</load_address>
         <run_address>0x6e27</run_address>
         <size>0x114</size>
         <input_file_ref idref="fl-5"/>
      </object_component>
      <object_component id="oc-1fa">
         <name>.debug_info</name>
         <load_address>0x6f3b</load_address>
         <run_address>0x6f3b</run_address>
         <size>0x6d5</size>
         <input_file_ref idref="fl-6"/>
      </object_component>
      <object_component id="oc-1f7">
         <name>.debug_info</name>
         <load_address>0x7610</load_address>
         <run_address>0x7610</run_address>
         <size>0xd9</size>
         <input_file_ref idref="fl-6"/>
      </object_component>
      <object_component id="oc-197">
         <name>.debug_info</name>
         <load_address>0x76e9</load_address>
         <run_address>0x76e9</run_address>
         <size>0x7e1</size>
         <input_file_ref idref="fl-6"/>
      </object_component>
      <object_component id="oc-240">
         <name>.debug_info</name>
         <load_address>0x7eca</load_address>
         <run_address>0x7eca</run_address>
         <size>0x37e2</size>
         <input_file_ref idref="fl-6"/>
      </object_component>
      <object_component id="oc-104">
         <name>.debug_info</name>
         <load_address>0xb6ac</load_address>
         <run_address>0xb6ac</run_address>
         <size>0x763</size>
         <input_file_ref idref="fl-7"/>
      </object_component>
      <object_component id="oc-a0">
         <name>.debug_info</name>
         <load_address>0xbe0f</load_address>
         <run_address>0xbe0f</run_address>
         <size>0x3a6</size>
         <input_file_ref idref="fl-7"/>
      </object_component>
      <object_component id="oc-c5">
         <name>.debug_info</name>
         <load_address>0xc1b5</load_address>
         <run_address>0xc1b5</run_address>
         <size>0x69f</size>
         <input_file_ref idref="fl-8"/>
      </object_component>
      <object_component id="oc-c8">
         <name>.debug_info</name>
         <load_address>0xc854</load_address>
         <run_address>0xc854</run_address>
         <size>0xd4</size>
         <input_file_ref idref="fl-8"/>
      </object_component>
      <object_component id="oc-6e">
         <name>.debug_info</name>
         <load_address>0xc928</load_address>
         <run_address>0xc928</run_address>
         <size>0x293</size>
         <input_file_ref idref="fl-8"/>
      </object_component>
      <object_component id="oc-151">
         <name>.debug_info</name>
         <load_address>0xcbbb</load_address>
         <run_address>0xcbbb</run_address>
         <size>0x2b8</size>
         <input_file_ref idref="fl-c"/>
      </object_component>
      <object_component id="oc-21a">
         <name>.debug_info</name>
         <load_address>0xce73</load_address>
         <run_address>0xce73</run_address>
         <size>0x771</size>
         <input_file_ref idref="fl-e"/>
      </object_component>
      <object_component id="oc-217">
         <name>.debug_info</name>
         <load_address>0xd5e4</load_address>
         <run_address>0xd5e4</run_address>
         <size>0xf2</size>
         <input_file_ref idref="fl-e"/>
      </object_component>
      <object_component id="oc-1b3">
         <name>.debug_info</name>
         <load_address>0xd6d6</load_address>
         <run_address>0xd6d6</run_address>
         <size>0x1ce4</size>
         <input_file_ref idref="fl-e"/>
      </object_component>
      <object_component id="oc-215">
         <name>.debug_info</name>
         <load_address>0xf3ba</load_address>
         <run_address>0xf3ba</run_address>
         <size>0x78f</size>
         <input_file_ref idref="fl-10"/>
      </object_component>
      <object_component id="oc-212">
         <name>.debug_info</name>
         <load_address>0xfb49</load_address>
         <run_address>0xfb49</run_address>
         <size>0xef</size>
         <input_file_ref idref="fl-10"/>
      </object_component>
      <object_component id="oc-1ad">
         <name>.debug_info</name>
         <load_address>0xfc38</load_address>
         <run_address>0xfc38</run_address>
         <size>0x3673</size>
         <input_file_ref idref="fl-10"/>
      </object_component>
      <object_component id="oc-191">
         <name>.debug_info</name>
         <load_address>0x132ab</load_address>
         <run_address>0x132ab</run_address>
         <size>0x67a</size>
         <input_file_ref idref="fl-12"/>
      </object_component>
      <object_component id="oc-18e">
         <name>.debug_info</name>
         <load_address>0x13925</load_address>
         <run_address>0x13925</run_address>
         <size>0xe4</size>
         <input_file_ref idref="fl-12"/>
      </object_component>
      <object_component id="oc-18b">
         <name>.debug_info</name>
         <load_address>0x13a09</load_address>
         <run_address>0x13a09</run_address>
         <size>0xe6</size>
         <input_file_ref idref="fl-12"/>
      </object_component>
      <object_component id="oc-d1">
         <name>.debug_info</name>
         <load_address>0x13aef</load_address>
         <run_address>0x13aef</run_address>
         <size>0x169a</size>
         <input_file_ref idref="fl-12"/>
      </object_component>
      <object_component id="oc-171">
         <name>.debug_info</name>
         <load_address>0x15189</load_address>
         <run_address>0x15189</run_address>
         <size>0x608</size>
         <input_file_ref idref="fl-14"/>
      </object_component>
      <object_component id="oc-15a">
         <name>.debug_info</name>
         <load_address>0x15791</load_address>
         <run_address>0x15791</run_address>
         <size>0xe3</size>
         <input_file_ref idref="fl-14"/>
      </object_component>
      <object_component id="oc-15d">
         <name>.debug_info</name>
         <load_address>0x15874</load_address>
         <run_address>0x15874</run_address>
         <size>0xdb</size>
         <input_file_ref idref="fl-14"/>
      </object_component>
      <object_component id="oc-160">
         <name>.debug_info</name>
         <load_address>0x1594f</load_address>
         <run_address>0x1594f</run_address>
         <size>0xdf</size>
         <input_file_ref idref="fl-14"/>
      </object_component>
      <object_component id="oc-163">
         <name>.debug_info</name>
         <load_address>0x15a2e</load_address>
         <run_address>0x15a2e</run_address>
         <size>0xe1</size>
         <input_file_ref idref="fl-14"/>
      </object_component>
      <object_component id="oc-166">
         <name>.debug_info</name>
         <load_address>0x15b0f</load_address>
         <run_address>0x15b0f</run_address>
         <size>0xe3</size>
         <input_file_ref idref="fl-14"/>
      </object_component>
      <object_component id="oc-169">
         <name>.debug_info</name>
         <load_address>0x15bf2</load_address>
         <run_address>0x15bf2</run_address>
         <size>0xe7</size>
         <input_file_ref idref="fl-14"/>
      </object_component>
      <object_component id="oc-157">
         <name>.debug_info</name>
         <load_address>0x15cd9</load_address>
         <run_address>0x15cd9</run_address>
         <size>0xe8</size>
         <input_file_ref idref="fl-14"/>
      </object_component>
      <object_component id="oc-c2">
         <name>.debug_info</name>
         <load_address>0x15dc1</load_address>
         <run_address>0x15dc1</run_address>
         <size>0xe89</size>
         <input_file_ref idref="fl-14"/>
      </object_component>
      <object_component id="oc-20a">
         <name>.debug_info</name>
         <load_address>0x16c4a</load_address>
         <run_address>0x16c4a</run_address>
         <size>0x72c</size>
         <input_file_ref idref="fl-16"/>
      </object_component>
      <object_component id="oc-1a9">
         <name>.debug_info</name>
         <load_address>0x17376</load_address>
         <run_address>0x17376</run_address>
         <size>0x1e64</size>
         <input_file_ref idref="fl-16"/>
      </object_component>
      <object_component id="oc-248">
         <name>.debug_info</name>
         <load_address>0x191da</load_address>
         <run_address>0x191da</run_address>
         <size>0x665</size>
         <input_file_ref idref="fl-1b"/>
      </object_component>
      <object_component id="oc-206">
         <name>.debug_info</name>
         <load_address>0x1983f</load_address>
         <run_address>0x1983f</run_address>
         <size>0x1108</size>
         <input_file_ref idref="fl-1b"/>
      </object_component>
      <object_component id="oc-7b">
         <name>.debug_info</name>
         <load_address>0x1a947</load_address>
         <run_address>0x1a947</run_address>
         <size>0x2cc</size>
         <input_file_ref idref="fl-1d"/>
      </object_component>
      <object_component id="oc-27">
         <name>.debug_info</name>
         <load_address>0x1ac13</load_address>
         <run_address>0x1ac13</run_address>
         <size>0xf8</size>
         <input_file_ref idref="fl-1d"/>
      </object_component>
      <object_component id="oc-69">
         <name>.debug_info</name>
         <load_address>0x1ad0b</load_address>
         <run_address>0x1ad0b</run_address>
         <size>0x1bf</size>
         <input_file_ref idref="fl-1d"/>
      </object_component>
      <object_component id="oc-251">
         <name>.debug_info</name>
         <load_address>0x1aeca</load_address>
         <run_address>0x1aeca</run_address>
         <size>0x540</size>
         <input_file_ref idref="fl-1e"/>
      </object_component>
      <object_component id="oc-20d">
         <name>.debug_info</name>
         <load_address>0x1b40a</load_address>
         <run_address>0x1b40a</run_address>
         <size>0xb98</size>
         <input_file_ref idref="fl-1e"/>
      </object_component>
      <object_component id="oc-146">
         <name>.debug_info</name>
         <load_address>0x1bfa2</load_address>
         <run_address>0x1bfa2</run_address>
         <size>0xf1</size>
         <input_file_ref idref="fl-1f"/>
      </object_component>
      <object_component id="oc-b2">
         <name>.debug_info</name>
         <load_address>0x1c093</load_address>
         <run_address>0x1c093</run_address>
         <size>0x263</size>
         <input_file_ref idref="fl-1f"/>
      </object_component>
      <object_component id="oc-14f">
         <name>.debug_info</name>
         <load_address>0x1c2f6</load_address>
         <run_address>0x1c2f6</run_address>
         <size>0x69e</size>
         <input_file_ref idref="fl-22"/>
      </object_component>
      <object_component id="oc-bb">
         <name>.debug_info</name>
         <load_address>0x1c994</load_address>
         <run_address>0x1c994</run_address>
         <size>0x1ff8</size>
         <input_file_ref idref="fl-22"/>
      </object_component>
      <object_component id="oc-246">
         <name>.debug_info</name>
         <load_address>0x1e98c</load_address>
         <run_address>0x1e98c</run_address>
         <size>0x708</size>
         <input_file_ref idref="fl-24"/>
      </object_component>
      <object_component id="oc-1ff">
         <name>.debug_info</name>
         <load_address>0x1f094</load_address>
         <run_address>0x1f094</run_address>
         <size>0x720</size>
         <input_file_ref idref="fl-24"/>
      </object_component>
      <object_component id="oc-92">
         <name>.debug_info</name>
         <load_address>0x1f7b4</load_address>
         <run_address>0x1f7b4</run_address>
         <size>0x2d4</size>
         <input_file_ref idref="fl-de"/>
      </object_component>
      <object_component id="oc-45">
         <name>.debug_info</name>
         <load_address>0x1fa88</load_address>
         <run_address>0x1fa88</run_address>
         <size>0x1d2</size>
         <input_file_ref idref="fl-de"/>
      </object_component>
      <object_component id="oc-8d">
         <name>.debug_info</name>
         <load_address>0x1fc5a</load_address>
         <run_address>0x1fc5a</run_address>
         <size>0x46</size>
         <input_file_ref idref="fl-de"/>
      </object_component>
      <object_component id="oc-e8">
         <name>.debug_info</name>
         <load_address>0x1fca0</load_address>
         <run_address>0x1fca0</run_address>
         <size>0x2c</size>
         <input_file_ref idref="fl-de"/>
      </object_component>
      <object_component id="oc-42">
         <name>.debug_info</name>
         <load_address>0x1fccc</load_address>
         <run_address>0x1fccc</run_address>
         <size>0x2a8</size>
         <input_file_ref idref="fl-df"/>
      </object_component>
      <object_component id="oc-20">
         <name>.debug_info</name>
         <load_address>0x1ff74</load_address>
         <run_address>0x1ff74</run_address>
         <size>0x1ea</size>
         <input_file_ref idref="fl-df"/>
      </object_component>
      <object_component id="oc-3d">
         <name>.debug_info</name>
         <load_address>0x2015e</load_address>
         <run_address>0x2015e</run_address>
         <size>0x46</size>
         <input_file_ref idref="fl-df"/>
      </object_component>
      <object_component id="oc-85">
         <name>.debug_info</name>
         <load_address>0x201a4</load_address>
         <run_address>0x201a4</run_address>
         <size>0x2c</size>
         <input_file_ref idref="fl-df"/>
      </object_component>
      <object_component id="oc-83">
         <name>.debug_info</name>
         <load_address>0x201d0</load_address>
         <run_address>0x201d0</run_address>
         <size>0x29e</size>
         <input_file_ref idref="fl-e0"/>
      </object_component>
      <object_component id="oc-19">
         <name>.debug_info</name>
         <load_address>0x2046e</load_address>
         <run_address>0x2046e</run_address>
         <size>0x250</size>
         <input_file_ref idref="fl-e0"/>
      </object_component>
      <object_component id="oc-2d">
         <name>.debug_info</name>
         <load_address>0x206be</load_address>
         <run_address>0x206be</run_address>
         <size>0x60</size>
         <input_file_ref idref="fl-e0"/>
      </object_component>
      <object_component id="oc-e1">
         <name>.debug_info</name>
         <load_address>0x2071e</load_address>
         <run_address>0x2071e</run_address>
         <size>0x46</size>
         <input_file_ref idref="fl-e0"/>
      </object_component>
      <object_component id="oc-7e">
         <name>.debug_info</name>
         <load_address>0x20764</load_address>
         <run_address>0x20764</run_address>
         <size>0x39</size>
         <input_file_ref idref="fl-e0"/>
      </object_component>
      <object_component id="oc-2a">
         <name>.debug_info</name>
         <load_address>0x2079d</load_address>
         <run_address>0x2079d</run_address>
         <size>0x10b</size>
         <input_file_ref idref="fl-e1"/>
      </object_component>
      <object_component id="oc-57">
         <name>.debug_info</name>
         <load_address>0x208a8</load_address>
         <run_address>0x208a8</run_address>
         <size>0x1a9</size>
         <input_file_ref idref="fl-e1"/>
      </object_component>
      <object_component id="oc-3a">
         <name>.debug_info</name>
         <load_address>0x20a51</load_address>
         <run_address>0x20a51</run_address>
         <size>0x119</size>
         <input_file_ref idref="fl-e2"/>
      </object_component>
      <object_component id="oc-1c6">
         <name>.debug_info</name>
         <load_address>0x20b6a</load_address>
         <run_address>0x20b6a</run_address>
         <size>0x4b3</size>
         <input_file_ref idref="fl-e4"/>
      </object_component>
      <object_component id="oc-114">
         <name>.debug_info</name>
         <load_address>0x2101d</load_address>
         <run_address>0x2101d</run_address>
         <size>0x1a6</size>
         <input_file_ref idref="fl-e4"/>
      </object_component>
      <object_component id="oc-22b">
         <name>.debug_info</name>
         <load_address>0x211c3</load_address>
         <run_address>0x211c3</run_address>
         <size>0x39</size>
         <input_file_ref idref="fl-e4"/>
      </object_component>
      <object_component id="oc-262">
         <name>.debug_info</name>
         <load_address>0x211fc</load_address>
         <run_address>0x211fc</run_address>
         <size>0x39</size>
         <input_file_ref idref="fl-e4"/>
      </object_component>
      <object_component id="oc-230">
         <name>.debug_info</name>
         <load_address>0x21235</load_address>
         <run_address>0x21235</run_address>
         <size>0x39</size>
         <input_file_ref idref="fl-e4"/>
      </object_component>
      <object_component id="oc-235">
         <name>.debug_info</name>
         <load_address>0x2126e</load_address>
         <run_address>0x2126e</run_address>
         <size>0xcd</size>
         <input_file_ref idref="fl-e4"/>
      </object_component>
      <object_component id="oc-9b">
         <name>.debug_info</name>
         <load_address>0x2133b</load_address>
         <run_address>0x2133b</run_address>
         <size>0x153</size>
         <input_file_ref idref="fl-e5"/>
      </object_component>
      <object_component id="oc-109">
         <name>.debug_info</name>
         <load_address>0x2148e</load_address>
         <run_address>0x2148e</run_address>
         <size>0x122</size>
         <input_file_ref idref="fl-e7"/>
      </object_component>
      <object_component id="oc-2aa">
         <name>.debug_info</name>
         <load_address>0x215b0</load_address>
         <run_address>0x215b0</run_address>
         <size>0xa4</size>
      </object_component>
      <object_component id="oc-193">
         <name>.debug_line</name>
         <load_address>0x0</load_address>
         <run_address>0x0</run_address>
         <size>0x4c</size>
         <input_file_ref idref="fl-2"/>
      </object_component>
      <object_component id="oc-77">
         <name>.debug_line</name>
         <load_address>0x4c</load_address>
         <run_address>0x4c</run_address>
         <size>0xa3</size>
         <input_file_ref idref="fl-2"/>
      </object_component>
      <object_component id="oc-df">
         <name>.debug_line</name>
         <load_address>0xef</load_address>
         <run_address>0xef</run_address>
         <size>0x6f</size>
         <input_file_ref idref="fl-2"/>
      </object_component>
      <object_component id="oc-17c">
         <name>.debug_line</name>
         <load_address>0x15e</load_address>
         <run_address>0x15e</run_address>
         <size>0x5b</size>
         <input_file_ref idref="fl-2"/>
      </object_component>
      <object_component id="oc-177">
         <name>.debug_line</name>
         <load_address>0x1b9</load_address>
         <run_address>0x1b9</run_address>
         <size>0x58</size>
         <input_file_ref idref="fl-2"/>
      </object_component>
      <object_component id="oc-259">
         <name>.debug_line</name>
         <load_address>0x211</load_address>
         <run_address>0x211</run_address>
         <size>0x2f</size>
         <input_file_ref idref="fl-2"/>
      </object_component>
      <object_component id="oc-24c">
         <name>.debug_line</name>
         <load_address>0x240</load_address>
         <run_address>0x240</run_address>
         <size>0x2e</size>
         <input_file_ref idref="fl-2"/>
      </object_component>
      <object_component id="oc-181">
         <name>.debug_line</name>
         <load_address>0x26e</load_address>
         <run_address>0x26e</run_address>
         <size>0x30</size>
         <input_file_ref idref="fl-2"/>
      </object_component>
      <object_component id="oc-35">
         <name>.debug_line</name>
         <load_address>0x29e</load_address>
         <run_address>0x29e</run_address>
         <size>0x20</size>
         <input_file_ref idref="fl-2"/>
      </object_component>
      <object_component id="oc-188">
         <name>.debug_line</name>
         <load_address>0x2be</load_address>
         <run_address>0x2be</run_address>
         <size>0x73</size>
         <input_file_ref idref="fl-2"/>
      </object_component>
      <object_component id="oc-14d">
         <name>.debug_line</name>
         <load_address>0x331</load_address>
         <run_address>0x331</run_address>
         <size>0x6f</size>
         <input_file_ref idref="fl-2"/>
      </object_component>
      <object_component id="oc-ce">
         <name>.debug_line</name>
         <load_address>0x3a0</load_address>
         <run_address>0x3a0</run_address>
         <size>0x70</size>
         <input_file_ref idref="fl-2"/>
      </object_component>
      <object_component id="oc-102">
         <name>.debug_line</name>
         <load_address>0x410</load_address>
         <run_address>0x410</run_address>
         <size>0xc0</size>
         <input_file_ref idref="fl-3"/>
      </object_component>
      <object_component id="oc-16f">
         <name>.debug_line</name>
         <load_address>0x4d0</load_address>
         <run_address>0x4d0</run_address>
         <size>0x20</size>
         <input_file_ref idref="fl-3"/>
      </object_component>
      <object_component id="oc-1fc">
         <name>.debug_line</name>
         <load_address>0x4f0</load_address>
         <run_address>0x4f0</run_address>
         <size>0x4d</size>
         <input_file_ref idref="fl-4"/>
      </object_component>
      <object_component id="oc-fb">
         <name>.debug_line</name>
         <load_address>0x53d</load_address>
         <run_address>0x53d</run_address>
         <size>0x108</size>
         <input_file_ref idref="fl-4"/>
      </object_component>
      <object_component id="oc-1a4">
         <name>.debug_line</name>
         <load_address>0x645</load_address>
         <run_address>0x645</run_address>
         <size>0x2c</size>
         <input_file_ref idref="fl-4"/>
      </object_component>
      <object_component id="oc-f6">
         <name>.debug_line</name>
         <load_address>0x671</load_address>
         <run_address>0x671</run_address>
         <size>0x48</size>
         <input_file_ref idref="fl-5"/>
      </object_component>
      <object_component id="oc-23f">
         <name>.debug_line</name>
         <load_address>0x6b9</load_address>
         <run_address>0x6b9</run_address>
         <size>0x3b</size>
         <input_file_ref idref="fl-6"/>
      </object_component>
      <object_component id="oc-23d">
         <name>.debug_line</name>
         <load_address>0x6f4</load_address>
         <run_address>0x6f4</run_address>
         <size>0x34</size>
         <input_file_ref idref="fl-6"/>
      </object_component>
      <object_component id="oc-196">
         <name>.debug_line</name>
         <load_address>0x728</load_address>
         <run_address>0x728</run_address>
         <size>0xe3</size>
         <input_file_ref idref="fl-6"/>
      </object_component>
      <object_component id="oc-243">
         <name>.debug_line</name>
         <load_address>0x80b</load_address>
         <run_address>0x80b</run_address>
         <size>0x58</size>
         <input_file_ref idref="fl-6"/>
      </object_component>
      <object_component id="oc-1ba">
         <name>.debug_line</name>
         <load_address>0x863</load_address>
         <run_address>0x863</run_address>
         <size>0x85</size>
         <input_file_ref idref="fl-7"/>
      </object_component>
      <object_component id="oc-a4">
         <name>.debug_line</name>
         <load_address>0x8e8</load_address>
         <run_address>0x8e8</run_address>
         <size>0xb1</size>
         <input_file_ref idref="fl-7"/>
      </object_component>
      <object_component id="oc-173">
         <name>.debug_line</name>
         <load_address>0x999</load_address>
         <run_address>0x999</run_address>
         <size>0x52</size>
         <input_file_ref idref="fl-8"/>
      </object_component>
      <object_component id="oc-184">
         <name>.debug_line</name>
         <load_address>0x9eb</load_address>
         <run_address>0x9eb</run_address>
         <size>0x30</size>
         <input_file_ref idref="fl-8"/>
      </object_component>
      <object_component id="oc-71">
         <name>.debug_line</name>
         <load_address>0xa1b</load_address>
         <run_address>0xa1b</run_address>
         <size>0x7e</size>
         <input_file_ref idref="fl-8"/>
      </object_component>
      <object_component id="oc-154">
         <name>.debug_line</name>
         <load_address>0xa99</load_address>
         <run_address>0xa99</run_address>
         <size>0xcf</size>
         <input_file_ref idref="fl-c"/>
      </object_component>
      <object_component id="oc-25e">
         <name>.debug_line</name>
         <load_address>0xb68</load_address>
         <run_address>0xb68</run_address>
         <size>0x41</size>
         <input_file_ref idref="fl-e"/>
      </object_component>
      <object_component id="oc-25c">
         <name>.debug_line</name>
         <load_address>0xba9</load_address>
         <run_address>0xba9</run_address>
         <size>0x2b</size>
         <input_file_ref idref="fl-e"/>
      </object_component>
      <object_component id="oc-1b6">
         <name>.debug_line</name>
         <load_address>0xbd4</load_address>
         <run_address>0xbd4</run_address>
         <size>0x7f2</size>
         <input_file_ref idref="fl-e"/>
      </object_component>
      <object_component id="oc-255">
         <name>.debug_line</name>
         <load_address>0x13c6</load_address>
         <run_address>0x13c6</run_address>
         <size>0x4d</size>
         <input_file_ref idref="fl-10"/>
      </object_component>
      <object_component id="oc-253">
         <name>.debug_line</name>
         <load_address>0x1413</load_address>
         <run_address>0x1413</run_address>
         <size>0x2e</size>
         <input_file_ref idref="fl-10"/>
      </object_component>
      <object_component id="oc-1b1">
         <name>.debug_line</name>
         <load_address>0x1441</load_address>
         <run_address>0x1441</run_address>
         <size>0xcea</size>
         <input_file_ref idref="fl-10"/>
      </object_component>
      <object_component id="oc-1f5">
         <name>.debug_line</name>
         <load_address>0x212b</load_address>
         <run_address>0x212b</run_address>
         <size>0x32</size>
         <input_file_ref idref="fl-12"/>
      </object_component>
      <object_component id="oc-1f3">
         <name>.debug_line</name>
         <load_address>0x215d</load_address>
         <run_address>0x215d</run_address>
         <size>0x2d</size>
         <input_file_ref idref="fl-12"/>
      </object_component>
      <object_component id="oc-1f1">
         <name>.debug_line</name>
         <load_address>0x218a</load_address>
         <run_address>0x218a</run_address>
         <size>0x2d</size>
         <input_file_ref idref="fl-12"/>
      </object_component>
      <object_component id="oc-d5">
         <name>.debug_line</name>
         <load_address>0x21b7</load_address>
         <run_address>0x21b7</run_address>
         <size>0x2bc</size>
         <input_file_ref idref="fl-12"/>
      </object_component>
      <object_component id="oc-1ef">
         <name>.debug_line</name>
         <load_address>0x2473</load_address>
         <run_address>0x2473</run_address>
         <size>0x2c</size>
         <input_file_ref idref="fl-14"/>
      </object_component>
      <object_component id="oc-1e3">
         <name>.debug_line</name>
         <load_address>0x249f</load_address>
         <run_address>0x249f</run_address>
         <size>0x32</size>
         <input_file_ref idref="fl-14"/>
      </object_component>
      <object_component id="oc-1e5">
         <name>.debug_line</name>
         <load_address>0x24d1</load_address>
         <run_address>0x24d1</run_address>
         <size>0x32</size>
         <input_file_ref idref="fl-14"/>
      </object_component>
      <object_component id="oc-1e7">
         <name>.debug_line</name>
         <load_address>0x2503</load_address>
         <run_address>0x2503</run_address>
         <size>0x32</size>
         <input_file_ref idref="fl-14"/>
      </object_component>
      <object_component id="oc-1e9">
         <name>.debug_line</name>
         <load_address>0x2535</load_address>
         <run_address>0x2535</run_address>
         <size>0x32</size>
         <input_file_ref idref="fl-14"/>
      </object_component>
      <object_component id="oc-1eb">
         <name>.debug_line</name>
         <load_address>0x2567</load_address>
         <run_address>0x2567</run_address>
         <size>0x32</size>
         <input_file_ref idref="fl-14"/>
      </object_component>
      <object_component id="oc-1ed">
         <name>.debug_line</name>
         <load_address>0x2599</load_address>
         <run_address>0x2599</run_address>
         <size>0x32</size>
         <input_file_ref idref="fl-14"/>
      </object_component>
      <object_component id="oc-1e1">
         <name>.debug_line</name>
         <load_address>0x25cb</load_address>
         <run_address>0x25cb</run_address>
         <size>0x32</size>
         <input_file_ref idref="fl-14"/>
      </object_component>
      <object_component id="oc-c0">
         <name>.debug_line</name>
         <load_address>0x25fd</load_address>
         <run_address>0x25fd</run_address>
         <size>0x307</size>
         <input_file_ref idref="fl-14"/>
      </object_component>
      <object_component id="oc-24f">
         <name>.debug_line</name>
         <load_address>0x2904</load_address>
         <run_address>0x2904</run_address>
         <size>0x5a</size>
         <input_file_ref idref="fl-16"/>
      </object_component>
      <object_component id="oc-1a8">
         <name>.debug_line</name>
         <load_address>0x295e</load_address>
         <run_address>0x295e</run_address>
         <size>0x535</size>
         <input_file_ref idref="fl-16"/>
      </object_component>
      <object_component id="oc-271">
         <name>.debug_line</name>
         <load_address>0x2e93</load_address>
         <run_address>0x2e93</run_address>
         <size>0x32</size>
         <input_file_ref idref="fl-1b"/>
      </object_component>
      <object_component id="oc-204">
         <name>.debug_line</name>
         <load_address>0x2ec5</load_address>
         <run_address>0x2ec5</run_address>
         <size>0x328</size>
         <input_file_ref idref="fl-1b"/>
      </object_component>
      <object_component id="oc-db">
         <name>.debug_line</name>
         <load_address>0x31ed</load_address>
         <run_address>0x31ed</run_address>
         <size>0x40</size>
         <input_file_ref idref="fl-1d"/>
      </object_component>
      <object_component id="oc-7a">
         <name>.debug_line</name>
         <load_address>0x322d</load_address>
         <run_address>0x322d</run_address>
         <size>0x40</size>
         <input_file_ref idref="fl-1d"/>
      </object_component>
      <object_component id="oc-68">
         <name>.debug_line</name>
         <load_address>0x326d</load_address>
         <run_address>0x326d</run_address>
         <size>0x71</size>
         <input_file_ref idref="fl-1d"/>
      </object_component>
      <object_component id="oc-273">
         <name>.debug_line</name>
         <load_address>0x32de</load_address>
         <run_address>0x32de</run_address>
         <size>0x20</size>
         <input_file_ref idref="fl-1e"/>
      </object_component>
      <object_component id="oc-210">
         <name>.debug_line</name>
         <load_address>0x32fe</load_address>
         <run_address>0x32fe</run_address>
         <size>0x26e</size>
         <input_file_ref idref="fl-1e"/>
      </object_component>
      <object_component id="oc-1dc">
         <name>.debug_line</name>
         <load_address>0x356c</load_address>
         <run_address>0x356c</run_address>
         <size>0x3b</size>
         <input_file_ref idref="fl-1f"/>
      </object_component>
      <object_component id="oc-b5">
         <name>.debug_line</name>
         <load_address>0x35a7</load_address>
         <run_address>0x35a7</run_address>
         <size>0x134</size>
         <input_file_ref idref="fl-1f"/>
      </object_component>
      <object_component id="oc-1de">
         <name>.debug_line</name>
         <load_address>0x36db</load_address>
         <run_address>0x36db</run_address>
         <size>0x32</size>
         <input_file_ref idref="fl-22"/>
      </object_component>
      <object_component id="oc-bd">
         <name>.debug_line</name>
         <load_address>0x370d</load_address>
         <run_address>0x370d</run_address>
         <size>0x497</size>
         <input_file_ref idref="fl-22"/>
      </object_component>
      <object_component id="oc-26f">
         <name>.debug_line</name>
         <load_address>0x3ba4</load_address>
         <run_address>0x3ba4</run_address>
         <size>0x41</size>
         <input_file_ref idref="fl-24"/>
      </object_component>
      <object_component id="oc-1fe">
         <name>.debug_line</name>
         <load_address>0x3be5</load_address>
         <run_address>0x3be5</run_address>
         <size>0x126</size>
         <input_file_ref idref="fl-24"/>
      </object_component>
      <object_component id="oc-ee">
         <name>.debug_line</name>
         <load_address>0x3d0b</load_address>
         <run_address>0x3d0b</run_address>
         <size>0x92</size>
         <input_file_ref idref="fl-de"/>
      </object_component>
      <object_component id="oc-48">
         <name>.debug_line</name>
         <load_address>0x3d9d</load_address>
         <run_address>0x3d9d</run_address>
         <size>0x56</size>
         <input_file_ref idref="fl-de"/>
      </object_component>
      <object_component id="oc-90">
         <name>.debug_line</name>
         <load_address>0x3df3</load_address>
         <run_address>0x3df3</run_address>
         <size>0x34</size>
         <input_file_ref idref="fl-de"/>
      </object_component>
      <object_component id="oc-eb">
         <name>.debug_line</name>
         <load_address>0x3e27</load_address>
         <run_address>0x3e27</run_address>
         <size>0x92</size>
         <input_file_ref idref="fl-de"/>
      </object_component>
      <object_component id="oc-8b">
         <name>.debug_line</name>
         <load_address>0x3eb9</load_address>
         <run_address>0x3eb9</run_address>
         <size>0x20</size>
         <input_file_ref idref="fl-df"/>
      </object_component>
      <object_component id="oc-1f">
         <name>.debug_line</name>
         <load_address>0x3ed9</load_address>
         <run_address>0x3ed9</run_address>
         <size>0x55</size>
         <input_file_ref idref="fl-df"/>
      </object_component>
      <object_component id="oc-40">
         <name>.debug_line</name>
         <load_address>0x3f2e</load_address>
         <run_address>0x3f2e</run_address>
         <size>0x3a</size>
         <input_file_ref idref="fl-df"/>
      </object_component>
      <object_component id="oc-88">
         <name>.debug_line</name>
         <load_address>0x3f68</load_address>
         <run_address>0x3f68</run_address>
         <size>0x92</size>
         <input_file_ref idref="fl-df"/>
      </object_component>
      <object_component id="oc-e7">
         <name>.debug_line</name>
         <load_address>0x3ffa</load_address>
         <run_address>0x3ffa</run_address>
         <size>0x20</size>
         <input_file_ref idref="fl-e0"/>
      </object_component>
      <object_component id="oc-1c">
         <name>.debug_line</name>
         <load_address>0x401a</load_address>
         <run_address>0x401a</run_address>
         <size>0xa9</size>
         <input_file_ref idref="fl-e0"/>
      </object_component>
      <object_component id="oc-30">
         <name>.debug_line</name>
         <load_address>0x40c3</load_address>
         <run_address>0x40c3</run_address>
         <size>0x3a</size>
         <input_file_ref idref="fl-e0"/>
      </object_component>
      <object_component id="oc-e4">
         <name>.debug_line</name>
         <load_address>0x40fd</load_address>
         <run_address>0x40fd</run_address>
         <size>0x9a</size>
         <input_file_ref idref="fl-e0"/>
      </object_component>
      <object_component id="oc-81">
         <name>.debug_line</name>
         <load_address>0x4197</load_address>
         <run_address>0x4197</run_address>
         <size>0x96</size>
         <input_file_ref idref="fl-e0"/>
      </object_component>
      <object_component id="oc-7d">
         <name>.debug_line</name>
         <load_address>0x422d</load_address>
         <run_address>0x422d</run_address>
         <size>0x33</size>
         <input_file_ref idref="fl-e1"/>
      </object_component>
      <object_component id="oc-59">
         <name>.debug_line</name>
         <load_address>0x4260</load_address>
         <run_address>0x4260</run_address>
         <size>0x45</size>
         <input_file_ref idref="fl-e1"/>
      </object_component>
      <object_component id="oc-38">
         <name>.debug_line</name>
         <load_address>0x42a5</load_address>
         <run_address>0x42a5</run_address>
         <size>0x88</size>
         <input_file_ref idref="fl-e2"/>
      </object_component>
      <object_component id="oc-22a">
         <name>.debug_line</name>
         <load_address>0x432d</load_address>
         <run_address>0x432d</run_address>
         <size>0xbf</size>
         <input_file_ref idref="fl-e4"/>
      </object_component>
      <object_component id="oc-117">
         <name>.debug_line</name>
         <load_address>0x43ec</load_address>
         <run_address>0x43ec</run_address>
         <size>0x6f</size>
         <input_file_ref idref="fl-e4"/>
      </object_component>
      <object_component id="oc-22e">
         <name>.debug_line</name>
         <load_address>0x445b</load_address>
         <run_address>0x445b</run_address>
         <size>0x2e</size>
         <input_file_ref idref="fl-e4"/>
      </object_component>
      <object_component id="oc-265">
         <name>.debug_line</name>
         <load_address>0x4489</load_address>
         <run_address>0x4489</run_address>
         <size>0x9a</size>
         <input_file_ref idref="fl-e4"/>
      </object_component>
      <object_component id="oc-233">
         <name>.debug_line</name>
         <load_address>0x4523</load_address>
         <run_address>0x4523</run_address>
         <size>0x97</size>
         <input_file_ref idref="fl-e4"/>
      </object_component>
      <object_component id="oc-238">
         <name>.debug_line</name>
         <load_address>0x45ba</load_address>
         <run_address>0x45ba</run_address>
         <size>0x93</size>
         <input_file_ref idref="fl-e4"/>
      </object_component>
      <object_component id="oc-9e">
         <name>.debug_line</name>
         <load_address>0x464d</load_address>
         <run_address>0x464d</run_address>
         <size>0x40</size>
         <input_file_ref idref="fl-e5"/>
      </object_component>
      <object_component id="oc-108">
         <name>.debug_line</name>
         <load_address>0x468d</load_address>
         <run_address>0x468d</run_address>
         <size>0x3c</size>
         <input_file_ref idref="fl-e7"/>
      </object_component>
      <object_component id="oc-78">
         <name>.debug_frame</name>
         <load_address>0x0</load_address>
         <run_address>0x0</run_address>
         <size>0xa0</size>
         <input_file_ref idref="fl-2"/>
      </object_component>
      <object_component id="oc-101">
         <name>.debug_frame</name>
         <load_address>0xa0</load_address>
         <run_address>0xa0</run_address>
         <size>0xb8</size>
         <input_file_ref idref="fl-3"/>
      </object_component>
      <object_component id="oc-fc">
         <name>.debug_frame</name>
         <load_address>0x158</load_address>
         <run_address>0x158</run_address>
         <size>0x8c</size>
         <input_file_ref idref="fl-4"/>
      </object_component>
      <object_component id="oc-f2">
         <name>.debug_frame</name>
         <load_address>0x1e4</load_address>
         <run_address>0x1e4</run_address>
         <size>0x54</size>
         <input_file_ref idref="fl-5"/>
      </object_component>
      <object_component id="oc-19a">
         <name>.debug_frame</name>
         <load_address>0x238</load_address>
         <run_address>0x238</run_address>
         <size>0xb4</size>
         <input_file_ref idref="fl-6"/>
      </object_component>
      <object_component id="oc-a3">
         <name>.debug_frame</name>
         <load_address>0x2ec</load_address>
         <run_address>0x2ec</run_address>
         <size>0xa0</size>
         <input_file_ref idref="fl-7"/>
      </object_component>
      <object_component id="oc-72">
         <name>.debug_frame</name>
         <load_address>0x38c</load_address>
         <run_address>0x38c</run_address>
         <size>0x88</size>
         <input_file_ref idref="fl-8"/>
      </object_component>
      <object_component id="oc-155">
         <name>.debug_frame</name>
         <load_address>0x414</load_address>
         <run_address>0x414</run_address>
         <size>0xbc</size>
         <input_file_ref idref="fl-c"/>
      </object_component>
      <object_component id="oc-1b7">
         <name>.debug_frame</name>
         <load_address>0x4d0</load_address>
         <run_address>0x4d0</run_address>
         <size>0x3dc</size>
         <input_file_ref idref="fl-e"/>
      </object_component>
      <object_component id="oc-1b0">
         <name>.debug_frame</name>
         <load_address>0x8ac</load_address>
         <run_address>0x8ac</run_address>
         <size>0x430</size>
         <input_file_ref idref="fl-10"/>
      </object_component>
      <object_component id="oc-d4">
         <name>.debug_frame</name>
         <load_address>0xcdc</load_address>
         <run_address>0xcdc</run_address>
         <size>0x22c</size>
         <input_file_ref idref="fl-12"/>
      </object_component>
      <object_component id="oc-c1">
         <name>.debug_frame</name>
         <load_address>0xf08</load_address>
         <run_address>0xf08</run_address>
         <size>0x210</size>
         <input_file_ref idref="fl-14"/>
      </object_component>
      <object_component id="oc-1a7">
         <name>.debug_frame</name>
         <load_address>0x1118</load_address>
         <run_address>0x1118</run_address>
         <size>0x348</size>
         <input_file_ref idref="fl-16"/>
      </object_component>
      <object_component id="oc-208">
         <name>.debug_frame</name>
         <load_address>0x1460</load_address>
         <run_address>0x1460</run_address>
         <size>0x23c</size>
         <input_file_ref idref="fl-1b"/>
      </object_component>
      <object_component id="oc-6c">
         <name>.debug_frame</name>
         <load_address>0x169c</load_address>
         <run_address>0x169c</run_address>
         <size>0x6c</size>
         <input_file_ref idref="fl-1d"/>
      </object_component>
      <object_component id="oc-20c">
         <name>.debug_frame</name>
         <load_address>0x1708</load_address>
         <run_address>0x1708</run_address>
         <size>0x1d8</size>
         <input_file_ref idref="fl-1e"/>
      </object_component>
      <object_component id="oc-b6">
         <name>.debug_frame</name>
         <load_address>0x18e0</load_address>
         <run_address>0x18e0</run_address>
         <size>0x70</size>
         <input_file_ref idref="fl-1f"/>
      </object_component>
      <object_component id="oc-ba">
         <name>.debug_frame</name>
         <load_address>0x1950</load_address>
         <run_address>0x1950</run_address>
         <size>0x31c</size>
         <input_file_ref idref="fl-22"/>
      </object_component>
      <object_component id="oc-202">
         <name>.debug_frame</name>
         <load_address>0x1c6c</load_address>
         <run_address>0x1c6c</run_address>
         <size>0x118</size>
         <input_file_ref idref="fl-24"/>
      </object_component>
      <object_component id="oc-44">
         <name>.debug_frame</name>
         <load_address>0x1d84</load_address>
         <run_address>0x1d84</run_address>
         <size>0x54</size>
         <input_file_ref idref="fl-de"/>
      </object_component>
      <object_component id="oc-22">
         <name>.debug_frame</name>
         <load_address>0x1dd8</load_address>
         <run_address>0x1dd8</run_address>
         <size>0x54</size>
         <input_file_ref idref="fl-df"/>
      </object_component>
      <object_component id="oc-18">
         <name>.debug_frame</name>
         <load_address>0x1e2c</load_address>
         <run_address>0x1e2c</run_address>
         <size>0x60</size>
         <input_file_ref idref="fl-e0"/>
      </object_component>
      <object_component id="oc-5a">
         <name>.debug_frame</name>
         <load_address>0x1e8c</load_address>
         <run_address>0x1e8c</run_address>
         <size>0x50</size>
         <input_file_ref idref="fl-e1"/>
      </object_component>
      <object_component id="oc-118">
         <name>.debug_frame</name>
         <load_address>0x1edc</load_address>
         <run_address>0x1edc</run_address>
         <size>0x5c</size>
         <input_file_ref idref="fl-e4"/>
      </object_component>
      <object_component id="oc-9a">
         <name>.debug_frame</name>
         <load_address>0x1f38</load_address>
         <run_address>0x1f38</run_address>
         <size>0x54</size>
         <input_file_ref idref="fl-e5"/>
      </object_component>
      <object_component id="oc-10c">
         <name>.debug_frame</name>
         <load_address>0x1f8c</load_address>
         <run_address>0x1f8c</run_address>
         <size>0x54</size>
         <input_file_ref idref="fl-e7"/>
      </object_component>
      <object_component id="oc-192">
         <name>.debug_abbrev</name>
         <load_address>0x0</load_address>
         <run_address>0x0</run_address>
         <size>0xce</size>
         <input_file_ref idref="fl-2"/>
      </object_component>
      <object_component id="oc-d9">
         <name>.debug_abbrev</name>
         <load_address>0xce</load_address>
         <run_address>0xce</run_address>
         <size>0xb8</size>
         <input_file_ref idref="fl-2"/>
      </object_component>
      <object_component id="oc-de">
         <name>.debug_abbrev</name>
         <load_address>0x186</load_address>
         <run_address>0x186</run_address>
         <size>0x69</size>
         <input_file_ref idref="fl-2"/>
      </object_component>
      <object_component id="oc-17b">
         <name>.debug_abbrev</name>
         <load_address>0x1ef</load_address>
         <run_address>0x1ef</run_address>
         <size>0x97</size>
         <input_file_ref idref="fl-2"/>
      </object_component>
      <object_component id="oc-176">
         <name>.debug_abbrev</name>
         <load_address>0x286</load_address>
         <run_address>0x286</run_address>
         <size>0xbd</size>
         <input_file_ref idref="fl-2"/>
      </object_component>
      <object_component id="oc-258">
         <name>.debug_abbrev</name>
         <load_address>0x343</load_address>
         <run_address>0x343</run_address>
         <size>0x49</size>
         <input_file_ref idref="fl-2"/>
      </object_component>
      <object_component id="oc-24b">
         <name>.debug_abbrev</name>
         <load_address>0x38c</load_address>
         <run_address>0x38c</run_address>
         <size>0x4b</size>
         <input_file_ref idref="fl-2"/>
      </object_component>
      <object_component id="oc-180">
         <name>.debug_abbrev</name>
         <load_address>0x3d7</load_address>
         <run_address>0x3d7</run_address>
         <size>0x4b</size>
         <input_file_ref idref="fl-2"/>
      </object_component>
      <object_component id="oc-34">
         <name>.debug_abbrev</name>
         <load_address>0x422</load_address>
         <run_address>0x422</run_address>
         <size>0x1f</size>
         <input_file_ref idref="fl-2"/>
      </object_component>
      <object_component id="oc-187">
         <name>.debug_abbrev</name>
         <load_address>0x441</load_address>
         <run_address>0x441</run_address>
         <size>0x5c</size>
         <input_file_ref idref="fl-2"/>
      </object_component>
      <object_component id="oc-14c">
         <name>.debug_abbrev</name>
         <load_address>0x49d</load_address>
         <run_address>0x49d</run_address>
         <size>0x24</size>
         <input_file_ref idref="fl-2"/>
      </object_component>
      <object_component id="oc-cd">
         <name>.debug_abbrev</name>
         <load_address>0x4c1</load_address>
         <run_address>0x4c1</run_address>
         <size>0x24</size>
         <input_file_ref idref="fl-2"/>
      </object_component>
      <object_component id="oc-1b8">
         <name>.debug_abbrev</name>
         <load_address>0x4e5</load_address>
         <run_address>0x4e5</run_address>
         <size>0x7a</size>
         <input_file_ref idref="fl-3"/>
      </object_component>
      <object_component id="oc-16e">
         <name>.debug_abbrev</name>
         <load_address>0x55f</load_address>
         <run_address>0x55f</run_address>
         <size>0x1f</size>
         <input_file_ref idref="fl-3"/>
      </object_component>
      <object_component id="oc-1fb">
         <name>.debug_abbrev</name>
         <load_address>0x57e</load_address>
         <run_address>0x57e</run_address>
         <size>0xba</size>
         <input_file_ref idref="fl-4"/>
      </object_component>
      <object_component id="oc-1a0">
         <name>.debug_abbrev</name>
         <load_address>0x638</load_address>
         <run_address>0x638</run_address>
         <size>0xa9</size>
         <input_file_ref idref="fl-4"/>
      </object_component>
      <object_component id="oc-1a3">
         <name>.debug_abbrev</name>
         <load_address>0x6e1</load_address>
         <run_address>0x6e1</run_address>
         <size>0x67</size>
         <input_file_ref idref="fl-4"/>
      </object_component>
      <object_component id="oc-194">
         <name>.debug_abbrev</name>
         <load_address>0x748</load_address>
         <run_address>0x748</run_address>
         <size>0x50</size>
         <input_file_ref idref="fl-5"/>
      </object_component>
      <object_component id="oc-23e">
         <name>.debug_abbrev</name>
         <load_address>0x798</load_address>
         <run_address>0x798</run_address>
         <size>0xc5</size>
         <input_file_ref idref="fl-6"/>
      </object_component>
      <object_component id="oc-23c">
         <name>.debug_abbrev</name>
         <load_address>0x85d</load_address>
         <run_address>0x85d</run_address>
         <size>0x27</size>
         <input_file_ref idref="fl-6"/>
      </object_component>
      <object_component id="oc-1f9">
         <name>.debug_abbrev</name>
         <load_address>0x884</load_address>
         <run_address>0x884</run_address>
         <size>0xa9</size>
         <input_file_ref idref="fl-6"/>
      </object_component>
      <object_component id="oc-242">
         <name>.debug_abbrev</name>
         <load_address>0x92d</load_address>
         <run_address>0x92d</run_address>
         <size>0xbd</size>
         <input_file_ref idref="fl-6"/>
      </object_component>
      <object_component id="oc-1b9">
         <name>.debug_abbrev</name>
         <load_address>0x9ea</load_address>
         <run_address>0x9ea</run_address>
         <size>0x115</size>
         <input_file_ref idref="fl-7"/>
      </object_component>
      <object_component id="oc-106">
         <name>.debug_abbrev</name>
         <load_address>0xaff</load_address>
         <run_address>0xaff</run_address>
         <size>0x9b</size>
         <input_file_ref idref="fl-7"/>
      </object_component>
      <object_component id="oc-172">
         <name>.debug_abbrev</name>
         <load_address>0xb9a</load_address>
         <run_address>0xb9a</run_address>
         <size>0xbb</size>
         <input_file_ref idref="fl-8"/>
[...]
         <name>RTC_C_registerInterrupt</name>
         <value>0x37a7</value>
         <object_component_ref idref="oc-203"/>
      </symbol>
      <symbol id="sm-65f">
         <name>RTC_C_setCalibrationFrequency</name>
         <value>0x32f1</value>
         <object_component_ref idref="oc-203"/>
      </symbol>
      <symbol id="sm-660">
         <name>RTC_C_setCalendarEvent</name>
         <value>0x3487</value>
         <object_component_ref idref="oc-203"/>
      </symbol>
      <symbol id="sm-661">
         <name>RTC_C_definePrescaleEvent</name>
         <value>0x34b7</value>
         <object_component_ref idref="oc-203"/>
      </symbol>
      <symbol id="sm-662">
         <name>RTC_C_holdClock</name>
         <value>0x32d3</value>
         <object_component_ref idref="oc-203"/>
      </symbol>
      <symbol id="sm-663">
         <name>RTC_C_getEnabledInterruptStatus</name>
         <value>0x36dd</value>
         <object_component_ref idref="oc-203"/>
      </symbol>
      <symbol id="sm-664">
         <name>RTC_C_disableInterrupt</name>
         <value>0x360d</value>
         <object_component_ref idref="oc-203"/>
      </symbol>
      <symbol id="sm-665">
         <name>RTC_C_enableInterrupt</name>
         <value>0x35a9</value>
         <object_component_ref idref="oc-203"/>
      </symbol>
      <symbol id="sm-666">
         <name>RTC_C_convertBinaryToBCD</name>
         <value>0x358b</value>
         <object_component_ref idref="oc-203"/>
      </symbol>
      <symbol id="sm-667">
         <name>RTC_C_clearInterruptFlag</name>
         <value>0x3761</value>
         <object_component_ref idref="oc-203"/>
      </symbol>
      <symbol id="sm-67d">
         <name>Reset_Handler</name>
         <value>0x518f</value>
         <object_component_ref idref="oc-67"/>
      </symbol>
      <symbol id="sm-67e">
         <name>Default_Handler</name>
         <value>0x519b</value>
         <object_component_ref idref="oc-67"/>
      </symbol>
      <symbol id="sm-67f">
         <name>interruptVectors</name>
         <value>0x0</value>
         <object_component_ref idref="oc-26"/>
      </symbol>
      <symbol id="sm-6c2">
         <name>SysCtl_disableSRAMBankRetention</name>
         <value>0x4ad9</value>
         <object_component_ref idref="oc-20b"/>
      </symbol>
      <symbol id="sm-6c3">
         <name>SysCtl_getTempCalibrationConstant</name>
         <value>0x4b87</value>
         <object_component_ref idref="oc-20b"/>
      </symbol>
      <symbol id="sm-6c4">
         <name>SysCtl_enablePeripheralAtCPUHalt</name>
         <value>0x4aff</value>
         <object_component_ref idref="oc-20b"/>
      </symbol>
      <symbol id="sm-6c5">
         <name>SysCtl_getSRAMSize</name>
         <value>0x49fb</value>
         <object_component_ref idref="oc-20b"/>
      </symbol>
      <symbol id="sm-6c6">
         <name>SysCtl_enableSRAMBank</name>
         <value>0x4a39</value>
         <object_component_ref idref="oc-20b"/>
      </symbol>
      <symbol id="sm-6c7">
         <name>SysCtl_disablePeripheralAtCPUHalt</name>
         <value>0x4b13</value>
         <object_component_ref idref="oc-20b"/>
      </symbol>
      <symbol id="sm-6c8">
         <name>SysCtl_setWDTTimeoutResetType</name>
         <value>0x4b27</value>
         <object_component_ref idref="oc-20b"/>
      </symbol>
      <symbol id="sm-6c9">
         <name>SysCtl_getNMISourceStatus</name>
         <value>0x4a2f</value>
         <object_component_ref idref="oc-20b"/>
      </symbol>
      <symbol id="sm-6ca">
         <name>SysCtl_enableNMISource</name>
         <value>0x4a1b</value>
         <object_component_ref idref="oc-20b"/>
      </symbol>
      <symbol id="sm-6cb">
         <name>SysCtl_disableSRAMBank</name>
         <value>0x4a55</value>
         <object_component_ref idref="oc-20b"/>
      </symbol>
      <symbol id="sm-6cc">
         <name>SysCtl_disableGlitchFilter</name>
         <value>0x4b7b</value>
         <object_component_ref idref="oc-20b"/>
      </symbol>
      <symbol id="sm-6cd">
         <name>SysCtl_disableNMISource</name>
         <value>0x4a07</value>
         <object_component_ref idref="oc-20b"/>
      </symbol>
      <symbol id="sm-6ce">
         <name>SysCtl_setWDTPasswordViolationResetType</name>
         <value>0x4b4b</value>
         <object_component_ref idref="oc-20b"/>
      </symbol>
      <symbol id="sm-6cf">
         <name>SysCtl_rebootDevice</name>
         <value>0x4af5</value>
         <object_component_ref idref="oc-20b"/>
      </symbol>
      <symbol id="sm-6d0">
         <name>SysCtl_getFlashSize</name>
         <value>0x4a01</value>
         <object_component_ref idref="oc-20b"/>
      </symbol>
      <symbol id="sm-6d1">
         <name>SysCtl_getTLVInfo</name>
         <value>0x4985</value>
         <object_component_ref idref="oc-20b"/>
      </symbol>
      <symbol id="sm-6d2">
         <name>SysCtl_enableGlitchFilter</name>
         <value>0x4b6f</value>
         <object_component_ref idref="oc-20b"/>
      </symbol>
      <symbol id="sm-6d3">
         <name>SysCtl_enableSRAMBankRetention</name>
         <value>0x4abd</value>
         <object_component_ref idref="oc-20b"/>
      </symbol>
      <symbol id="sm-71b">
         <name>SystemInit</name>
         <value>0x4649</value>
         <object_component_ref idref="oc-b1"/>
      </symbol>
      <symbol id="sm-71c">
         <name>SystemCoreClockUpdate</name>
         <value>0x43d1</value>
         <object_component_ref idref="oc-b1"/>
      </symbol>
      <symbol id="sm-71d">
         <name>SystemCoreClock</name>
         <value>0x20000140</value>
         <object_component_ref idref="oc-145"/>
      </symbol>
      <symbol id="sm-78d">
         <name>Timer_A_setOutputForOutputModeOutBitValue</name>
         <value>0x2ee3</value>
         <object_component_ref idref="oc-b8"/>
      </symbol>
      <symbol id="sm-78e">
         <name>Timer_A_getOutputForOutputModeOutBitValue</name>
         <value>0x2e93</value>
         <object_component_ref idref="oc-b8"/>
      </symbol>
      <symbol id="sm-78f">
         <name>Timer_A_enableCaptureCompareInterrupt</name>
         <value>0x3049</value>
         <object_component_ref idref="oc-b8"/>
      </symbol>
      <symbol id="sm-790">
         <name>Timer_A_getCounterValue</name>
         <value>0x2e03</value>
         <object_component_ref idref="oc-b8"/>
      </symbol>
      <symbol id="sm-791">
         <name>Timer_A_setCompareValue</name>
         <value>0x2fa5</value>
         <object_component_ref idref="oc-b8"/>
      </symbol>
      <symbol id="sm-792">
         <name>Timer_A_clearCaptureCompareInterrupt</name>
         <value>0x2fe7</value>
         <object_component_ref idref="oc-b8"/>
      </symbol>
      <symbol id="sm-793">
         <name>Timer_A_registerInterrupt</name>
         <value>0x3119</value>
         <object_component_ref idref="oc-b8"/>
      </symbol>
      <symbol id="sm-794">
         <name>Timer_A_initCompare</name>
         <value>0x2db5</value>
         <object_component_ref idref="oc-b8"/>
      </symbol>
      <symbol id="sm-795">
         <name>Timer_A_generatePWM</name>
         <value>0x2f1b</value>
         <object_component_ref idref="oc-b8"/>
      </symbol>
      <symbol id="sm-796">
         <name>Timer_A_startCounter</name>
         <value>0x2c61</value>
         <object_component_ref idref="oc-b8"/>
      </symbol>
      <symbol id="sm-797">
         <name>Timer_A_initCapture</name>
         <value>0x2d63</value>
         <object_component_ref idref="oc-b8"/>
      </symbol>
      <symbol id="sm-798">
         <name>Timer_A_getCaptureCompareCount</name>
         <value>0x2ec1</value>
         <object_component_ref idref="oc-b8"/>
      </symbol>
      <symbol id="sm-799">
         <name>Timer_A_disableCaptureCompareInterrupt</name>
         <value>0x3075</value>
         <object_component_ref idref="oc-b8"/>
      </symbol>
      <symbol id="sm-79a">
         <name>Timer_A_stopTimer</name>
         <value>0x2f91</value>
         <object_component_ref idref="oc-b8"/>
      </symbol>
      <symbol id="sm-79b">
         <name>Timer_A_getCaptureCompareInterruptStatus</name>
         <value>0x309d</value>
         <object_component_ref idref="oc-b8"/>
      </symbol>
      <symbol id="sm-79c">
         <name>Timer_A_clearTimer</name>
         <value>0x2e4f</value>
         <object_component_ref idref="oc-b8"/>
      </symbol>
      <symbol id="sm-79d">
         <name>Timer_A_clearInterruptFlag</name>
         <value>0x2fd1</value>
         <object_component_ref idref="oc-b8"/>
      </symbol>
      <symbol id="sm-79e">
         <name>Timer_A_configureUpDownMode</name>
         <value>0x2d05</value>
         <object_component_ref idref="oc-b8"/>
      </symbol>
      <symbol id="sm-79f">
         <name>Timer_A_getSynchronizedCaptureCompareInput</name>
         <value>0x2e63</value>
         <object_component_ref idref="oc-b8"/>
      </symbol>
      <symbol id="sm-7a0">
         <name>Timer_A_configureUpMode</name>
         <value>0x2ca7</value>
         <object_component_ref idref="oc-b8"/>
      </symbol>
      <symbol id="sm-7a1">
         <name>Timer_A_getEnabledInterruptStatus</name>
         <value>0x30c5</value>
         <object_component_ref idref="oc-b8"/>
      </symbol>
      <symbol id="sm-7a2">
         <name>Timer_A_disableInterrupt</name>
         <value>0x3023</value>
         <object_component_ref idref="oc-b8"/>
      </symbol>
      <symbol id="sm-7a3">
         <name>Timer_A_configureContinuousMode</name>
         <value>0x2c77</value>
         <object_component_ref idref="oc-b8"/>
      </symbol>
      <symbol id="sm-7a4">
         <name>Timer_A_getCaptureCompareEnabledInterruptStatus</name>
         <value>0x30dd</value>
         <object_component_ref idref="oc-b8"/>
      </symbol>
      <symbol id="sm-7a5">
         <name>Timer_A_getInterruptStatus</name>
         <value>0x3037</value>
         <object_component_ref idref="oc-b8"/>
      </symbol>
      <symbol id="sm-7a6">
         <name>Timer_A_enableInterrupt</name>
         <value>0x300f</value>
         <object_component_ref idref="oc-b8"/>
      </symbol>
      <symbol id="sm-7a7">
         <name>Timer_A_unregisterInterrupt</name>
         <value>0x31eb</value>
         <object_component_ref idref="oc-b8"/>
      </symbol>
      <symbol id="sm-7bf">
         <name>WDT_A_setTimeoutReset</name>
         <value>0x4d59</value>
         <object_component_ref idref="oc-1fd"/>
      </symbol>
      <symbol id="sm-7c0">
         <name>WDT_A_registerInterrupt</name>
         <value>0x4d65</value>
         <object_component_ref idref="oc-1fd"/>
      </symbol>
      <symbol id="sm-7c1">
         <name>WDT_A_setPasswordViolationReset</name>
         <value>0x4d4d</value>
         <object_component_ref idref="oc-1fd"/>
      </symbol>
      <symbol id="sm-7c2">
         <name>WDT_A_initIntervalTimer</name>
         <value>0x4d31</value>
         <object_component_ref idref="oc-1fd"/>
      </symbol>
      <symbol id="sm-7c3">
         <name>WDT_A_clearTimer</name>
         <value>0x4cf5</value>
         <object_component_ref idref="oc-1fd"/>
      </symbol>
      <symbol id="sm-7c4">
         <name>WDT_A_holdTimer</name>
         <value>0x4cb5</value>
         <object_component_ref idref="oc-1fd"/>
      </symbol>
      <symbol id="sm-7c5">
         <name>WDT_A_initWatchdogTimer</name>
         <value>0x4d15</value>
         <object_component_ref idref="oc-1fd"/>
      </symbol>
      <symbol id="sm-7c6">
         <name>WDT_A_startTimer</name>
         <value>0x4cd5</value>
         <object_component_ref idref="oc-1fd"/>
      </symbol>
      <symbol id="sm-7c7">
         <name>WDT_A_unregisterInterrupt</name>
         <value>0x4d79</value>
         <object_component_ref idref="oc-1fd"/>
      </symbol>
      <symbol id="sm-7e0">
         <name>__TI_zero_init_nomemset</name>
         <value>0x5165</value>
         <object_component_ref idref="oc-43"/>
      </symbol>
      <symbol id="sm-7f7">
         <name>__TI_decompress_none</name>
         <value>0x5181</value>
         <object_component_ref idref="oc-1d"/>
      </symbol>
      <symbol id="sm-81a">
         <name>__TI_decompress_lzss</name>
         <value>0x4f89</value>
         <object_component_ref idref="oc-17"/>
      </symbol>
      <symbol id="sm-82d">
         <name>__stack</name>
         <value>0x2000fe00</value>
         <object_component_ref idref="oc-29"/>
      </symbol>
      <symbol id="sm-82e">
         <name>_c_int00_noargs</name>
         <value>0x5131</value>
         <object_component_ref idref="oc-55"/>
      </symbol>
      <symbol id="sm-849">
         <name>memcpy</name>
         <value>0x4eed</value>
         <object_component_ref idref="oc-37"/>
      </symbol>
      <symbol id="sm-84a">
         <name>__aeabi_memcpy</name>
         <value>0x4eed</value>
         <object_component_ref idref="oc-37"/>
      </symbol>
      <symbol id="sm-84b">
         <name>__aeabi_memcpy8</name>
         <value>0x4eed</value>
         <object_component_ref idref="oc-37"/>
      </symbol>
      <symbol id="sm-84c">
         <name>__aeabi_memcpy4</name>
         <value>0x4eed</value>
         <object_component_ref idref="oc-37"/>
      </symbol>
      <symbol id="sm-875">
         <name>__TI_auto_init_nobinit_nopinit</name>
         <value>0x50ad</value>
         <object_component_ref idref="oc-113"/>
      </symbol>
      <symbol id="sm-87f">
         <name>_system_pre_init</name>
         <value>0x519d</value>
         <object_component_ref idref="oc-99"/>
      </symbol>
      <symbol id="sm-88b">
         <name>C$$EXIT</name>
         <value>0x51a1</value>
         <object_component_ref idref="oc-107"/>
      </symbol>
      <symbol id="sm-88c">
         <name>abort</name>
         <value>0x51a1</value>
         <object_component_ref idref="oc-107"/>
      </symbol>
      <symbol id="sm-88f">
         <name>__TI_static_base__</name>
         <value>0x0</value>
      </symbol>
      <symbol id="sm-892">
         <name>__mpu_init</name>
         <value>0x0</value>
      </symbol>
      <symbol id="sm-893">
         <name>_system_post_cinit</name>
         <value>0x0</value>
      </symbol>
      <symbol id="sm-894">
         <name>NMI_Handler</name>
         <value>0x519b</value>
      </symbol>
      <symbol id="sm-895">
         <name>HardFault_Handler</name>
         <value>0x519b</value>
      </symbol>
      <symbol id="sm-896">
         <name>MemManage_Handler</name>
         <value>0x519b</value>
      </symbol>
      <symbol id="sm-897">
         <name>BusFault_Handler</name>
         <value>0x519b</value>
      </symbol>
      <symbol id="sm-898">
         <name>UsageFault_Handler</name>
         <value>0x519b</value>
      </symbol>
      <symbol id="sm-899">
         <name>SVC_Handler</name>
         <value>0x519b</value>
      </symbol>
      <symbol id="sm-89a">
         <name>DebugMon_Handler</name>
         <value>0x519b</value>
      </symbol>
      <symbol id="sm-89b">
         <name>PendSV_Handler</name>
         <value>0x519b</value>
      </symbol>
      <symbol id="sm-89c">
         <name>SysTick_Handler</name>
         <value>0x519b</value>
      </symbol>
      <symbol id="sm-89d">
         <name>PSS_IRQHandler</name>
         <value>0x519b</value>
      </symbol>
      <symbol id="sm-89e">
         <name>CS_IRQHandler</name>
         <value>0x519b</value>
      </symbol>
      <symbol id="sm-89f">
         <name>PCM_IRQHandler</name>
         <value>0x519b</value>
      </symbol>
      <symbol id="sm-8a0">
         <name>WDT_A_IRQHandler</name>
         <value>0x519b</value>
      </symbol>
      <symbol id="sm-8a1">
         <name>FPU_IRQHandler</name>
         <value>0x519b</value>
      </symbol>
      <symbol id="sm-8a2">
         <name>FLCTL_IRQHandler</name>
         <value>0x519b</value>
      </symbol>
      <symbol id="sm-8a3">
         <name>COMP_E0_IRQHandler</name>
         <value>0x519b</value>
      </symbol>
      <symbol id="sm-8a4">
         <name>COMP_E1_IRQHandler</name>
         <value>0x519b</value>
      </symbol>
      <symbol id="sm-8a5">
         <name>TA0_0_IRQHandler</name>
         <value>0x519b</value>
      </symbol>
      <symbol id="sm-8a6">
         <name>TA0_N_IRQHandler</name>
         <value>0x519b</value>
      </symbol>
      <symbol id="sm-8a7">
         <name>TA1_0_IRQHandler</name>
         <value>0x502d</value>
      </symbol>
      <symbol id="sm-8a8">
         <name>TA1_N_IRQHandler</name>
         <value>0x519b</value>
      </symbol>
      <symbol id="sm-8a9">
         <name>TA2_0_IRQHandler</name>
         <value>0x519b</value>
      </symbol>
      <symbol id="sm-8aa">
         <name>TA2_N_IRQHandler</name>
         <value>0x519b</value>
      </symbol>
      <symbol id="sm-8ab">
         <name>TA3_0_IRQHandler</name>
         <value>0x519b</value>
      </symbol>
      <symbol id="sm-8ac">
         <name>TA3_N_IRQHandler</name>
         <value>0x519b</value>
      </symbol>
      <symbol id="sm-8ad">
         <name>EUSCIA0_IRQHandler</name>
         <value>0x519b</value>
      </symbol>
      <symbol id="sm-8ae">
         <name>EUSCIA1_IRQHandler</name>
         <value>0x519b</value>
      </symbol>
      <symbol id="sm-8af">
         <name>EUSCIA2_IRQHandler</name>
         <value>0x519b</value>
      </symbol>
      <symbol id="sm-8b0">
         <name>EUSCIA3_IRQHandler</name>
         <value>0x519b</value>
      </symbol>
      <symbol id="sm-8b1">
         <name>EUSCIB0_IRQHandler</name>
         <value>0x519b</value>
      </symbol>
      <symbol id="sm-8b2">
         <name>EUSCIB1_IRQHandler</name>
         <value>0x519b</value>
      </symbol>
      <symbol id="sm-8b3">
         <name>EUSCIB2_IRQHandler</name>
         <value>0x519b</value>
      </symbol>
      <symbol id="sm-8b4">
         <name>EUSCIB3_IRQHandler</name>
         <value>0x519b</value>
      </symbol>
      <symbol id="sm-8b5">
         <name>ADC14_IRQHandler</name>
         <value>0x519b</value>
      </symbol>
      <symbol id="sm-8b6">
         <name>T32_INT1_IRQHandler</name>
         <value>0x519b</value>
      </symbol>
      <symbol id="sm-8b7">
         <name>T32_INT2_IRQHandler</name>
         <value>0x519b</value>
      </symbol>
      <symbol id="sm-8b8">
         <name>T32_INTC_IRQHandler</name>
         <value>0x519b</value>
      </symbol>
      <symbol id="sm-8b9">
         <name>AES256_IRQHandler</name>
         <value>0x519b</value>
      </symbol>
      <symbol id="sm-8ba">
         <name>RTC_C_IRQHandler</name>
         <value>0x519b</value>
      </symbol>
      <symbol id="sm-8bb">
         <name>DMA_ERR_IRQHandler</name>
         <value>0x519b</value>
      </symbol>
      <symbol id="sm-8bc">
         <name>DMA_INT3_IRQHandler</name>
         <value>0x519b</value>
      </symbol>
      <symbol id="sm-8bd">
         <name>DMA_INT2_IRQHandler</name>
         <value>0x519b</value>
      </symbol>
      <symbol id="sm-8be">
         <name>DMA_INT1_IRQHandler</name>
         <value>0x519b</value>
      </symbol>
      <symbol id="sm-8bf">
         <name>DMA_INT0_IRQHandler</name>
         <value>0x519b</value>
      </symbol>
      <symbol id="sm-8c0">
         <name>PORT1_IRQHandler</name>
         <value>0x519b</value>
      </symbol>
      <symbol id="sm-8c1">
         <name>PORT2_IRQHandler</name>
         <value>0x519b</value>
      </symbol>
      <symbol id="sm-8c2">
         <name>PORT3_IRQHandler</name>
         <value>0x519b</value>
      </symbol>
      <symbol id="sm-8c3">
         <name>PORT4_IRQHandler</name>
         <value>0x4c8f</value>
      </symbol>
      <symbol id="sm-8c4">
         <name>PORT5_IRQHandler</name>
         <value>0x519b</value>
      </symbol>
      <symbol id="sm-8c5">
         <name>PORT6_IRQHandler</name>
         <value>0x519b</value>
      </symbol>
   </symbol_table>
   <title>Link successful</title>
</link_info>
